 PhysX3CookingDEBUG_x86

 Timestamp is 56983427 (Thu Jan 14 23:49:59 2016)

 Preferred load address is 10000000

 Start         Length     Name                   Class
 0001:00000000 00007efdH .text                   CODE
 0001:00007f00 000016e5H .text$di                CODE
 0001:000095f0 000c279dH .text$mn                CODE
 0001:000cbd90 000010a6H .text$x                 CODE
 0002:00000000 00000104H .CRT$XCA                DATA
 0002:00000104 00000156H .CRT$XCU                DATA
 0002:0000025c 00000104H .CRT$XCZ                DATA
 0002:00000360 00000104H .CRT$XIA                DATA
 0002:00000464 0000010eH .CRT$XIC                DATA
 0002:00000574 00000104H .CRT$XIZ                DATA
 0002:00000678 00000104H .CRT$XPA                DATA
 0002:0000077c 00000109H .CRT$XPX                DATA
 0002:00000888 00000104H .CRT$XPXA               DATA
 0002:0000098c 00000104H .CRT$XPZ                DATA
 0002:00000a90 00000104H .CRT$XTA                DATA
 0002:00000b94 00000104H .CRT$XTZ                DATA
 0002:00000ca0 00028cf4H .rdata                  DATA
 0002:00029994 00000504H .rdata$r                DATA
 0002:00029ea0 00000126H .rdata$sxdata           DATA
 0002:00029fc8 00000113H .rdata$zETW0            DATA
 0002:0002a0db 0000018eH .rdata$zETW1            DATA
 0002:0002a269 00000134H .rdata$zETW2            DATA
 0002:0002a39d 00000101H .rdata$zETW9            DATA
 0002:0002a4a0 00000194H .rdata$zzzdbg           DATA
 0002:0002a634 00000104H .rtc$IAA                DATA
 0002:0002a738 00000148H .rtc$IMZ                DATA
 0002:0002a880 00000104H .rtc$IZZ                DATA
 0002:0002a984 00000104H .rtc$TAA                DATA
 0002:0002aa88 00000148H .rtc$TMZ                DATA
 0002:0002abd0 00000104H .rtc$TZZ                DATA
 0002:0002acd8 00000e9aH .xdata$x                DATA
 0002:0002bb80 000001a0H .edata                  DATA
 0003:00000000 00000b56H .data                   DATA
 0003:00000b58 000004f7H .data$r                 DATA
 0003:00001050 000015e8H .bss                    DATA
 0004:00000000 000001f8H .idata$5                DATA
 0004:000001f8 00000028H .idata$2                DATA
 0004:00000220 00000014H .idata$3                DATA
 0004:00000234 000001f8H .idata$4                DATA
 0004:0000042c 0000083eH .idata$6                DATA
 0005:00000000 00000020H .didat$2                DATA
 0005:00000020 00000020H .didat$3                DATA
 0005:00000040 00000234H .didat$4                DATA
 0005:00000274 00000234H .didat$5                DATA
 0005:000004a8 000018aaH .didat$6                DATA
 0005:00001d54 000002e4H .didat$7                DATA
 0006:00000000 000001fdH .gfids$x                DATA
 0006:00000200 0000020bH .gfids$y                DATA
 0007:00000000 00000104H .00cfg                  DATA
 0008:00000000 000001c0H .rsrc$01                DATA
 0008:000001c0 000006a9H .rsrc$02                DATA

  Address         Publics by Value              Rva+Base       Lib:Object

 0000:00000000       ___guard_fids_count        00000000     <absolute>
 0000:00000000       ___guard_iat_table         00000000     <absolute>
 0000:00000000       ___guard_longjmp_count     00000000     <absolute>
 0000:00000000       ___guard_longjmp_table     00000000     <absolute>
 0000:00000000       ___guard_iat_count         00000000     <absolute>
 0000:00000000       __except_list              00000000     <absolute>
 0000:00000000       ___guard_fids_table        00000000     <absolute>
 0000:00000008       ___safe_se_handler_count   00000008     <absolute>
 0000:00000100       ___guard_flags             00000100     <absolute>
 0000:00000000       ___ImageBase               10000000     <linker-defined>
 0001:00007920       ?TraceLoggingRegister@__vcrt_trace_logging_provider@@YAJPBU_TlgProvider_t@1@PBU_GUID@@P6GX1KE_K2PAU_EVENT_FILTER_DESCRIPTOR@@PAX@Z4@Z 10008920 f i libvcruntimed:telemetry.obj
 0001:00007a10       ?TraceLoggingSetInformation@__vcrt_trace_logging_provider@@YAJPBU_TlgProvider_t@1@W4_EVENT_INFO_CLASS@@PAXK@Z 10008a10 f i libvcruntimed:telemetry.obj
 0001:00007a60       ?TraceLoggingUnregister@__vcrt_trace_logging_provider@@YAXPBU_TlgProvider_t@1@@Z 10008a60 f i libvcruntimed:telemetry.obj
 0001:00007aa0       ?_TlgCreateSz@__vcrt_trace_logging_provider@@YAXPAU_EVENT_DATA_DESCRIPTOR@@PBD@Z 10008aa0 f i libvcruntimed:telemetry.obj
 0001:00007b00       ?_TlgCreateWsz@__vcrt_trace_logging_provider@@YAXPAU_EVENT_DATA_DESCRIPTOR@@PB_W@Z 10008b00 f i libvcruntimed:telemetry.obj
 0001:00007b60       ?_TlgEnableCallback@__vcrt_trace_logging_provider@@YGXPBU_GUID@@KE_K1PAU_EVENT_FILTER_DESCRIPTOR@@PAX@Z 10008b60 f i libvcruntimed:telemetry.obj
 0001:00007c60       ?_TlgKeywordOn@__vcrt_trace_logging_provider@@YAEPBU_TlgProvider_t@1@_K@Z 10008c60 f i libvcruntimed:telemetry.obj
 0001:00007cf0       ?_TlgWrite@__vcrt_trace_logging_provider@@YAJPBU_TlgProvider_t@1@PBXPBU_GUID@@2IPAU_EVENT_DATA_DESCRIPTOR@@@Z 10008cf0 f i libvcruntimed:telemetry.obj
 0001:000095f0       _PxSetPhysXCookingDelayLoadHook 1000a5f0 f   WindowsCookingDelayLoadHook.obj
 0001:00009600       ?delayHook@@YGP6GHXZIPAUDelayLoadInfo@@@Z 1000a600 f   WindowsCookingDelayLoadHook.obj
 0001:00009680       ?loadLibrary@shdfnd@physx@@YGPAUHINSTANCE__@@PBD@Z 1000a680 f i WindowsCookingDelayLoadHook.obj
 0001:000096a0       ?physXCommonDliNotePreLoadLibrary@shdfnd@physx@@YGP6GHXZPBDPBVPxDelayLoadHook@2@@Z 1000a6a0 f i WindowsCookingDelayLoadHook.obj
 0001:00009b20       ?strstr@@YAPADQADQBD@Z     1000ab20 f i WindowsCookingDelayLoadHook.obj
 0001:00009b40       ?saveHeightField@physx@@YA_NABVHeightField@Gu@1@AAVPxOutputStream@1@_N@Z 1000ab40 f   HeightFieldCooking.obj
 0001:00009f70       ??B?$PxFlags@W4Enum@PxHeightFieldFlag@physx@@G@physx@@QBEGXZ 1000af70 f i HeightFieldCooking.obj
 0001:00009f90       ?__empty_global_delete@@YAXPAX@Z 1000af90 f i HeightFieldCooking.obj
 0001:00009fa0       ?__global_delete@@YAXPAXI@Z 1000afa0 f i HeightFieldCooking.obj
 0001:00009fa0       ?__global_array_delete@@YAXPAXI@Z 1000afa0 f i HeightFieldCooking.obj
 0001:00009fa0       ?__empty_global_delete@@YAXPAXI@Z 1000afa0 f i HeightFieldCooking.obj
 0001:00009fb0       ?getData@HeightField@Gu@physx@@QBEABUHeightFieldData@23@XZ 1000afb0 f i HeightFieldCooking.obj
 0001:00009fd0       ?buildFromTriangles@RTreeCooker@physx@@SAXAAURTree@Gu@2@PBVPxVec3@2@IPBGPBIIAAV?$Array@IVNamedAllocator@shdfnd@physx@@@shdfnd@2@PAURemapCallback@12@MW4Enum@PxMeshCookingHint@2@@Z 1000afd0 f   RTreeCooking.obj
 0001:0000b360       ??$PX_UNUSED@I@@YAXABI@Z   1000c360 f i RTreeCooking.obj
 0001:0000b370       ??$PX_UNUSED@M@@YAXABM@Z   1000c370 f i RTreeCooking.obj
 0001:0000b380       ??$PX_UNUSED@PAURTreeNodeNQ@physx@@@@YAXABQAURTreeNodeNQ@physx@@@Z 1000c380 f i RTreeCooking.obj
 0001:0000b390       ??$PX_UNUSED@URTreeNodeNQ@physx@@@@YAXABURTreeNodeNQ@physx@@@Z 1000c390 f i RTreeCooking.obj
 0001:0000b3a0       ??$PxMax@H@physx@@YAHHH@Z  1000c3a0 f i RTreeCooking.obj
 0001:0000b3d0       ??$PxMax@I@physx@@YAIII@Z  1000c3d0 f i RTreeCooking.obj
 0001:0000b400       ??$PxMax@M@physx@@YAMMM@Z  1000c400 f i RTreeCooking.obj
 0001:0000b430       ??$PxMin@I@physx@@YAIII@Z  1000c430 f i RTreeCooking.obj
 0001:0000b460       ??$PxMin@M@physx@@YAMMM@Z  1000c460 f i RTreeCooking.obj
 0001:0000b490       ??$median3@I$$CBU?$Less@I@shdfnd@physx@@@internal@shdfnd@physx@@YAXPAIHHABU?$Less@I@12@@Z 1000c490 f i RTreeCooking.obj
 0001:0000b5c0       ??$median3@I$$CBUSortBoundsPredicate@physx@@@internal@shdfnd@physx@@YAXPAIHHABUSortBoundsPredicate@2@@Z 1000c5c0 f i RTreeCooking.obj
 0001:0000b6f0       ??$partition@I$$CBU?$Less@I@shdfnd@physx@@@internal@shdfnd@physx@@YAHPAIHHABU?$Less@I@12@@Z 1000c6f0 f i RTreeCooking.obj
 0001:0000b8c0       ??$partition@I$$CBUSortBoundsPredicate@physx@@@internal@shdfnd@physx@@YAHPAIHHABUSortBoundsPredicate@2@@Z 1000c8c0 f i RTreeCooking.obj
 0001:0000ba90       ??$partition@UBoundsLTE@physx@@@quickSelect@physx@@YAIPIAIIIIABUBoundsLTE@1@@Z 1000ca90 f i RTreeCooking.obj
 0001:0000bd20       ??$quickSelectFirstK@UBoundsLTE@physx@@@quickSelect@physx@@YAXPIAIIIIABUBoundsLTE@1@@Z 1000cd20 f i RTreeCooking.obj
 0001:0000be50       ??$smallSort@I$$CBU?$Less@I@shdfnd@physx@@@internal@shdfnd@physx@@YAXPAIHHABU?$Less@I@12@@Z 1000ce50 f i RTreeCooking.obj
 0001:0000bf10       ??$smallSort@I$$CBUSortBoundsPredicate@physx@@@internal@shdfnd@physx@@YAXPAIHHABUSortBoundsPredicate@2@@Z 1000cf10 f i RTreeCooking.obj
 0001:0000bfd0       ??$sort@I@shdfnd@physx@@YAXPAII@Z 1000cfd0 f i RTreeCooking.obj
 0001:0000c010       ??$sort@IU?$Less@I@shdfnd@physx@@VNamedAllocator@23@@shdfnd@physx@@YAXPAIIABU?$Less@I@01@ABVNamedAllocator@01@I@Z 1000d010 f i RTreeCooking.obj
 0001:0000c2e0       ??$sort@IUSortBoundsPredicate@physx@@@shdfnd@physx@@YAXPAIIABUSortBoundsPredicate@1@@Z 1000d2e0 f i RTreeCooking.obj
 0001:0000c320       ??$sort@IUSortBoundsPredicate@physx@@VNamedAllocator@shdfnd@2@@shdfnd@physx@@YAXPAIIABUSortBoundsPredicate@1@ABVNamedAllocator@01@I@Z 1000d320 f i RTreeCooking.obj
 0001:0000c5f0       ??$swap@I@shdfnd@physx@@YAXAAI0@Z 1000d5f0 f i RTreeCooking.obj
 0001:0000c620       ??0?$AlignedAllocator@$0IA@VAllocator@shdfnd@physx@@@shdfnd@physx@@QAE@ABVAllocator@12@@Z 1000d620 f i RTreeCooking.obj
 0001:0000c640       ??0?$Array@IVNamedAllocator@shdfnd@physx@@@shdfnd@physx@@QAE@IABIABVNamedAllocator@12@@Z 1000d640 f i RTreeCooking.obj
 0001:0000c6a0       ??0?$Array@UInterval@physx@@V?$InlineAllocator@$0CA@VNamedAllocator@shdfnd@physx@@@shdfnd@2@@shdfnd@physx@@QAE@ABV?$InlineAllocator@$0CA@VNamedAllocator@shdfnd@physx@@@12@@Z 1000d6a0 f i RTreeCooking.obj
 0001:0000c6f0       ??0?$Array@UPxBounds3V@physx@@VNamedAllocator@shdfnd@2@@shdfnd@physx@@QAE@ABVNamedAllocator@12@@Z 1000d6f0 f i RTreeCooking.obj
 0001:0000c740       ??0?$Array@URTreeNodeNQ@physx@@VNamedAllocator@shdfnd@2@@shdfnd@physx@@QAE@ABVNamedAllocator@12@@Z 1000d740 f i RTreeCooking.obj
 0001:0000c790       ??0?$Array@URTreeNodeQ@Gu@physx@@VNamedAllocator@shdfnd@3@@shdfnd@physx@@QAE@ABVNamedAllocator@12@@Z 1000d790 f i RTreeCooking.obj
 0001:0000c7e0       ??0?$Array@VPxVec3@physx@@VNamedAllocator@shdfnd@2@@shdfnd@physx@@QAE@ABVNamedAllocator@12@@Z 1000d7e0 f i RTreeCooking.obj
 0001:0000c830       ??0?$InlineAllocator@$0CA@VNamedAllocator@shdfnd@physx@@@shdfnd@physx@@QAE@ABV012@@Z 1000d830 f i RTreeCooking.obj
 0001:0000c860       ??0?$InlineAllocator@$0CA@VNamedAllocator@shdfnd@physx@@@shdfnd@physx@@QAE@ABVNamedAllocator@12@@Z 1000d860 f i RTreeCooking.obj
 0001:0000c890       ??0?$InlineArray@UInterval@physx@@$03VNamedAllocator@shdfnd@2@@shdfnd@physx@@QAE@ABVNamedAllocator@12@@Z 1000d890 f i RTreeCooking.obj
 0001:0000c8f0       ??0?$ScopedPointer@HVTempAllocator@shdfnd@physx@@@shdfnd@physx@@QAE@XZ 1000d8f0 f i RTreeCooking.obj
 0001:0000c910       ??0?$Stack@VNamedAllocator@shdfnd@physx@@@internal@shdfnd@physx@@QAE@PAHIABVNamedAllocator@23@@Z 1000d910 f i RTreeCooking.obj
 0001:0000c960       ??0BoundsLTE@physx@@QAE@IPBVPxVec3@1@@Z 1000d960 f i RTreeCooking.obj
 0001:0000c990       ??0Interval@physx@@QAE@II@Z 1000d990 f i RTreeCooking.obj
 0001:0000c9c0       ??0PxBounds3@physx@@QAE@ABV01@@Z 1000d9c0 f i RTreeCooking.obj
 0001:0000ca00       ??0PxBounds3@physx@@QAE@ABVPxVec3@1@0@Z 1000da00 f i RTreeCooking.obj
 0001:0000ca40       ??0PxBounds3V@physx@@QAE@AAT__m128@@0@Z 1000da40 f i RTreeCooking.obj
 0001:0000ca80       ??0PxBounds3V@physx@@QAE@UU@01@@Z 1000da80 f i RTreeCooking.obj
 0001:0000caa0       ??0PxVec3@physx@@QAE@ABV01@@Z 1000daa0 f i RTreeCooking.obj
 0001:0000cae0       ??0PxVec3@physx@@QAE@M@Z   1000dae0 f i RTreeCooking.obj
 0001:0000cb30       ??0PxVec3@physx@@QAE@MMM@Z 1000db30 f i RTreeCooking.obj
 0001:0000cb80       ??0PxVec4@physx@@QAE@ABVPxVec3@1@M@Z 1000db80 f i RTreeCooking.obj
 0001:0000cbd0       ??0PxVec4@physx@@QAE@M@Z   1000dbd0 f i RTreeCooking.obj
 0001:0000cc30       ??0PxVec4@physx@@QAE@MMMM@Z 1000dc30 f i RTreeCooking.obj
 0001:0000cc90       ??0RTreeNodeNQ@physx@@QAE@ABU01@@Z 1000dc90 f i RTreeCooking.obj
 0001:0000cce0       ??0RTreeNodeNQ@physx@@QAE@XZ 1000dce0 f i RTreeCooking.obj
 0001:0000cd20       ??0SortBoundsPredicate@physx@@QAE@IPBUPxBounds3V@1@@Z 1000dd20 f i RTreeCooking.obj
 0001:0000cd50       ??0SubSortQuick@physx@@QAE@PAIPBUPxBounds3V@1@IM@Z 1000dd50 f i RTreeCooking.obj
 0001:0000ceb0       ??0SubSortSAH@physx@@QAE@PAIPBUPxBounds3V@1@IPBI22222M@Z 1000deb0 f i RTreeCooking.obj
 0001:0000d050       ??1?$Array@IVNamedAllocator@shdfnd@physx@@@shdfnd@physx@@QAE@XZ 1000e050 f i RTreeCooking.obj
 0001:0000d0c0       ??1?$Array@UInterval@physx@@V?$InlineAllocator@$0CA@VNamedAllocator@shdfnd@physx@@@shdfnd@2@@shdfnd@physx@@QAE@XZ 1000e0c0 f i RTreeCooking.obj
 0001:0000d130       ??1?$Array@UPxBounds3V@physx@@VNamedAllocator@shdfnd@2@@shdfnd@physx@@QAE@XZ 1000e130 f i RTreeCooking.obj
 0001:0000d1a0       ??1?$Array@URTreeNodeNQ@physx@@VNamedAllocator@shdfnd@2@@shdfnd@physx@@QAE@XZ 1000e1a0 f i RTreeCooking.obj
 0001:0000d210       ??1?$Array@URTreeNodeQ@Gu@physx@@VNamedAllocator@shdfnd@3@@shdfnd@physx@@QAE@XZ 1000e210 f i RTreeCooking.obj
 0001:0000d280       ??1?$Array@VPxVec3@physx@@VNamedAllocator@shdfnd@2@@shdfnd@physx@@QAE@XZ 1000e280 f i RTreeCooking.obj
 0001:0000d2f0       ??1?$InlineAllocator@$0CA@VNamedAllocator@shdfnd@physx@@@shdfnd@physx@@QAE@XZ 1000e2f0 f i RTreeCooking.obj
 0001:0000d310       ??1?$InlineArray@UInterval@physx@@$03VNamedAllocator@shdfnd@2@@shdfnd@physx@@QAE@XZ 1000e310 f i RTreeCooking.obj
 0001:0000d330       ??1?$ScopedPointer@HVTempAllocator@shdfnd@physx@@@shdfnd@physx@@QAE@XZ 1000e330 f i RTreeCooking.obj
 0001:0000d360       ??1?$Stack@VNamedAllocator@shdfnd@physx@@@internal@shdfnd@physx@@QAE@XZ 1000e360 f i RTreeCooking.obj
 0001:0000d3a0       ??1SubSortQuick@physx@@QAE@XZ 1000e3a0 f i RTreeCooking.obj
 0001:0000d3c0       ??1SubSortSAH@physx@@QAE@XZ 1000e3c0 f i RTreeCooking.obj
 0001:0000d470       ??2@YAPAXIPAX@Z            1000e470 f i RTreeCooking.obj
 0001:0000d480       ??4PxVec3@physx@@QAEAAV01@ABV01@@Z 1000e480 f i RTreeCooking.obj
 0001:0000d4c0       ??4PxVec4@physx@@QAEAAV01@ABV01@@Z 1000e4c0 f i RTreeCooking.obj
 0001:0000d510       ??A?$Array@IVNamedAllocator@shdfnd@physx@@@shdfnd@physx@@QAEAAII@Z 1000e510 f i RTreeCooking.obj
 0001:0000d580       ??A?$Array@UInterval@physx@@V?$InlineAllocator@$0CA@VNamedAllocator@shdfnd@physx@@@shdfnd@2@@shdfnd@physx@@QAEAAUInterval@2@I@Z 1000e580 f i RTreeCooking.obj
 0001:0000d600       ??A?$Array@URTreeNodeNQ@physx@@VNamedAllocator@shdfnd@2@@shdfnd@physx@@QAEAAURTreeNodeNQ@2@I@Z 1000e600 f i RTreeCooking.obj
 0001:0000d670       ??A?$Array@URTreeNodeQ@Gu@physx@@VNamedAllocator@shdfnd@3@@shdfnd@physx@@QAEAAURTreeNodeQ@Gu@2@I@Z 1000e670 f i RTreeCooking.obj
 0001:0000d6e0       ??APxVec3@physx@@QBEABMI@Z 1000e6e0 f i RTreeCooking.obj
 0001:0000d750       ??B?$ScopedPointer@HVTempAllocator@shdfnd@physx@@@shdfnd@physx@@QBEPAHXZ 1000e750 f i RTreeCooking.obj
 0001:0000d770       ??GPxVec4@physx@@QBE?AV01@ABV01@@Z 1000e770 f i RTreeCooking.obj
 0001:0000d800       ??HPxVec3@physx@@QBE?AV01@ABV01@@Z 1000e800 f i RTreeCooking.obj
 0001:0000d870       ??KPxVec4@physx@@QBE?AV01@M@Z 1000e870 f i RTreeCooking.obj
 0001:0000d910       ??R?$Less@I@shdfnd@physx@@QBE_NABI0@Z 1000e910 f i RTreeCooking.obj
 0001:0000d950       ??RBoundsLTE@physx@@QBE_NABI0@Z 1000e950 f i RTreeCooking.obj
 0001:0000d9e0       ??RSortBoundsPredicate@physx@@QBE_NABI0@Z 1000e9e0 f i RTreeCooking.obj
 0001:0000db10       ?FLoad@aos@shdfnd@physx@@YA?AT__m128@@M@Z 1000eb10 f i RTreeCooking.obj
 0001:0000db50       ?FMax@aos@shdfnd@physx@@YA?AT__m128@@XZ 1000eb50 f i RTreeCooking.obj
 0001:0000dba0       ?FNegMax@aos@shdfnd@physx@@YA?AT__m128@@XZ 1000eba0 f i RTreeCooking.obj
 0001:0000dbf0       ?FStore@aos@shdfnd@physx@@YAXT__m128@@PIAM@Z 1000ebf0 f i RTreeCooking.obj
 0001:0000dc30       ?PxAbs@physx@@YAHH@Z       1000ec30 f i RTreeCooking.obj
 0001:0000dc40       ?PxIsFinite@physx@@YA_NM@Z 1000ec40 f i RTreeCooking.obj
 0001:0000dc60       ?PxMemCopy@physx@@YAPAXPIAXPIBXI@Z 1000ec60 f i RTreeCooking.obj
 0001:0000dc80       ?V3Add@aos@shdfnd@physx@@YA?AT__m128@@T4@0@Z 1000ec80 f i RTreeCooking.obj
 0001:0000dcd0       ?V3Dot@aos@shdfnd@physx@@YA?AT__m128@@T4@0@Z 1000ecd0 f i RTreeCooking.obj
 0001:0000ddb0       ?V3Load@aos@shdfnd@physx@@YA?AT__m128@@M@Z 1000edb0 f i RTreeCooking.obj
 0001:0000de10       ?V3LoadU@aos@shdfnd@physx@@YA?AT__m128@@ABVPxVec3@3@@Z 1000ee10 f i RTreeCooking.obj
 0001:0000de80       ?V3Max@aos@shdfnd@physx@@YA?AT__m128@@T4@0@Z 1000ee80 f i RTreeCooking.obj
 0001:0000ded0       ?V3Min@aos@shdfnd@physx@@YA?AT__m128@@T4@0@Z 1000eed0 f i RTreeCooking.obj
 0001:0000df20       ?V3PermZXY@aos@shdfnd@physx@@YA?AT__m128@@T4@@Z 1000ef20 f i RTreeCooking.obj
 0001:0000df70       ?V3ReadXYZ@aos@shdfnd@physx@@YAABVPxVec3@3@ABT__m128@@@Z 1000ef70 f i RTreeCooking.obj
 0001:0000df80       ?V3Splat@aos@shdfnd@physx@@YA?AT__m128@@T4@@Z 1000ef80 f i RTreeCooking.obj
 0001:0000e000       ?V3StoreA@aos@shdfnd@physx@@YAXT__m128@@AAVPxVec3@3@@Z 1000f000 f i RTreeCooking.obj
 0001:0000e0a0       ?V3Sub@aos@shdfnd@physx@@YA?AT__m128@@T4@0@Z 1000f0a0 f i RTreeCooking.obj
 0001:0000e0f0       ?V3Zero@aos@shdfnd@physx@@YA?AT__m128@@XZ 1000f0f0 f i RTreeCooking.obj
 0001:0000e130       ?V4ClearW@aos@shdfnd@physx@@YA?AT__m128@@T4@@Z 1000f130 f i RTreeCooking.obj
 0001:0000e180       ?V4Load@aos@shdfnd@physx@@YA?AT__m128@@M@Z 1000f180 f i RTreeCooking.obj
 0001:0000e1c0       ?Vec3V_From_FloatV@aos@shdfnd@physx@@YA?AT__m128@@T4@@Z 1000f1c0 f i RTreeCooking.obj
 0001:0000e220       ?Vec3V_From_Vec4V@aos@shdfnd@physx@@YA?AT__m128@@T4@@Z 1000f220 f i RTreeCooking.obj
 0001:0000e270       ?Vec4V_From_FloatV@aos@shdfnd@physx@@YA?AT__m128@@T4@@Z 1000f270 f i RTreeCooking.obj
 0001:0000e2b0       ?allocate@?$AlignedAllocator@$0IA@VAllocator@shdfnd@physx@@@shdfnd@physx@@QAEPAXIPBDH@Z 1000f2b0 f i RTreeCooking.obj
 0001:0000e330       ?allocate@?$Array@IVNamedAllocator@shdfnd@physx@@@shdfnd@physx@@IAEPAII@Z 1000f330 f i RTreeCooking.obj
 0001:0000e3b0       ?allocate@?$Array@UInterval@physx@@V?$InlineAllocator@$0CA@VNamedAllocator@shdfnd@physx@@@shdfnd@2@@shdfnd@physx@@IAEPAUInterval@3@I@Z 1000f3b0 f i RTreeCooking.obj
 0001:0000e430       ?allocate@?$Array@UPxBounds3V@physx@@VNamedAllocator@shdfnd@2@@shdfnd@physx@@IAEPAUPxBounds3V@3@I@Z 1000f430 f i RTreeCooking.obj
 0001:0000e4b0       ?allocate@?$Array@URTreeNodeNQ@physx@@VNamedAllocator@shdfnd@2@@shdfnd@physx@@IAEPAURTreeNodeNQ@3@I@Z 1000f4b0 f i RTreeCooking.obj
 0001:0000e530       ?allocate@?$Array@URTreeNodeQ@Gu@physx@@VNamedAllocator@shdfnd@3@@shdfnd@physx@@IAEPAURTreeNodeQ@Gu@3@I@Z 1000f530 f i RTreeCooking.obj
 0001:0000e5b0       ?allocate@?$Array@VPxVec3@physx@@VNamedAllocator@shdfnd@2@@shdfnd@physx@@IAEPAVPxVec3@3@I@Z 1000f5b0 f i RTreeCooking.obj
 0001:0000e630       ?allocate@?$InlineAllocator@$0CA@VNamedAllocator@shdfnd@physx@@@shdfnd@physx@@QAEPAXIPBDH@Z 1000f630 f i RTreeCooking.obj
 0001:0000e680       ?begin@?$Array@IVNamedAllocator@shdfnd@physx@@@shdfnd@physx@@QAEPAIXZ 1000f680 f i RTreeCooking.obj
 0001:0000e6a0       ?begin@?$Array@UPxBounds3V@physx@@VNamedAllocator@shdfnd@2@@shdfnd@physx@@QAEPAUPxBounds3V@3@XZ 1000f6a0 f i RTreeCooking.obj
 0001:0000e6c0       ?begin@?$Array@VPxVec3@physx@@VNamedAllocator@shdfnd@2@@shdfnd@physx@@QAEPAVPxVec3@3@XZ 1000f6c0 f i RTreeCooking.obj
 0001:0000e6e0       ?capacity@?$Array@IVNamedAllocator@shdfnd@physx@@@shdfnd@physx@@QBEIXZ 1000f6e0 f i RTreeCooking.obj
 0001:0000e700       ?capacity@?$Array@UInterval@physx@@V?$InlineAllocator@$0CA@VNamedAllocator@shdfnd@physx@@@shdfnd@2@@shdfnd@physx@@QBEIXZ 1000f700 f i RTreeCooking.obj
 0001:0000e720       ?capacity@?$Array@UPxBounds3V@physx@@VNamedAllocator@shdfnd@2@@shdfnd@physx@@QBEIXZ 1000f720 f i RTreeCooking.obj
 0001:0000e740       ?capacity@?$Array@URTreeNodeNQ@physx@@VNamedAllocator@shdfnd@2@@shdfnd@physx@@QBEIXZ 1000f740 f i RTreeCooking.obj
 0001:0000e760       ?capacity@?$Array@URTreeNodeQ@Gu@physx@@VNamedAllocator@shdfnd@3@@shdfnd@physx@@QBEIXZ 1000f760 f i RTreeCooking.obj
 0001:0000e780       ?capacity@?$Array@VPxVec3@physx@@VNamedAllocator@shdfnd@2@@shdfnd@physx@@QBEIXZ 1000f780 f i RTreeCooking.obj
 0001:0000e7a0       ?capacityIncrement@?$Array@IVNamedAllocator@shdfnd@physx@@@shdfnd@physx@@IBEIXZ 1000f7a0 f i RTreeCooking.obj
 0001:0000e7e0       ?capacityIncrement@?$Array@UInterval@physx@@V?$InlineAllocator@$0CA@VNamedAllocator@shdfnd@physx@@@shdfnd@2@@shdfnd@physx@@IBEIXZ 1000f7e0 f i RTreeCooking.obj
 0001:0000e820       ?capacityIncrement@?$Array@UPxBounds3V@physx@@VNamedAllocator@shdfnd@2@@shdfnd@physx@@IBEIXZ 1000f820 f i RTreeCooking.obj
 0001:0000e860       ?capacityIncrement@?$Array@URTreeNodeNQ@physx@@VNamedAllocator@shdfnd@2@@shdfnd@physx@@IBEIXZ 1000f860 f i RTreeCooking.obj
 0001:0000e8a0       ?capacityIncrement@?$Array@URTreeNodeQ@Gu@physx@@VNamedAllocator@shdfnd@3@@shdfnd@physx@@IBEIXZ 1000f8a0 f i RTreeCooking.obj
 0001:0000e8e0       ?capacityIncrement@?$Array@VPxVec3@physx@@VNamedAllocator@shdfnd@2@@shdfnd@physx@@IBEIXZ 1000f8e0 f i RTreeCooking.obj
 0001:0000e920       ?computeSA@SubSortSAH@physx@@QAEMPBIABUInterval@2@@Z 1000f920 f i RTreeCooking.obj
 0001:0000eaa0       ?copy@?$Array@IVNamedAllocator@shdfnd@physx@@@shdfnd@physx@@KAXPAI0PBI@Z 1000faa0 f i RTreeCooking.obj
 0001:0000eb10       ?copy@?$Array@UInterval@physx@@V?$InlineAllocator@$0CA@VNamedAllocator@shdfnd@physx@@@shdfnd@2@@shdfnd@physx@@KAXPAUInterval@3@0PBU43@@Z 1000fb10 f i RTreeCooking.obj
 0001:0000eb90       ?copy@?$Array@UPxBounds3V@physx@@VNamedAllocator@shdfnd@2@@shdfnd@physx@@KAXPAUPxBounds3V@3@0PBU43@@Z 1000fb90 f i RTreeCooking.obj
 0001:0000ec10       ?copy@?$Array@URTreeNodeNQ@physx@@VNamedAllocator@shdfnd@2@@shdfnd@physx@@KAXPAURTreeNodeNQ@3@0PBU43@@Z 1000fc10 f i RTreeCooking.obj
 0001:0000ec80       ?copy@?$Array@URTreeNodeQ@Gu@physx@@VNamedAllocator@shdfnd@3@@shdfnd@physx@@KAXPAURTreeNodeQ@Gu@3@0PBU453@@Z 1000fc80 f i RTreeCooking.obj
 0001:0000ed00       ?copy@?$Array@VPxVec3@physx@@VNamedAllocator@shdfnd@2@@shdfnd@physx@@KAXPAVPxVec3@3@0PBV43@@Z 1000fd00 f i RTreeCooking.obj
 0001:0000ed70       ?create@?$Array@IVNamedAllocator@shdfnd@physx@@@shdfnd@physx@@KAXPAI0ABI@Z 1000fd70 f i RTreeCooking.obj
 0001:0000ede0       ?deallocate@?$Array@IVNamedAllocator@shdfnd@physx@@@shdfnd@physx@@IAEXPAX@Z 1000fde0 f i RTreeCooking.obj
 0001:0000ee00       ?deallocate@?$Array@UInterval@physx@@V?$InlineAllocator@$0CA@VNamedAllocator@shdfnd@physx@@@shdfnd@2@@shdfnd@physx@@IAEXPAX@Z 1000fe00 f i RTreeCooking.obj
 0001:0000ee20       ?deallocate@?$Array@UPxBounds3V@physx@@VNamedAllocator@shdfnd@2@@shdfnd@physx@@IAEXPAX@Z 1000fe20 f i RTreeCooking.obj
 0001:0000ee40       ?deallocate@?$Array@URTreeNodeNQ@physx@@VNamedAllocator@shdfnd@2@@shdfnd@physx@@IAEXPAX@Z 1000fe40 f i RTreeCooking.obj
 0001:0000ee60       ?deallocate@?$Array@URTreeNodeQ@Gu@physx@@VNamedAllocator@shdfnd@3@@shdfnd@physx@@IAEXPAX@Z 1000fe60 f i RTreeCooking.obj
 0001:0000ee80       ?deallocate@?$Array@VPxVec3@physx@@VNamedAllocator@shdfnd@2@@shdfnd@physx@@IAEXPAX@Z 1000fe80 f i RTreeCooking.obj
 0001:0000eea0       ?deallocate@?$InlineAllocator@$0CA@VNamedAllocator@shdfnd@physx@@@shdfnd@physx@@QAEXPAX@Z 1000fea0 f i RTreeCooking.obj
 0001:0000eee0       ?destroy@?$Array@IVNamedAllocator@shdfnd@physx@@@shdfnd@physx@@KAXPAI0@Z 1000fee0 f i RTreeCooking.obj
 0001:0000ef00       ?destroy@?$Array@UInterval@physx@@V?$InlineAllocator@$0CA@VNamedAllocator@shdfnd@physx@@@shdfnd@2@@shdfnd@physx@@KAXPAUInterval@3@0@Z 1000ff00 f i RTreeCooking.obj
 0001:0000ef20       ?destroy@?$Array@UPxBounds3V@physx@@VNamedAllocator@shdfnd@2@@shdfnd@physx@@KAXPAUPxBounds3V@3@0@Z 1000ff20 f i RTreeCooking.obj
 0001:0000ef40       ?destroy@?$Array@URTreeNodeNQ@physx@@VNamedAllocator@shdfnd@2@@shdfnd@physx@@KAXPAURTreeNodeNQ@3@0@Z 1000ff40 f i RTreeCooking.obj
 0001:0000ef60       ?destroy@?$Array@URTreeNodeQ@Gu@physx@@VNamedAllocator@shdfnd@3@@shdfnd@physx@@KAXPAURTreeNodeQ@Gu@3@0@Z 1000ff60 f i RTreeCooking.obj
 0001:0000ef80       ?destroy@?$Array@VPxVec3@physx@@VNamedAllocator@shdfnd@2@@shdfnd@physx@@KAXPAVPxVec3@3@0@Z 1000ff80 f i RTreeCooking.obj
 0001:0000efa0       ?empty@?$Stack@VNamedAllocator@shdfnd@physx@@@internal@shdfnd@physx@@QAE_NXZ 1000ffa0 f i RTreeCooking.obj
 0001:0000efe0       ?empty@PxBounds3@physx@@SA?AV12@XZ 1000ffe0 f i RTreeCooking.obj
 0001:0000f040       ?getExtents@PxBounds3V@physx@@QBE?AT__m128@@XZ 10010040 f i RTreeCooking.obj
 0001:0000f0a0       ?getMaxVec3@PxBounds3V@physx@@QBEABVPxVec3@2@XZ 100100a0 f i RTreeCooking.obj
 0001:0000f0c0       ?getMinVec3@PxBounds3V@physx@@QBEABVPxVec3@2@XZ 100100c0 f i RTreeCooking.obj
 0001:0000f0e0       ?grow@?$Array@IVNamedAllocator@shdfnd@physx@@@shdfnd@physx@@IAEXI@Z 100100e0 f i RTreeCooking.obj
 0001:0000f160       ?grow@?$Array@UPxBounds3V@physx@@VNamedAllocator@shdfnd@2@@shdfnd@physx@@IAEXI@Z 10010160 f i RTreeCooking.obj
 0001:0000f1e0       ?grow@?$Array@URTreeNodeNQ@physx@@VNamedAllocator@shdfnd@2@@shdfnd@physx@@IAEXI@Z 100101e0 f i RTreeCooking.obj
 0001:0000f260       ?grow@?$Array@URTreeNodeQ@Gu@physx@@VNamedAllocator@shdfnd@3@@shdfnd@physx@@IAEXI@Z 10010260 f i RTreeCooking.obj
 0001:0000f2e0       ?grow@?$Array@VPxVec3@physx@@VNamedAllocator@shdfnd@2@@shdfnd@physx@@IAEXI@Z 100102e0 f i RTreeCooking.obj
 0001:0000f360       ?grow@?$Stack@VNamedAllocator@shdfnd@physx@@@internal@shdfnd@physx@@QAEXXZ 10010360 f i RTreeCooking.obj
 0001:0000f410       ?growAndPushBack@?$Array@IVNamedAllocator@shdfnd@physx@@@shdfnd@physx@@IAEAAIABI@Z 10010410 f i RTreeCooking.obj
 0001:0000f5a0       ?growAndPushBack@?$Array@UInterval@physx@@V?$InlineAllocator@$0CA@VNamedAllocator@shdfnd@physx@@@shdfnd@2@@shdfnd@physx@@IAEAAUInterval@3@ABU43@@Z 100105a0 f i RTreeCooking.obj
 0001:0000f740       ?growAndPushBack@?$Array@UPxBounds3V@physx@@VNamedAllocator@shdfnd@2@@shdfnd@physx@@IAEAAUPxBounds3V@3@ABU43@@Z 10010740 f i RTreeCooking.obj
 0001:0000f8d0       ?growAndPushBack@?$Array@URTreeNodeNQ@physx@@VNamedAllocator@shdfnd@2@@shdfnd@physx@@IAEAAURTreeNodeNQ@3@ABU43@@Z 100108d0 f i RTreeCooking.obj
 0001:0000fa60       ?growAndPushBack@?$Array@URTreeNodeQ@Gu@physx@@VNamedAllocator@shdfnd@3@@shdfnd@physx@@IAEAAURTreeNodeQ@Gu@3@ABU453@@Z 10010a60 f i RTreeCooking.obj
 0001:0000fbf0       ?growAndPushBack@?$Array@VPxVec3@physx@@VNamedAllocator@shdfnd@2@@shdfnd@physx@@IAEAAVPxVec3@3@ABV43@@Z 10010bf0 f i RTreeCooking.obj
 0001:0000fd70       ?include@PxBounds3V@physx@@QAEXABU12@@Z 10010d70 f i RTreeCooking.obj
 0001:0000fdf0       ?isFinite@PxBounds3@physx@@QBE_NXZ 10010df0 f i RTreeCooking.obj
 0001:0000fe50       ?isFinite@PxVec3@physx@@QBE_NXZ 10010e50 f i RTreeCooking.obj
 0001:0000fef0       ?isFinite@intrinsics@physx@@YA_NM@Z 10010ef0 f i RTreeCooking.obj
 0001:0000ff40       ?isInUserMemory@?$Array@IVNamedAllocator@shdfnd@physx@@@shdfnd@physx@@QBEIXZ 10010f40 f i RTreeCooking.obj
 0001:0000ff60       ?isInUserMemory@?$Array@UInterval@physx@@V?$InlineAllocator@$0CA@VNamedAllocator@shdfnd@physx@@@shdfnd@2@@shdfnd@physx@@QBEIXZ 10010f60 f i RTreeCooking.obj
 0001:0000ff80       ?isInUserMemory@?$Array@UPxBounds3V@physx@@VNamedAllocator@shdfnd@2@@shdfnd@physx@@QBEIXZ 10010f80 f i RTreeCooking.obj
 0001:0000ffa0       ?isInUserMemory@?$Array@URTreeNodeNQ@physx@@VNamedAllocator@shdfnd@2@@shdfnd@physx@@QBEIXZ 10010fa0 f i RTreeCooking.obj
 0001:0000ffc0       ?isInUserMemory@?$Array@URTreeNodeQ@Gu@physx@@VNamedAllocator@shdfnd@3@@shdfnd@physx@@QBEIXZ 10010fc0 f i RTreeCooking.obj
 0001:0000ffe0       ?isInUserMemory@?$Array@VPxVec3@physx@@VNamedAllocator@shdfnd@2@@shdfnd@physx@@QBEIXZ 10010fe0 f i RTreeCooking.obj
 0001:00010000       ?isInside@PxBounds3@physx@@QBE_NABV12@@Z 10011000 f i RTreeCooking.obj
 0001:00010120       ?isLeaf@RTreeNodeQ@Gu@physx@@QBEIXZ 10011120 f i RTreeCooking.obj
 0001:00010140       ?isValid@PxBounds3@physx@@QBE_NXZ 10011140 f i RTreeCooking.obj
 0001:00010260       ?memCopy@intrinsics@physx@@YAPAXPIAXPIBXI@Z 10011260 f i RTreeCooking.obj
 0001:00010280       ?pop@?$Stack@VNamedAllocator@shdfnd@physx@@@internal@shdfnd@physx@@QAEXAAH0@Z 10011280 f i RTreeCooking.obj
 0001:00010350       ?popBack@?$Array@IVNamedAllocator@shdfnd@physx@@@shdfnd@physx@@QAEIXZ 10011350 f i RTreeCooking.obj
 0001:000103f0       ?push@?$Stack@VNamedAllocator@shdfnd@physx@@@internal@shdfnd@physx@@QAEXHH@Z 100113f0 f i RTreeCooking.obj
 0001:00010480       ?pushBack@?$Array@IVNamedAllocator@shdfnd@physx@@@shdfnd@physx@@QAEAAIABI@Z 10011480 f i RTreeCooking.obj
 0001:00010530       ?pushBack@?$Array@UInterval@physx@@V?$InlineAllocator@$0CA@VNamedAllocator@shdfnd@physx@@@shdfnd@2@@shdfnd@physx@@QAEAAUInterval@3@ABU43@@Z 10011530 f i RTreeCooking.obj
 0001:000105f0       ?pushBack@?$Array@UPxBounds3V@physx@@VNamedAllocator@shdfnd@2@@shdfnd@physx@@QAEAAUPxBounds3V@3@ABU43@@Z 100115f0 f i RTreeCooking.obj
 0001:000106b0       ?pushBack@?$Array@URTreeNodeNQ@physx@@VNamedAllocator@shdfnd@2@@shdfnd@physx@@QAEAAURTreeNodeNQ@3@ABU43@@Z 100116b0 f i RTreeCooking.obj
 0001:00010760       ?pushBack@?$Array@URTreeNodeQ@Gu@physx@@VNamedAllocator@shdfnd@3@@shdfnd@physx@@QAEAAURTreeNodeQ@Gu@3@ABU453@@Z 10011760 f i RTreeCooking.obj
 0001:00010820       ?pushBack@?$Array@VPxVec3@physx@@VNamedAllocator@shdfnd@2@@shdfnd@physx@@QAEAAVPxVec3@3@ABV43@@Z 10011820 f i RTreeCooking.obj
 0001:000108d0       ?recreate@?$Array@IVNamedAllocator@shdfnd@physx@@@shdfnd@physx@@IAEXI@Z 100118d0 f i RTreeCooking.obj
 0001:000109e0       ?recreate@?$Array@UPxBounds3V@physx@@VNamedAllocator@shdfnd@2@@shdfnd@physx@@IAEXI@Z 100119e0 f i RTreeCooking.obj
 0001:00010af0       ?recreate@?$Array@URTreeNodeNQ@physx@@VNamedAllocator@shdfnd@2@@shdfnd@physx@@IAEXI@Z 10011af0 f i RTreeCooking.obj
 0001:00010c00       ?recreate@?$Array@URTreeNodeQ@Gu@physx@@VNamedAllocator@shdfnd@3@@shdfnd@physx@@IAEXI@Z 10011c00 f i RTreeCooking.obj
 0001:00010d00       ?recreate@?$Array@VPxVec3@physx@@VNamedAllocator@shdfnd@2@@shdfnd@physx@@IAEXI@Z 10011d00 f i RTreeCooking.obj
 0001:00010e00       ?replaceWithLast@?$Array@UInterval@physx@@V?$InlineAllocator@$0CA@VNamedAllocator@shdfnd@physx@@@shdfnd@2@@shdfnd@physx@@QAEXI@Z 10011e00 f i RTreeCooking.obj
 0001:00010eb0       ?reserve@?$Array@IVNamedAllocator@shdfnd@physx@@@shdfnd@physx@@QAEXI@Z 10011eb0 f i RTreeCooking.obj
 0001:00010ee0       ?reserve@?$Array@UPxBounds3V@physx@@VNamedAllocator@shdfnd@2@@shdfnd@physx@@QAEXI@Z 10011ee0 f i RTreeCooking.obj
 0001:00010f10       ?reserve@?$Array@URTreeNodeNQ@physx@@VNamedAllocator@shdfnd@2@@shdfnd@physx@@QAEXI@Z 10011f10 f i RTreeCooking.obj
 0001:00010f40       ?reserve@?$Array@URTreeNodeQ@Gu@physx@@VNamedAllocator@shdfnd@3@@shdfnd@physx@@QAEXI@Z 10011f40 f i RTreeCooking.obj
 0001:00010f70       ?reserve@?$Array@VPxVec3@physx@@VNamedAllocator@shdfnd@2@@shdfnd@physx@@QAEXI@Z 10011f70 f i RTreeCooking.obj
 0001:00010fa0       ?resize@?$Array@IVNamedAllocator@shdfnd@physx@@@shdfnd@physx@@QAEXIABI@Z 10011fa0 f i RTreeCooking.obj
 0001:00011030       ?resizeUninitialized@?$Array@URTreeNodeNQ@physx@@VNamedAllocator@shdfnd@2@@shdfnd@physx@@QAEXI@Z 10012030 f i RTreeCooking.obj
 0001:00011060       ?selectMax@intrinsics@physx@@YAMMM@Z 10012060 f i RTreeCooking.obj
 0001:000110a0       ?selectMin@intrinsics@physx@@YAMMM@Z 100120a0 f i RTreeCooking.obj
 0001:000110e0       ?setEmpty@PxBounds3@physx@@QAEXXZ 100120e0 f i RTreeCooking.obj
 0001:00011150       ?setLeaf@RTreeNodeQ@Gu@physx@@QAEX_N@Z 10012150 f i RTreeCooking.obj
 0001:000111a0       ?size@?$Array@IVNamedAllocator@shdfnd@physx@@@shdfnd@physx@@QBEIXZ 100121a0 f i RTreeCooking.obj
 0001:000111c0       ?size@?$Array@UInterval@physx@@V?$InlineAllocator@$0CA@VNamedAllocator@shdfnd@physx@@@shdfnd@2@@shdfnd@physx@@QBEIXZ 100121c0 f i RTreeCooking.obj
 0001:000111e0       ?size@?$Array@URTreeNodeNQ@physx@@VNamedAllocator@shdfnd@2@@shdfnd@physx@@QBEIXZ 100121e0 f i RTreeCooking.obj
 0001:00011200       ?size@?$Array@URTreeNodeQ@Gu@physx@@VNamedAllocator@shdfnd@3@@shdfnd@physx@@QBEIXZ 10012200 f i RTreeCooking.obj
 0001:00011220       ?size@?$Array@VPxVec3@physx@@VNamedAllocator@shdfnd@2@@shdfnd@physx@@QBEIXZ 10012220 f i RTreeCooking.obj
 0001:00011240       ?sort4@SubSortQuick@physx@@QAEXPIAIIAAV?$Array@URTreeNodeNQ@physx@@VNamedAllocator@shdfnd@2@@shdfnd@2@AAIAAUPxBounds3V@2@I@Z 10012240 f i RTreeCooking.obj
 0001:00011aa0       ?sort4@SubSortSAH@physx@@QAEXPAIIAAV?$Array@URTreeNodeNQ@physx@@VNamedAllocator@shdfnd@2@@shdfnd@2@AAIIPAURTreeNodeNQ@2@@Z 10012aa0 f i RTreeCooking.obj
 0001:00012850       ?split@SubSortSAH@physx@@QAEIPAII@Z 10013850 f i RTreeCooking.obj
 0001:000134d0       ?loadFromDesc@TriangleMeshBuilder@physx@@QAE_NABVPxTriangleMeshDesc@2@ABUPxCookingParams@2@_N@Z 100144d0 f   TriangleMeshBuilder.obj
 0001:000136e0       ?save@TriangleMeshBuilder@physx@@QBE_NAAVPxOutputStream@2@_NABUPxCookingParams@2@@Z 100146e0 f   TriangleMeshBuilder.obj
 0001:00013c70       ?computeLocalBounds@TriangleMeshBuilder@physx@@IAEXXZ 10014c70 f   TriangleMeshBuilder.obj
 0001:00013d80       ?importMesh@TriangleMeshBuilder@physx@@IAE_NABVPxTriangleMeshDesc@2@ABUPxCookingParams@2@_N@Z 10014d80 f   TriangleMeshBuilder.obj
 0001:000144a0       ??$?_UI@@YAPAXIV?$ReflectionAllocator@I@shdfnd@physx@@PBDH@Z 100154a0 f i TriangleMeshBuilder.obj
 0001:000144c0       ??0?$PxFlags@W4Enum@PxMeshFlag@physx@@G@physx@@QAE@ABV01@@Z 100154c0 f i TriangleMeshBuilder.obj
 0001:000144f0       ??0?$PxFlags@W4Enum@PxMeshFlag@physx@@G@physx@@QAE@W4Enum@PxMeshFlag@1@@Z 100154f0 f i TriangleMeshBuilder.obj
 0001:00014510       ??0?$PxFlags@W4Enum@PxMeshFlag@physx@@G@physx@@QAE@XZ 10015510 f i TriangleMeshBuilder.obj
 0001:00014530       ??0?$PxFlags@W4Enum@PxMeshPreprocessingFlag@physx@@I@physx@@QAE@ABV01@@Z 10015530 f i TriangleMeshBuilder.obj
 0001:00014550       ??0?$ReflectionAllocator@I@shdfnd@physx@@QAE@PBD@Z 10015550 f i TriangleMeshBuilder.obj
 0001:00014570       ??0PxSimpleTriangleMesh@physx@@QAE@ABV01@@Z 10015570 f i TriangleMeshBuilder.obj
 0001:000145e0       ??0PxTriangleMeshDesc@physx@@QAE@ABV01@@Z 100155e0 f i TriangleMeshBuilder.obj
 0001:00014630       ??APxVec3@physx@@QAEAAMI@Z 10015630 f i TriangleMeshBuilder.obj
 0001:000146a0       ??B?$PxFlags@W4Enum@PxMeshFlag@physx@@G@physx@@QBE_NXZ 100156a0 f i TriangleMeshBuilder.obj
 0001:000146d0       ??B?$PxFlags@W4Enum@PxMeshPreprocessingFlag@physx@@I@physx@@QBE_NXZ 100156d0 f i TriangleMeshBuilder.obj
 0001:00014700       ??I?$PxFlags@W4Enum@PxMeshFlag@physx@@G@physx@@QBE?AV01@W4Enum@PxMeshFlag@1@@Z 10015700 f i TriangleMeshBuilder.obj
 0001:00014750       ??I?$PxFlags@W4Enum@PxMeshPreprocessingFlag@physx@@I@physx@@QBE?AV01@W4Enum@PxMeshPreprocessingFlag@1@@Z 10015750 f i TriangleMeshBuilder.obj
 0001:00014790       ??S?$PxFlags@W4Enum@PxMeshFlag@physx@@G@physx@@QBE?AV01@XZ 10015790 f i TriangleMeshBuilder.obj
 0001:000147d0       ??Sphysx@@YA?AV?$PxFlags@W4Enum@PxMeshFlag@physx@@G@0@W4Enum@PxMeshFlag@0@@Z 100157d0 f i TriangleMeshBuilder.obj
 0001:00014800       ??_4?$PxFlags@W4Enum@PxMeshFlag@physx@@G@physx@@QAEAAV01@ABV01@@Z 10015800 f i TriangleMeshBuilder.obj
 0001:00014830       ??_H@YGXPAXIIP6EPAX0@Z@Z   10015830 f i TriangleMeshBuilder.obj
 0001:00014890       ?PxAbs@physx@@YAMM@Z       10015890 f i TriangleMeshBuilder.obj
 0001:000148b0       ?abs@intrinsics@physx@@YAMM@Z 100158b0 f i TriangleMeshBuilder.obj
 0001:000148d0       ?allocate@?$ReflectionAllocator@I@shdfnd@physx@@QAEPAXIPBDH@Z 100158d0 f i TriangleMeshBuilder.obj
 0001:00014930       ?gatherStrided@shdfnd@physx@@YAXPBXPAXIII@Z 10015930 f i TriangleMeshBuilder.obj
 0001:000149a0       ?getFoundation@shdfnd@physx@@YAAAVFoundation@12@XZ 100159a0 f i TriangleMeshBuilder.obj
 0001:000149b0       ?getName@?$ReflectionAllocator@I@shdfnd@physx@@CAPBDXZ 100159b0 f i TriangleMeshBuilder.obj
 0001:00014a00       ?isValid@PxSimpleTriangleMesh@physx@@QBE_NXZ 10015a00 f i TriangleMeshBuilder.obj
 0001:00014ad0       ?isValid@PxTriangleMeshDesc@physx@@QBE_NXZ 10015ad0 f i TriangleMeshBuilder.obj
 0001:00014b40       ?name@type_info@@QBEPBDXZ  10015b40 f i TriangleMeshBuilder.obj
 0001:00014b70       ?to16@shdfnd@physx@@YAGI@Z 10015b70 f i TriangleMeshBuilder.obj
 0001:00014bd0       ?writeIntBuffer@physx@@YAXPBII_NAAVPxOutputStream@1@@Z 10015bd0 f i TriangleMeshBuilder.obj
 0001:00014c00       _fabsf                     10015c00 f i TriangleMeshBuilder.obj
 0001:00014c30       _powf                      10015c30 f i TriangleMeshBuilder.obj
 0001:00014c70       ??0BigConvexDataBuilder@physx@@QAE@PBUConvexHullData@Gu@1@PAVBigConvexData@1@PBVPxVec3@1@@Z 10015c70 f   BigConvexDataBuilder.obj
 0001:00014ca0       ??1BigConvexDataBuilder@physx@@QAE@XZ 10015ca0 f   BigConvexDataBuilder.obj
 0001:00014cb0       ?Precompute@BigConvexDataBuilder@physx@@QAE_NI@Z 10015cb0 f   BigConvexDataBuilder.obj
 0001:00015070       ?Initialize@BigConvexDataBuilder@physx@@QAE_NXZ 10016070 f   BigConvexDataBuilder.obj
 0001:000150c0       ?PrecomputeSample@BigConvexDataBuilder@physx@@QAE_NIABVPxVec3@2@@Z 100160c0 f   BigConvexDataBuilder.obj
 0001:000151c0       ?Save@BigConvexDataBuilder@physx@@QBE_NAAVPxOutputStream@2@_NIPBUHullTriangleData@2@@Z 100161c0 f   BigConvexDataBuilder.obj
 0001:000152b0       ?ComputeValencies@BigConvexDataBuilder@physx@@QBE_NIPBUHullTriangleData@2@@Z 100162b0 f   BigConvexDataBuilder.obj
 0001:00015300       ?Compute@BigConvexDataBuilder@physx@@QBE_NABUVALENCIESCREATE@2@@Z 10016300 f   BigConvexDataBuilder.obj
 0001:00015760       ?Save@BigConvexDataBuilder@physx@@QBE_NAAVPxOutputStream@2@_N@Z 10016760 f   BigConvexDataBuilder.obj
 0001:00015c20       ??$?_UE@@YAPAXIV?$ReflectionAllocator@E@shdfnd@physx@@PBDH@Z 10016c20 f i BigConvexDataBuilder.obj
 0001:00015c40       ??$?_UG@@YAPAXIV?$ReflectionAllocator@G@shdfnd@physx@@PBDH@Z 10016c40 f i BigConvexDataBuilder.obj
 0001:00015c60       ??$?_UUValency@Gu@physx@@@@YAPAXIV?$ReflectionAllocator@UValency@Gu@physx@@@shdfnd@physx@@PBDH@Z 10016c60 f i BigConvexDataBuilder.obj
 0001:00015c80       ??0?$ReflectionAllocator@E@shdfnd@physx@@QAE@PBD@Z 10016c80 f i BigConvexDataBuilder.obj
 0001:00015ca0       ??0?$ReflectionAllocator@G@shdfnd@physx@@QAE@PBD@Z 10016ca0 f i BigConvexDataBuilder.obj
 0001:00015cc0       ??0?$ReflectionAllocator@UValency@Gu@physx@@@shdfnd@physx@@QAE@PBD@Z 10016cc0 f i BigConvexDataBuilder.obj
 0001:00015ce0       ??0EDGELISTCREATE@Gu@physx@@QAE@XZ 10016ce0 f i BigConvexDataBuilder.obj
 0001:00015d50       ??0PxVec3@physx@@QAE@XZ    10016d50 f i BigConvexDataBuilder.obj
 0001:00015d70       ??0VALENCIESCREATE@physx@@QAE@XZ 10016d70 f i BigConvexDataBuilder.obj
 0001:00015da0       ??_0PxVec3@physx@@QAEAAV01@M@Z 10016da0 f i BigConvexDataBuilder.obj
 0001:00015e20       ?GetEdge@EdgeList@Gu@physx@@QBEABUEdgeData@23@I@Z 10016e20 f i BigConvexDataBuilder.obj
 0001:00015e40       ?GetNbEdges@EdgeList@Gu@physx@@QBEIXZ 10016e40 f i BigConvexDataBuilder.obj
 0001:00015e60       ?PxMemZero@physx@@YAPAXPIAXI@Z 10016e60 f i BigConvexDataBuilder.obj
 0001:00015e80       ?PxSqrt@physx@@YAMM@Z      10016e80 f i BigConvexDataBuilder.obj
 0001:00015ea0       ?allocate@?$ReflectionAllocator@E@shdfnd@physx@@QAEPAXIPBDH@Z 10016ea0 f i BigConvexDataBuilder.obj
 0001:00015f00       ?allocate@?$ReflectionAllocator@G@shdfnd@physx@@QAEPAXIPBDH@Z 10016f00 f i BigConvexDataBuilder.obj
 0001:00015f60       ?allocate@?$ReflectionAllocator@UValency@Gu@physx@@@shdfnd@physx@@QAEPAXIPBDH@Z 10016f60 f i BigConvexDataBuilder.obj
 0001:00015fc0       ?dot@PxVec3@physx@@QBEMABV12@@Z 10016fc0 f i BigConvexDataBuilder.obj
 0001:00016020       ?getName@?$ReflectionAllocator@E@shdfnd@physx@@CAPBDXZ 10017020 f i BigConvexDataBuilder.obj
 0001:00016070       ?getName@?$ReflectionAllocator@G@shdfnd@physx@@CAPBDXZ 10017070 f i BigConvexDataBuilder.obj
 0001:000160c0       ?getName@?$ReflectionAllocator@UValency@Gu@physx@@@shdfnd@physx@@CAPBDXZ 100170c0 f i BigConvexDataBuilder.obj
 0001:00016110       ?magnitude@PxVec3@physx@@QBEMXZ 10017110 f i BigConvexDataBuilder.obj
 0001:00016140       ?magnitudeSquared@PxVec3@physx@@QBEMXZ 10017140 f i BigConvexDataBuilder.obj
 0001:000161a0       ?memZero@intrinsics@physx@@YAPAXPIAXI@Z 100171a0 f i BigConvexDataBuilder.obj
 0001:000161c0       ?normalize@PxVec3@physx@@QAEMXZ 100171c0 f i BigConvexDataBuilder.obj
 0001:00016210       ?sqrt@intrinsics@physx@@YAMM@Z 10017210 f i BigConvexDataBuilder.obj
 0001:00016230       _sqrtf                     10017230 f i BigConvexDataBuilder.obj
 0001:000162b0       ??0ConvexHullBuilder@physx@@QAE@PAUConvexHullData@Gu@1@@Z 100172b0 f   ConvexHullBuilder.obj
 0001:00016330       ??1ConvexHullBuilder@physx@@QAE@XZ 10017330 f   ConvexHullBuilder.obj
 0001:00016440       ?Init@ConvexHullBuilder@physx@@QAE_NIPBVPxVec3@2@IPBIIPBUPxHullPolygon@2@@Z 10017440 f   ConvexHullBuilder.obj
 0001:00016cb0       ?Save@ConvexHullBuilder@physx@@QBE_NAAVPxOutputStream@2@_N@Z 10017cb0 f   ConvexHullBuilder.obj
 0001:00016ed0       ?CreateEdgeList@ConvexHullBuilder@physx@@QAE_NXZ 10017ed0 f   ConvexHullBuilder.obj
 0001:000179d0       ?CreatePolygonData@ConvexHullBuilder@physx@@QAE_NXZ 100189d0 f   ConvexHullBuilder.obj
 0001:00018610       ?CheckHullPolygons@ConvexHullBuilder@physx@@QBE_NXZ 10019610 f   ConvexHullBuilder.obj
 0001:00018cd0       ?CreateTrianglesFromPolygons@ConvexHullBuilder@physx@@QAE_NXZ 10019cd0 f   ConvexHullBuilder.obj
 0001:00019140       ?ComputeGeomCenter@ConvexHullBuilder@physx@@QBE_NAAVPxVec3@2@@Z 1001a140 f   ConvexHullBuilder.obj
 0001:00019290       ?CalculateVertexMapTable@ConvexHullBuilder@physx@@QAE_NI_N@Z 1001a290 f   ConvexHullBuilder.obj
 0001:000194b0       ?ComputeHullPolygons@ConvexHullBuilder@physx@@QAE_NABIPBVPxVec3@2@0PBI@Z 1001a4b0 f   ConvexHullBuilder.obj
 0001:0001c310       ??$?_UUEdgeDescData@Gu@physx@@@@YAPAXIV?$ReflectionAllocator@UEdgeDescData@Gu@physx@@@shdfnd@physx@@PBDH@Z 1001d310 f i ConvexHullBuilder.obj
 0001:0001c330       ??$?_UUHullTriangleData@physx@@@@YAPAXIV?$ReflectionAllocator@UHullTriangleData@physx@@@shdfnd@physx@@PBDH@Z 1001d330 f i ConvexHullBuilder.obj
 0001:0001c350       ??$PX_UNUSED@H@@YAXABH@Z   1001d350 f i ConvexHullBuilder.obj
 0001:0001c360       ??$PlaneEquation@U?$TriangleT@I@Gu@physx@@@@YA?AVPxPlane@physx@@ABU?$TriangleT@I@Gu@1@PBVPxVec3@1@@Z 1001d360 f i ConvexHullBuilder.obj
 0001:0001c3e0       ??$swap@E@shdfnd@physx@@YAXAAE0@Z 1001d3e0 f i ConvexHullBuilder.obj
 0001:0001c410       ??0?$ReflectionAllocator@UEdgeDescData@Gu@physx@@@shdfnd@physx@@QAE@PBD@Z 1001d410 f i ConvexHullBuilder.obj
 0001:0001c430       ??0?$ReflectionAllocator@UHullTriangleData@physx@@@shdfnd@physx@@QAE@PBD@Z 1001d430 f i ConvexHullBuilder.obj
 0001:0001c450       ??0?$TriangleT@I@Gu@physx@@QAE@III@Z 1001d450 f i ConvexHullBuilder.obj
 0001:0001c4b0       ??0ADJACENCIESCREATE@physx@@QAE@XZ 1001d4b0 f i ConvexHullBuilder.obj
 0001:0001c510       ??0HullPolygonData@Gu@physx@@QAE@ABU012@@Z 1001d510 f i ConvexHullBuilder.obj
 0001:0001c570       ??0PxPlane@physx@@QAE@ABV01@@Z 1001d570 f i ConvexHullBuilder.obj
 0001:0001c5b0       ??0PxPlane@physx@@QAE@ABVPxVec3@1@00@Z 1001d5b0 f i ConvexHullBuilder.obj
 0001:0001c650       ??0PxPlane@physx@@QAE@MMMM@Z 1001d650 f i ConvexHullBuilder.obj
 0001:0001c6b0       ??4PxPlane@physx@@QAEAAV01@$$QAV01@@Z 1001d6b0 f i ConvexHullBuilder.obj
 0001:0001c6f0       ??DPxVec3@physx@@QBE?AV01@M@Z 1001d6f0 f i ConvexHullBuilder.obj
 0001:0001c760       ??GPxVec3@physx@@QBE?AV01@ABV01@@Z 1001d760 f i ConvexHullBuilder.obj
 0001:0001c7d0       ??GPxVec3@physx@@QBE?AV01@XZ 1001d7d0 f i ConvexHullBuilder.obj
 0001:0001c840       ??YPxVec3@physx@@QAEAAV01@ABV01@@Z 1001d840 f i ConvexHullBuilder.obj
 0001:0001cda0       ?ComputeNbPolygons@ConvexHullBuilder@physx@@QBEIXZ 1001dda0 f i ConvexHullBuilder.obj
 0001:0001cde0       ?Flip@physx@@YAXAAUHullTriangleData@1@@Z 1001dde0 f i ConvexHullBuilder.obj
 0001:0001cf30       ?GetAdjTri@AdjTriangle@physx@@QBEIW4SharedEdgeIndex@2@@Z 1001df30 f i ConvexHullBuilder.obj
 0001:0001cf60       ?GetFaces@ConvexHullBuilder@physx@@QBEPBUHullTriangleData@2@XZ 1001df60 f i ConvexHullBuilder.obj
 0001:0001cf80       ?GetNbFaces@ConvexHullBuilder@physx@@QBEIXZ 1001df80 f i ConvexHullBuilder.obj
 0001:0001d2d0       ?HasActiveEdge01@AdjTriangle@physx@@QBEHXZ 1001e2d0 f i ConvexHullBuilder.obj
 0001:0001d300       ?HasActiveEdge12@AdjTriangle@physx@@QBEHXZ 1001e300 f i ConvexHullBuilder.obj
 0001:0001d330       ?HasActiveEdge20@AdjTriangle@physx@@QBEHXZ 1001e330 f i ConvexHullBuilder.obj
 0001:0001d360       ?HasActiveEdge@AdjTriangle@physx@@QBEHI@Z 1001e360 f i ConvexHullBuilder.obj
 0001:0001d390       ?PxRecipSqrt@physx@@YAMM@Z 1001e390 f i ConvexHullBuilder.obj
 0001:0001d3b0       ?allocate@?$ReflectionAllocator@UEdgeDescData@Gu@physx@@@shdfnd@physx@@QAEPAXIPBDH@Z 1001e3b0 f i ConvexHullBuilder.obj
 0001:0001d410       ?allocate@?$ReflectionAllocator@UHullTriangleData@physx@@@shdfnd@physx@@QAEPAXIPBDH@Z 1001e410 f i ConvexHullBuilder.obj
 0001:0001d470       ?area@?$TriangleT@I@Gu@physx@@QBEMPBVPxVec3@3@@Z 1001e470 f i ConvexHullBuilder.obj
 0001:0001d530       ?center@?$TriangleT@I@Gu@physx@@QBEXPBVPxVec3@3@AAV43@@Z 1001e530 f i ConvexHullBuilder.obj
 0001:0001d5f0       ?cross@PxVec3@physx@@QBE?AV12@ABV12@@Z 1001e5f0 f i ConvexHullBuilder.obj
 0001:0001d6b0       ?distance@PxPlane@physx@@QBEMABVPxVec3@2@@Z 1001e6b0 f i ConvexHullBuilder.obj
 0001:0001d6f0       ?flip@?$TriangleT@I@Gu@physx@@QAEXXZ 1001e6f0 f i ConvexHullBuilder.obj
 0001:0001d730       ?flip@physx@@YAXAAG@Z      1001e730 f i ConvexHullBuilder.obj
 0001:0001d7a0       ?flip@physx@@YAXAAM@Z      1001e7a0 f i ConvexHullBuilder.obj
 0001:0001d850       ?flipData@Gu@physx@@YAXAAUHullPolygonData@12@@Z 1001e850 f i ConvexHullBuilder.obj
 0001:0001d8b0       ?getName@?$ReflectionAllocator@UEdgeDescData@Gu@physx@@@shdfnd@physx@@CAPBDXZ 1001e8b0 f i ConvexHullBuilder.obj
 0001:0001d900       ?getName@?$ReflectionAllocator@UHullTriangleData@physx@@@shdfnd@physx@@CAPBDXZ 1001e900 f i ConvexHullBuilder.obj
 0001:0001d950       ?getNormalized@PxVec3@physx@@QBE?AV12@XZ 1001e950 f i ConvexHullBuilder.obj
 0001:0001da10       ?recipSqrt@intrinsics@physx@@YAMM@Z 1001ea10 f i ConvexHullBuilder.obj
 0001:0001da60       ?to8@shdfnd@physx@@YAEI@Z  1001ea60 f i ConvexHullBuilder.obj
 0001:0001dac0       ??0ConvexMeshBuilder@physx@@QAE@XZ 1001eac0 f   ConvexMeshBuilder.obj
 0001:0001db00       ??1ConvexMeshBuilder@physx@@UAE@XZ 1001eb00 f   ConvexMeshBuilder.obj
 0001:0001db40       ?loadFromDesc@ConvexMeshBuilder@physx@@QAE_NABVPxConvexMeshDesc@2@W4Enum@PxPlatform@2@@Z 1001eb40 f   ConvexMeshBuilder.obj
 0001:0001dbf0       ?save@ConvexMeshBuilder@physx@@QBE_NAAVPxOutputStream@2@_N@Z 1001ebf0 f   ConvexMeshBuilder.obj
 0001:0001dee0       ?loadConvexHull@ConvexMeshBuilder@physx@@QAE_NABVPxConvexMeshDesc@2@@Z 1001eee0 f   ConvexMeshBuilder.obj
 0001:0001e200       ?computeHullPolygons@ConvexMeshBuilder@physx@@QAE_NABIPBVPxVec3@2@0PBIAAVPxAllocatorCallback@2@AAIAAPAV32@4AAPAI4AAPAUPxHullPolygon@2@@Z 1001f200 f   ConvexMeshBuilder.obj
 0001:0001e4d0       ?computeGaussMaps@ConvexMeshBuilder@physx@@QAE_NXZ 1001f4d0 f   ConvexMeshBuilder.obj
 0001:0001e5b0       ?computeMassInfo@ConvexMeshBuilder@physx@@QAEXXZ 1001f5b0 f   ConvexMeshBuilder.obj
 0001:0001e810       ?computeInternalObjects@ConvexMeshBuilder@physx@@QAEXXZ 1001f810 f   ConvexMeshBuilder.obj
 0001:0001f740       ??0?$PxFlags@W4Enum@PxBaseFlag@physx@@G@physx@@QAE@ABV01@@Z 10020740 f i ConvexMeshBuilder.obj
 0001:0001f770       ??0?$PxFlags@W4Enum@PxConvexFlag@physx@@G@physx@@QAE@ABV01@@Z 10020770 f i ConvexMeshBuilder.obj
 0001:0001f7a0       ??0?$ReflectionAllocator@VBigConvexData@physx@@@shdfnd@physx@@QAE@PBD@Z 100207a0 f i ConvexMeshBuilder.obj
 0001:0001f7c0       ??0PxBoundedData@physx@@QAE@XZ 100207c0 f i ConvexMeshBuilder.obj
 0001:0001f7f0       ??0PxIntegrals@physx@@QAE@XZ 100207f0 f i ConvexMeshBuilder.obj
 0001:0001f810       ??0PxMat33@physx@@QAE@ABVPxVec3@1@00@Z 10020810 f i ConvexMeshBuilder.obj
 0001:0001f860       ??0PxSimpleTriangleMesh@physx@@QAE@XZ 10020860 f i ConvexMeshBuilder.obj
 0001:0001f8a0       ??0PxStridedData@physx@@QAE@XZ 100208a0 f i ConvexMeshBuilder.obj
 0001:0001f8d0       ??2UserAllocated@shdfnd@physx@@SAPAXIPAX@Z 100208d0 f i ConvexMeshBuilder.obj
 0001:0001f8e0       ??3UserAllocated@shdfnd@physx@@SAXPAX@Z 100208e0 f i ConvexMeshBuilder.obj
 0001:0001f910       ??4PxMat33@physx@@QAEAAV01@ABV01@@Z 10020910 f i ConvexMeshBuilder.obj
 0001:0001f960       ??APxMat33@physx@@QAEAAVPxVec3@1@I@Z 10020960 f i ConvexMeshBuilder.obj
 0001:0001f980       ??B?$PxFlags@W4Enum@PxBaseFlag@physx@@G@physx@@QBE_NXZ 10020980 f i ConvexMeshBuilder.obj
 0001:0001f9b0       ??B?$PxFlags@W4Enum@PxConvexFlag@physx@@G@physx@@QBE_NXZ 100209b0 f i ConvexMeshBuilder.obj
 0001:0001f9e0       ??GPxMat33@physx@@QBE?AV01@XZ 100209e0 f i ConvexMeshBuilder.obj
 0001:0001fa40       ??I?$PxFlags@W4Enum@PxBaseFlag@physx@@G@physx@@QBE?AV01@W4Enum@PxBaseFlag@1@@Z 10020a40 f i ConvexMeshBuilder.obj
 0001:0001fa90       ??I?$PxFlags@W4Enum@PxConvexFlag@physx@@G@physx@@QBE?AV01@W4Enum@PxConvexFlag@1@@Z 10020a90 f i ConvexMeshBuilder.obj
 0001:0001fae0       ??RPxMat33@physx@@QAEAAMII@Z 10020ae0 f i ConvexMeshBuilder.obj
 0001:0001fb10       ??XPxVec3@physx@@QAEAAV01@M@Z 10020b10 f i ConvexMeshBuilder.obj
 0001:0001fb70       ??_EConvexMeshBuilder@physx@@W7AEPAXI@Z 10020b70 f i ConvexMeshBuilder.obj
 0001:0001fb80       ??_GBigConvexData@physx@@QAEPAXI@Z 10020b80 f i ConvexMeshBuilder.obj
 0001:0001fbe0       ??_GConvexMeshBuilder@physx@@UAEPAXI@Z 10020be0 f i ConvexMeshBuilder.obj
 0001:0001fbe0       ??_EConvexMeshBuilder@physx@@UAEPAXI@Z 10020be0 f i ConvexMeshBuilder.obj
 0001:0001fc40       ?PxGetGaussMapVertexLimitForPlatform@physx@@YAIW4Enum@PxPlatform@1@@Z 10020c40 f i ConvexMeshBuilder.obj
 0001:0001fcf0       ?allocate@?$ReflectionAllocator@VBigConvexData@physx@@@shdfnd@physx@@QAEPAXIPBDH@Z 10020cf0 f i ConvexMeshBuilder.obj
 0001:0001fd50       ?getName@?$ReflectionAllocator@VBigConvexData@physx@@@shdfnd@physx@@CAPBDXZ 10020d50 f i ConvexMeshBuilder.obj
 0001:0001fda0       ?getOriginInertia@PxIntegrals@physx@@QAEXAAVPxMat33@2@@Z 10020da0 f i ConvexMeshBuilder.obj
 0001:0001fe40       ?isReleasable@PxBase@physx@@UBE_NXZ 10020e40 f i ConvexMeshBuilder.obj
 0001:0001fe70       ?isValid@PxConvexMeshDesc@physx@@QBE_NXZ 10020e70 f i ConvexMeshBuilder.obj
 0001:00020070       ?largestAxis@shdfnd@physx@@YAIABVPxVec3@2@@Z 10021070 f i ConvexMeshBuilder.obj
 0001:000200f0       ?markSerializedMem@Cm@physx@@YAXPAXI@Z 100210f0 f i ConvexMeshBuilder.obj
 0001:00020130       ?requires@ConvexMesh@Gu@physx@@UAEXAAVPxProcessPxBaseCallback@3@@Z 10021130 f i ConvexMeshBuilder.obj
 0001:00020140       ??0HullLibrary@physx@@QAE@XZ 10021140 f   hulllib.obj
 0001:000201b0       ??1HullLibrary@physx@@QAE@XZ 100211b0 f   hulllib.obj
 0001:000201f0       ?CreateConvexHull@HullLibrary@physx@@QAE?AW4HullError@2@ABVHullDesc@2@AAVHullResult@2@@Z 100211f0 f   hulllib.obj
 0001:00020830       ?ReleaseResult@HullLibrary@physx@@QAE?AW4HullError@2@AAVHullResult@2@@Z 10021830 f   hulllib.obj
 0001:000208b0       ?CreateTriangleMesh@HullLibrary@physx@@QAE?AW4HullError@2@AAVHullResult@2@PAVConvexHullTriangleInterface@2@@Z 100218b0 f   hulllib.obj
 0001:00020a10       ?b2bfix@HullLibrary@physx@@AAEXPAVTri@2@0@Z 10021a10 f   hulllib.obj
 0001:00020be0       ?removeb2b@HullLibrary@physx@@AAEXPAVTri@2@0@Z 10021be0 f   hulllib.obj
 0001:00020c30       ?checkit@HullLibrary@physx@@ABEXPAVTri@2@@Z 10021c30 f   hulllib.obj
 0001:00020db0       ?extrude@HullLibrary@physx@@AAEXPAVTri@2@H@Z 10021db0 f   hulllib.obj
 0001:000211d0       ?extrudable@HullLibrary@physx@@ABEPAVTri@2@M@Z 100221d0 f   hulllib.obj
 0001:00021280       ?calchullgen@HullLibrary@physx@@AAE?AW4HullError@2@PAVfloat3@2@HHM@Z 10022280 f   hulllib.obj
 0001:00022060       ?calchull@HullLibrary@physx@@AAE?AW4HullError@2@PAVfloat3@2@HAAPAHAAHAAPAV42@2HM@Z 10023060 f   hulllib.obj
 0001:000222f0       ?expandhull@HullLibrary@physx@@AAE?AW4HullError@2@PAVfloat3@2@HAAPAV42@AAHM@Z 100232f0 f   hulllib.obj
 0001:00022d50       ?calchullpbev@HullLibrary@physx@@AAE?AW4HullError@2@PAVfloat3@2@HHAAV?$Array@VPlane@physx@@@hullLibArray@2@M@Z 10023d50 f   hulllib.obj
 0001:00023670       ?ComputeHull@HullLibrary@physx@@AAE?AW4HullError@2@IPBMAAVPHullResult@2@IMM@Z 10024670 f   hulllib.obj
 0001:00023950       ?overhullv@HullLibrary@physx@@AAE?AW4HullError@2@PAVfloat3@2@HHAAPAV42@AAHAAPAH2MMHM@Z 10024950 f   hulllib.obj
 0001:00024680       ??0ConvexH@physx@@QAE@HHH@Z 10025680 f   hulllib.obj
 0001:00027110       ?neib@Tri@physx@@QAEAAHHH@Z 10028110 f   hulllib.obj
 0001:0002c100       ??$?2V?$ReflectionAllocator@VConvexH@physx@@@shdfnd@physx@@@UserAllocated@shdfnd@physx@@SAPAXIV?$ReflectionAllocator@VConvexH@physx@@@12@PBDH@Z 1002d100 f i hulllib.obj
 0001:0002c120       ??$?2V?$ReflectionAllocator@VTri@physx@@@shdfnd@physx@@@UserAllocated@shdfnd@physx@@SAPAXIV?$ReflectionAllocator@VTri@physx@@@12@PBDH@Z 1002d120 f i hulllib.obj
 0001:0002c140       ??$?_UM@@YAPAXIV?$ReflectionAllocator@M@shdfnd@physx@@PBDH@Z 1002d140 f i hulllib.obj
 0001:0002c160       ??$Max@M@physx@@YAMABM0@Z  1002d160 f i hulllib.obj
 0001:0002c1b0       ??$Min@H@physx@@YAHABH0@Z  1002d1b0 f i hulllib.obj
 0001:0002c1f0       ??$Min@M@physx@@YAMABM0@Z  1002d1f0 f i hulllib.obj
 0001:0002c240       ??$Swap@H@physx@@YAXAAH0@Z 1002d240 f i hulllib.obj
 0001:0002c270       ??$__vcrt_va_start_verify_argument_type@QBD@@YAXXZ 1002d270 f i hulllib.obj
 0001:0002c280       ??$maxdir@Vfloat3@physx@@@physx@@YAHPBVfloat3@0@HABV10@@Z 1002d280 f i hulllib.obj
 0001:0002c370       ??$maxdirfiltered@Vfloat3@physx@@@physx@@YAHPBVfloat3@0@HABV10@PA_N@Z 1002d370 f i hulllib.obj
 0001:0002c4c0       ??$maxdirsterid@Vfloat3@physx@@@physx@@YAHPBVfloat3@0@HABV10@AAV?$Array@H@hullLibArray@0@@Z 1002d4c0 f i hulllib.obj
 0001:0002ca00       ??0?$Array@H@hullLibArray@physx@@QAE@H@Z 1002da00 f i hulllib.obj
 0001:0002ca50       ??0?$Array@PAVTri@physx@@@hullLibArray@physx@@QAE@H@Z 1002da50 f i hulllib.obj
 0001:0002caa0       ??0?$Array@UExpandPlane@physx@@@hullLibArray@physx@@QAE@H@Z 1002daa0 f i hulllib.obj
 0001:0002caf0       ??0?$Array@VHalfEdge@ConvexH@physx@@@hullLibArray@physx@@QAE@H@Z 1002daf0 f i hulllib.obj
 0001:0002cb40       ??0?$Array@VPlane@physx@@@hullLibArray@physx@@QAE@H@Z 1002db40 f i hulllib.obj
 0001:0002cb90       ??0?$Array@Vfloat3@physx@@@hullLibArray@physx@@QAE@H@Z 1002db90 f i hulllib.obj
 0001:0002cbe0       ??0?$Array@Vint3@physx@@@hullLibArray@physx@@QAE@H@Z 1002dbe0 f i hulllib.obj
 0001:0002cc30       ??0?$ReflectionAllocator@M@shdfnd@physx@@QAE@PBD@Z 1002dc30 f i hulllib.obj
 0001:0002cc50       ??0?$ReflectionAllocator@VConvexH@physx@@@shdfnd@physx@@QAE@PBD@Z 1002dc50 f i hulllib.obj
 0001:0002cc70       ??0?$ReflectionAllocator@VTri@physx@@@shdfnd@physx@@QAE@PBD@Z 1002dc70 f i hulllib.obj
 0001:0002cc90       ??0?$ScopedPointer@_NVTempAllocator@shdfnd@physx@@@shdfnd@physx@@QAE@XZ 1002dc90 f i hulllib.obj
 0001:0002ccb0       ??0ExpandPlane@physx@@QAE@XZ 1002dcb0 f i hulllib.obj
 0001:0002cd40       ??0HalfEdge@ConvexH@physx@@QAE@FEE@Z 1002dd40 f i hulllib.obj
 0001:0002cd80       ??0HalfEdge@ConvexH@physx@@QAE@XZ 1002dd80 f i hulllib.obj
 0001:0002cda0       ??0PHullResult@physx@@QAE@XZ 1002dda0 f i hulllib.obj
 0001:0002cdf0       ??0Plane@physx@@QAE@ABVfloat3@1@M@Z 1002ddf0 f i hulllib.obj
 0001:0002ce30       ??0Plane@physx@@QAE@XZ     1002de30 f i hulllib.obj
 0001:0002ce60       ??0Tri@physx@@QAE@HHHPAV?$Array@PAVTri@physx@@@hullLibArray@1@@Z 1002de60 f i hulllib.obj
 0001:0002cee0       ??0float3@physx@@QAE@MMM@Z 1002dee0 f i hulllib.obj
 0001:0002cf30       ??0float3@physx@@QAE@XZ    1002df30 f i hulllib.obj
 0001:0002cf80       ??0float3x3@physx@@QAE@Vfloat3@1@00@Z 1002df80 f i hulllib.obj
 0001:0002cff0       ??0float3x3@physx@@QAE@XZ  1002dff0 f i hulllib.obj
 0001:0002d030       ??0int3@physx@@QAE@HHH@Z   1002e030 f i hulllib.obj
 0001:0002d070       ??0int4@physx@@QAE@HHHH@Z  1002e070 f i hulllib.obj
 0001:0002d0b0       ??1?$Array@H@hullLibArray@physx@@QAE@XZ 1002e0b0 f i hulllib.obj
 0001:0002d120       ??1?$Array@PAVTri@physx@@@hullLibArray@physx@@QAE@XZ 1002e120 f i hulllib.obj
 0001:0002d190       ??1?$Array@UExpandPlane@physx@@@hullLibArray@physx@@QAE@XZ 1002e190 f i hulllib.obj
 0001:0002d200       ??1?$Array@VHalfEdge@ConvexH@physx@@@hullLibArray@physx@@QAE@XZ 1002e200 f i hulllib.obj
 0001:0002d270       ??1?$Array@VPlane@physx@@@hullLibArray@physx@@QAE@XZ 1002e270 f i hulllib.obj
 0001:0002d2e0       ??1?$Array@Vfloat3@physx@@@hullLibArray@physx@@QAE@XZ 1002e2e0 f i hulllib.obj
 0001:0002d350       ??1?$Array@Vint3@physx@@@hullLibArray@physx@@QAE@XZ 1002e350 f i hulllib.obj
 0001:0002d3c0       ??1?$ScopedPointer@_NVTempAllocator@shdfnd@physx@@@shdfnd@physx@@QAE@XZ 1002e3c0 f i hulllib.obj
 0001:0002d3f0       ??1ConvexH@physx@@QAE@XZ   1002e3f0 f i hulllib.obj
 0001:0002d430       ??1Tri@physx@@IAE@XZ       1002e430 f i hulllib.obj
 0001:0002d440       ??8physx@@YAHABVPlane@0@0@Z 1002e440 f i hulllib.obj
 0001:0002d4a0       ??8physx@@YAHABVfloat3@0@0@Z 1002e4a0 f i hulllib.obj
 0001:0002d510       ??9physx@@YAHABVfloat3@0@0@Z 1002e510 f i hulllib.obj
 0001:0002d580       ??A?$Array@H@hullLibArray@physx@@QAEAAHH@Z 1002e580 f i hulllib.obj
 0001:0002d600       ??A?$Array@PAVTri@physx@@@hullLibArray@physx@@QAEAAPAVTri@2@H@Z 1002e600 f i hulllib.obj
 0001:0002d680       ??A?$Array@UExpandPlane@physx@@@hullLibArray@physx@@QAEAAUExpandPlane@2@H@Z 1002e680 f i hulllib.obj
 0001:0002d700       ??A?$Array@VHalfEdge@ConvexH@physx@@@hullLibArray@physx@@QAEAAVHalfEdge@ConvexH@2@H@Z 1002e700 f i hulllib.obj
 0001:0002d780       ??A?$Array@VPlane@physx@@@hullLibArray@physx@@QAEAAVPlane@2@H@Z 1002e780 f i hulllib.obj
 0001:0002d800       ??A?$Array@Vfloat3@physx@@@hullLibArray@physx@@QAEAAVfloat3@2@H@Z 1002e800 f i hulllib.obj
 0001:0002d880       ??Afloat3@physx@@QAEAAMH@Z 1002e880 f i hulllib.obj
 0001:0002d8f0       ??Afloat3@physx@@QBEABMH@Z 1002e8f0 f i hulllib.obj
 0001:0002d960       ??Afloat3x3@physx@@QAEAAVfloat3@1@H@Z 1002e960 f i hulllib.obj
 0001:0002d9d0       ??Afloat3x3@physx@@QBEABVfloat3@1@H@Z 1002e9d0 f i hulllib.obj
 0001:0002da40       ??Aint3@physx@@QAEAAHH@Z   1002ea40 f i hulllib.obj
 0001:0002da60       ??Aint3@physx@@QBEABHH@Z   1002ea60 f i hulllib.obj
 0001:0002da80       ??Aint4@physx@@QAEAAHH@Z   1002ea80 f i hulllib.obj
 0001:0002daa0       ??B?$ScopedPointer@_NVTempAllocator@shdfnd@physx@@@shdfnd@physx@@QBEPA_NXZ 1002eaa0 f i hulllib.obj
 0001:0002dac0       ??_G?$Array@PAVTri@physx@@@hullLibArray@physx@@QAEPAXI@Z 1002eac0 f i hulllib.obj
 0001:0002db00       ??_GConvexH@physx@@QAEPAXI@Z 1002eb00 f i hulllib.obj
 0001:0002db60       ??_GTri@physx@@IAEPAXI@Z   1002eb60 f i hulllib.obj
 0001:0002dbc0       ?Add@?$Array@H@hullLibArray@physx@@QAEAAHH@Z 1002ebc0 f i hulllib.obj
 0001:0002dcb0       ?Add@?$Array@PAVTri@physx@@@hullLibArray@physx@@QAEAAPAVTri@3@PAV43@@Z 1002ecb0 f i hulllib.obj
 0001:0002dda0       ?Add@?$Array@UExpandPlane@physx@@@hullLibArray@physx@@QAEAAUExpandPlane@3@U43@@Z 1002eda0 f i hulllib.obj
 0001:0002dea0       ?Add@?$Array@VPlane@physx@@@hullLibArray@physx@@QAEAAVPlane@3@V43@@Z 1002eea0 f i hulllib.obj
 0001:0002dfb0       ?Add@?$Array@Vfloat3@physx@@@hullLibArray@physx@@QAEAAVfloat3@3@V43@@Z 1002efb0 f i hulllib.obj
 0001:0002e0b0       ?Add@?$Array@Vint3@physx@@@hullLibArray@physx@@QAEAAVint3@3@V43@@Z 1002f0b0 f i hulllib.obj
 0001:0002e1b0       ?HasHullFlag@HullDesc@physx@@QBE_NW4HullFlag@2@@Z 1002f1b0 f i hulllib.obj
 0001:0002e320       ?PxMemSet@physx@@YAPAXPIAXHI@Z 1002f320 f i hulllib.obj
 0001:0002e340       ?SetSize@?$Array@PAVTri@physx@@@hullLibArray@physx@@QAEXH@Z 1002f340 f i hulllib.obj
 0001:0002e3d0       ?SetSize@?$Array@Vint3@physx@@@hullLibArray@physx@@QAEXH@Z 1002f3d0 f i hulllib.obj
 0001:0002e460       ?allocate@?$Array@H@hullLibArray@physx@@QAEXH@Z 1002f460 f i hulllib.obj
 0001:0002e640       ?allocate@?$Array@PAVTri@physx@@@hullLibArray@physx@@QAEXH@Z 1002f640 f i hulllib.obj
 0001:0002e820       ?allocate@?$Array@UExpandPlane@physx@@@hullLibArray@physx@@QAEXH@Z 1002f820 f i hulllib.obj
 0001:0002ea00       ?allocate@?$Array@VHalfEdge@ConvexH@physx@@@hullLibArray@physx@@QAEXH@Z 1002fa00 f i hulllib.obj
 0001:0002ebe0       ?allocate@?$Array@VPlane@physx@@@hullLibArray@physx@@QAEXH@Z 1002fbe0 f i hulllib.obj
 0001:0002ede0       ?allocate@?$Array@Vfloat3@physx@@@hullLibArray@physx@@QAEXH@Z 1002fde0 f i hulllib.obj
 0001:0002efd0       ?allocate@?$Array@Vint3@physx@@@hullLibArray@physx@@QAEXH@Z 1002ffd0 f i hulllib.obj
 0001:0002f1c0       ?allocate@?$ReflectionAllocator@M@shdfnd@physx@@QAEPAXIPBDH@Z 100301c0 f i hulllib.obj
 0001:0002f220       ?allocate@?$ReflectionAllocator@VConvexH@physx@@@shdfnd@physx@@QAEPAXIPBDH@Z 10030220 f i hulllib.obj
 0001:0002f280       ?allocate@?$ReflectionAllocator@VTri@physx@@@shdfnd@physx@@QAEPAXIPBDH@Z 10030280 f i hulllib.obj
 0001:0002f2e0       ?distance@Plane@physx@@QBEMABVfloat3@2@@Z 100302e0 f i hulllib.obj
 0001:0002f350       ?getName@?$ReflectionAllocator@M@shdfnd@physx@@CAPBDXZ 10030350 f i hulllib.obj
 0001:0002f3a0       ?getName@?$ReflectionAllocator@VConvexH@physx@@@shdfnd@physx@@CAPBDXZ 100303a0 f i hulllib.obj
 0001:0002f3f0       ?getName@?$ReflectionAllocator@VTri@physx@@@shdfnd@physx@@CAPBDXZ 100303f0 f i hulllib.obj
 0001:0002f440       ?memSet@intrinsics@physx@@YAPAXPIAXHI@Z 10030440 f i hulllib.obj
 0001:0002f460       ?to8@shdfnd@physx@@YAEG@Z  10030460 f i hulllib.obj
 0001:0002f4c0       ___local_stdio_printf_options 100304c0 f i hulllib.obj
 0001:0002f4d0       __vfprintf_l               100304d0 f i hulllib.obj
 0001:0002f510       _cosf                      10030510 f i hulllib.obj
 0001:0002f540       _printf                    10030540 f i hulllib.obj
 0001:0002f590       _sinf                      10030590 f i hulllib.obj
 0001:0002f610       ?computeVolumeIntegrals@physx@@YA_NABVPxSimpleTriangleMesh@1@MAAUPxIntegrals@1@@Z 10030610 f   VolumeIntegration.obj
 0001:0002f670       ?computeVolumeIntegralsEberly@physx@@YA_NABVPxSimpleTriangleMesh@1@MAAUPxIntegrals@1@ABVPxVec3@1@@Z 10030670 f   VolumeIntegration.obj
 0001:00033040       ??4?$PxFlags@W4Enum@PxMeshFlag@physx@@G@physx@@QAEAAV01@ABV01@@Z 10034040 f i VolumeIntegration.obj
 0001:00033070       ??4PxSimpleTriangleMesh@physx@@QAEAAV01@ABV01@@Z 10034070 f i VolumeIntegration.obj
 0001:000330e0       ?isZero@PxVec3@physx@@QBE_NXZ 100340e0 f i VolumeIntegration.obj
 0001:00033160       ?ComputeNbBoundaryEdges@AdjTriangle@physx@@QBEIXZ 10034160 f   Adjacencies.obj
 0001:000331f0       ?ComputeNbNeighbors@AdjTriangle@physx@@QBEIXZ 100341f0 f   Adjacencies.obj
 0001:00033280       ?HasNeighbor@AdjTriangle@physx@@QBE_NIPAI@Z 10034280 f   Adjacencies.obj
 0001:00033370       ?Flip@AdjTriangle@physx@@QAEXXZ 10034370 f   Adjacencies.obj
 0001:000333a0       ??0Adjacencies@physx@@QAE@XZ 100343a0 f   Adjacencies.obj
 0001:000333d0       ??1Adjacencies@physx@@QAE@XZ 100343d0 f   Adjacencies.obj
 0001:00033420       ?Load@Adjacencies@physx@@QAE_NAAVPxInputStream@2@@Z 10034420 f   Adjacencies.obj
 0001:00033520       ?Walk@Adjacencies@physx@@QAE_NP6AXABUCommonWalkParams@2@IIII@ZPAX@Z 10034520 f   Adjacencies.obj
 0001:00033630       ?Walk2@Adjacencies@physx@@QAE_NP6AXABUCommonWalkParams@2@IIII@ZPAXPBVPxVec3@2@PBU?$TriangleT@I@Gu@2@@Z 10034630 f   Adjacencies.obj
 0001:00033770       ?ComputeNbBoundaryEdges@Adjacencies@physx@@QBEIXZ 10034770 f   Adjacencies.obj
 0001:000337d0       ?GetBoundaryVertices@Adjacencies@physx@@QBE_NIPA_NPBU?$TriangleT@I@Gu@2@@Z 100347d0 f   Adjacencies.obj
 0001:000339e0       ?MakeLastRef@Adjacencies@physx@@QAE_NAAVAdjTriangle@2@IPAU?$TriangleT@I@Gu@2@@Z 100349e0 f   Adjacencies.obj
 0001:00033c60       ?AssignNewEdgeCode@Adjacencies@physx@@AAEXIE@Z 10034c60 f   Adjacencies.obj
 0001:00033ce0       ??0AdjacenciesBuilder@physx@@QAE@XZ 10034ce0 f   Adjacencies.obj
 0001:00033d00       ??1AdjacenciesBuilder@physx@@QAE@XZ 10034d00 f   Adjacencies.obj
 0001:00033d20       ?Init@AdjacenciesBuilder@physx@@QAE_NABUADJACENCIESCREATE@2@@Z 10034d20 f   Adjacencies.obj
 0001:00035010       ??$?_UV?$ReflectionAllocator@VAdjEdge@@@shdfnd@physx@@@UserAllocated@shdfnd@physx@@SAPAXIV?$ReflectionAllocator@VAdjEdge@@@12@PBDH@Z 10036010 f i Adjacencies.obj
 0001:00035030       ??$?_UV?$ReflectionAllocator@VAdjTriangle@physx@@@shdfnd@physx@@@UserAllocated@shdfnd@physx@@SAPAXIV?$ReflectionAllocator@VAdjTriangle@physx@@@12@PBDH@Z 10036030 f i Adjacencies.obj
 0001:00035050       ??$swap@M@shdfnd@physx@@YAXAAM0@Z 10036050 f i Adjacencies.obj
 0001:00035090       ??0?$ReflectionAllocator@VAdjEdge@@@shdfnd@physx@@QAE@PBD@Z 10036090 f i Adjacencies.obj
 0001:000350b0       ??0?$ReflectionAllocator@VAdjTriangle@physx@@@shdfnd@physx@@QAE@PBD@Z 100360b0 f i Adjacencies.obj
 0001:000350d0       ??0?$TriangleT@I@Gu@physx@@QAE@XZ 100360d0 f i Adjacencies.obj
 0001:000350f0       ??0AdjEdge@@QAE@XZ         100360f0 f i Adjacencies.obj
 0001:00035110       ??0AdjTriangle@physx@@QAE@XZ 10036110 f i Adjacencies.obj
 0001:00035150       ??1AdjEdge@@QAE@XZ         10036150 f i Adjacencies.obj
 0001:00035160       ??1AdjTriangle@physx@@QAE@XZ 10036160 f i Adjacencies.obj
 0001:00035170       ??_EAdjEdge@@QAEPAXI@Z     10036170 f i Adjacencies.obj
 0001:00035250       ??_EAdjTriangle@physx@@QAEPAXI@Z 10036250 f i Adjacencies.obj
 0001:00035330       ??_I@YGXPAXIIP6EX0@Z@Z     10036330 f i Adjacencies.obj
 0001:000353a0       ??_VUserAllocated@shdfnd@physx@@SAXPAX@Z 100363a0 f i Adjacencies.obj
 0001:000353d0       ?GetEdgeTriangle@EdgeList@Gu@physx@@QBEABUEdgeTriangleData@23@I@Z 100363d0 f i Adjacencies.obj
 0001:000353f0       ?HasActiveEdge01@EdgeTriangleAC@Gu@physx@@SAHABUEdgeTriangleData@23@@Z 100363f0 f i Adjacencies.obj
 0001:00035410       ?HasActiveEdge12@EdgeTriangleAC@Gu@physx@@SAHABUEdgeTriangleData@23@@Z 10036410 f i Adjacencies.obj
 0001:00035430       ?HasActiveEdge20@EdgeTriangleAC@Gu@physx@@SAHABUEdgeTriangleData@23@@Z 10036430 f i Adjacencies.obj
 0001:00035a70       ?allocate@?$ReflectionAllocator@VAdjEdge@@@shdfnd@physx@@QAEPAXIPBDH@Z 10036a70 f i Adjacencies.obj
 0001:00035ad0       ?allocate@?$ReflectionAllocator@VAdjTriangle@physx@@@shdfnd@physx@@QAEPAXIPBDH@Z 10036ad0 f i Adjacencies.obj
 0001:00035b30       ?findEdge@?$TriangleT@I@Gu@physx@@QBEEII@Z 10036b30 f i Adjacencies.obj
 0001:00035ca0       ?getName@?$ReflectionAllocator@VAdjEdge@@@shdfnd@physx@@CAPBDXZ 10036ca0 f i Adjacencies.obj
 0001:00035cf0       ?getName@?$ReflectionAllocator@VAdjTriangle@physx@@@shdfnd@physx@@CAPBDXZ 10036cf0 f i Adjacencies.obj
 0001:00035d40       _PxCreateCooking           10036d40 f   Cooking.obj
 0001:00035df0       ?release@Cooking@physx@@UAEXXZ 10036df0 f   Cooking.obj
 0001:00035e30       ?setParams@Cooking@physx@@UAEXABUPxCookingParams@2@@Z 10036e30 f   Cooking.obj
 0001:00035e50       ?getParams@Cooking@physx@@UAEABUPxCookingParams@2@XZ 10036e50 f   Cooking.obj
 0001:00035e70       ?platformMismatch@Cooking@physx@@UAE_NXZ 10036e70 f   Cooking.obj
 0001:00035fa0       ?cookTriangleMesh@Cooking@physx@@UAE_NABVPxTriangleMeshDesc@2@AAVPxOutputStream@2@@Z 10036fa0 f   Cooking.obj
 0001:00036100       ?createTriangleMesh@Cooking@physx@@UAEPAVPxTriangleMesh@2@ABVPxTriangleMeshDesc@2@AAVPxPhysicsInsertionCallback@2@@Z 10037100 f   Cooking.obj
 0001:000362a0       ?validateTriangleMesh@Cooking@physx@@UAE_NABVPxTriangleMeshDesc@2@@Z 100372a0 f   Cooking.obj
 0001:00036340       ?cookConvexMesh@Cooking@physx@@UAE_NABVPxConvexMeshDesc@2@AAVPxOutputStream@2@PAW4Enum@PxConvexMeshCookingResult@2@@Z 10037340 f   Cooking.obj
 0001:000367f0       ?computeHullPolygons@Cooking@physx@@UAE_NABVPxSimpleTriangleMesh@2@AAVPxAllocatorCallback@2@AAIAAPAVPxVec3@2@2AAPAI2AAPAUPxHullPolygon@2@@Z 100377f0 f   Cooking.obj
 0001:000369b0       ?cookHeightField@Cooking@physx@@UAE_NABVPxHeightFieldDesc@2@AAVPxOutputStream@2@@Z 100379b0 f   Cooking.obj
 0001:00036ba0       ?createHeightField@Cooking@physx@@UAEPAVPxHeightField@2@ABVPxHeightFieldDesc@2@AAVPxPhysicsInsertionCallback@2@@Z 10037ba0 f   Cooking.obj
 0001:00036d70       ?loadTriangleMeshDesc@Cooking@physx@@AAE_NABVPxTriangleMeshDesc@2@AAVTriangleMeshBuilder@2@@Z 10037d70 f   Cooking.obj
 0001:00037280       ??$?2V?$ReflectionAllocator@VCooking@physx@@@shdfnd@physx@@@UserAllocated@shdfnd@physx@@SAPAXIV?$ReflectionAllocator@VCooking@physx@@@12@PBDH@Z 10038280 f i Cooking.obj
 0001:000372a0       ??$PX_UNUSED@VPxFoundation@physx@@@@YAXABVPxFoundation@physx@@@Z 100382a0 f i Cooking.obj
 0001:000372b0       ??0?$PxFlags@W4Enum@PxConvexFlag@physx@@G@physx@@QAE@W4Enum@PxConvexFlag@1@@Z 100382b0 f i Cooking.obj
 0001:000372d0       ??0?$PxFlags@W4Enum@PxConvexFlag@physx@@G@physx@@QAE@XZ 100382d0 f i Cooking.obj
 0001:000372f0       ??0?$PxFlags@W4Enum@PxHeightFieldFlag@physx@@G@physx@@QAE@ABV01@@Z 100382f0 f i Cooking.obj
 0001:00037320       ??0?$ReflectionAllocator@VCooking@physx@@@shdfnd@physx@@QAE@PBD@Z 10038320 f i Cooking.obj
 0001:00037340       ??0?$ReflectionAllocator@VHeightField@Gu@physx@@@shdfnd@physx@@QAE@PBD@Z 10038340 f i Cooking.obj
 0001:00037360       ??0?$ReflectionAllocator@VTriangleMeshBuilder@physx@@@shdfnd@physx@@QAE@PBD@Z 10038360 f i Cooking.obj
 0001:00037380       ??0Cooking@physx@@QAE@ABUPxCookingParams@1@@Z 10038380 f i Cooking.obj
 0001:000373c0       ??0HullDesc@physx@@QAE@XZ  100383c0 f i Cooking.obj
 0001:00037440       ??0HullResult@physx@@QAE@XZ 10038440 f i Cooking.obj
 0001:000374a0       ??0PxConvexMeshDesc@physx@@QAE@ABV01@@Z 100384a0 f i Cooking.obj
 0001:00037560       ??0PxCooking@physx@@QAE@XZ 10038560 f i Cooking.obj
 0001:00037580       ??0PxCookingParams@physx@@QAE@ABU01@@Z 10038580 f i Cooking.obj
 0001:00037650       ??0TriangleMeshBuilder@physx@@QAE@XZ 10038650 f i Cooking.obj
 0001:00037690       ??1Cooking@physx@@UAE@XZ   10038690 f i Cooking.obj
 0001:000376b0       ??1PxCooking@physx@@MAE@XZ 100386b0 f i Cooking.obj
 0001:000376d0       ??1TriangleMeshBuilder@physx@@UAE@XZ 100386d0 f i Cooking.obj
 0001:000376f0       ??4?$PxFlags@W4Enum@PxMeshPreprocessingFlag@physx@@I@physx@@QAEAAV01@ABV01@@Z 100386f0 f i Cooking.obj
 0001:00037710       ??4PxCookingParams@physx@@QAEAAU01@ABU01@@Z 10038710 f i Cooking.obj
 0001:000377e0       ??9?$PxFlags@W4Enum@PxHeightFieldFlag@physx@@G@physx@@QBE_NABV01@@Z 100387e0 f i Cooking.obj
 0001:00037820       ??I?$PxFlags@W4Enum@PxHeightFieldFlag@physx@@G@physx@@QBE?AV01@W4Enum@PxHeightFieldFlag@1@@Z 10038820 f i Cooking.obj
 0001:00037870       ??S?$PxFlags@W4Enum@PxConvexFlag@physx@@G@physx@@QBE?AV01@XZ 10038870 f i Cooking.obj
 0001:000378b0       ??Sphysx@@YA?AV?$PxFlags@W4Enum@PxConvexFlag@physx@@G@0@W4Enum@PxConvexFlag@0@@Z 100388b0 f i Cooking.obj
 0001:000378e0       ??_4?$PxFlags@W4Enum@PxConvexFlag@physx@@G@physx@@QAEAAV01@ABV01@@Z 100388e0 f i Cooking.obj
 0001:0003790d       ??_ETriangleMeshBuilder@physx@@W7AEPAXI@Z 1003890d f i Cooking.obj
 0001:00037920       ??_GCooking@physx@@UAEPAXI@Z 10038920 f i Cooking.obj
 0001:00037920       ??_ECooking@physx@@UAEPAXI@Z 10038920 f i Cooking.obj
 0001:00037980       ??_GPxCooking@physx@@MAEPAXI@Z 10038980 f i Cooking.obj
 0001:00037980       ??_EPxCooking@physx@@MAEPAXI@Z 10038980 f i Cooking.obj
 0001:000379c0       ??_GTriangleMeshBuilder@physx@@UAEPAXI@Z 100389c0 f i Cooking.obj
 0001:000379c0       ??_ETriangleMeshBuilder@physx@@UAEPAXI@Z 100389c0 f i Cooking.obj
 0001:00037a20       ?allocate@?$ReflectionAllocator@VCooking@physx@@@shdfnd@physx@@QAEPAXIPBDH@Z 10038a20 f i Cooking.obj
 0001:00037a80       ?allocate@?$ReflectionAllocator@VHeightField@Gu@physx@@@shdfnd@physx@@QAEPAXIPBDH@Z 10038a80 f i Cooking.obj
 0001:00037ae0       ?allocate@?$ReflectionAllocator@VTriangleMeshBuilder@physx@@@shdfnd@physx@@QAEPAXIPBDH@Z 10038ae0 f i Cooking.obj
 0001:00037b40       ?getName@?$ReflectionAllocator@VCooking@physx@@@shdfnd@physx@@CAPBDXZ 10038b40 f i Cooking.obj
 0001:00037b90       ?getName@?$ReflectionAllocator@VHeightField@Gu@physx@@@shdfnd@physx@@CAPBDXZ 10038b90 f i Cooking.obj
 0001:00037be0       ?getName@?$ReflectionAllocator@VTriangleMeshBuilder@physx@@@shdfnd@physx@@CAPBDXZ 10038be0 f i Cooking.obj
 0001:00037c30       ?isValid@PxHeightFieldDesc@physx@@QBE_NXZ 10038c30 f i Cooking.obj
 0001:00037d20       ?littleEndian@shdfnd@physx@@YADXZ 10038d20 f i Cooking.obj
 0001:00037d40       ?requires@TriangleMesh@Gu@physx@@UAEXAAVPxProcessPxBaseCallback@3@@Z 10038d40 f i Cooking.obj
 0001:00037d50       ??0ReducedVertexCloud@physx@@QAE@PBVPxVec3@1@I@Z 10038d50 f   CookingUtils.obj
 0001:00037d90       ??1ReducedVertexCloud@physx@@QAE@XZ 10038d90 f   CookingUtils.obj
 0001:00037db0       ?Clean@ReducedVertexCloud@physx@@QAEAAV12@XZ 10038db0 f   CookingUtils.obj
 0001:00037e10       ?Reduce@ReducedVertexCloud@physx@@QAE_NPAUREDUCEDCLOUD@2@@Z 10038e10 f   CookingUtils.obj
 0001:00038210       ??0EdgeList@Gu@physx@@QAE@XZ 10039210 f   EdgeList.obj
 0001:00038250       ??1EdgeList@Gu@physx@@QAE@XZ 10039250 f   EdgeList.obj
 0001:000382f0       ?Load@EdgeList@Gu@physx@@QAE_NAAVPxInputStream@3@@Z 100392f0 f   EdgeList.obj
 0001:000384c0       ??0EdgeListBuilder@Gu@physx@@QAE@XZ 100394c0 f   EdgeList.obj
 0001:000384e0       ??1EdgeListBuilder@Gu@physx@@QAE@XZ 100394e0 f   EdgeList.obj
 0001:00038500       ?Init@EdgeListBuilder@Gu@physx@@QAE_NABUEDGELISTCREATE@23@@Z 10039500 f   EdgeList.obj
 0001:00038680       ?CreateFacesToEdges@EdgeListBuilder@Gu@physx@@AAE_NIPBIPBG@Z 10039680 f   EdgeList.obj
 0001:00038b70       ?CreateEdgesToFaces@EdgeListBuilder@Gu@physx@@AAE_NIPBIPBG@Z 10039b70 f   EdgeList.obj
 0001:00038f80       ?ComputeActiveEdges@EdgeListBuilder@Gu@physx@@AAE_NIPBIPBGPBVPxVec3@3@M@Z 10039f80 f   EdgeList.obj
 0001:0003a9b0       ??$?_UUEdgeData@Gu@physx@@@@YAPAXIV?$ReflectionAllocator@UEdgeData@Gu@physx@@@shdfnd@physx@@PBDH@Z 1003b9b0 f i EdgeList.obj
 0001:0003a9d0       ??$?_UUEdgeTriangleData@Gu@physx@@@@YAPAXIV?$ReflectionAllocator@UEdgeTriangleData@Gu@physx@@@shdfnd@physx@@PBDH@Z 1003b9d0 f i EdgeList.obj
 0001:0003a9f0       ??0?$ReflectionAllocator@UEdgeData@Gu@physx@@@shdfnd@physx@@QAE@PBD@Z 1003b9f0 f i EdgeList.obj
 0001:0003aa10       ??0?$ReflectionAllocator@UEdgeTriangleData@Gu@physx@@@shdfnd@physx@@QAE@PBD@Z 1003ba10 f i EdgeList.obj
 0001:0003aa30       ??0PxTriangle@physx@@QAE@ABVPxVec3@1@00@Z 1003ba30 f i EdgeList.obj
 0001:0003aab0       ??1PxTriangle@physx@@QAE@XZ 1003bab0 f i EdgeList.obj
 0001:0003aac0       ?GetEdgeToTriangles@EdgeList@Gu@physx@@QBEPBUEdgeDescData@23@XZ 1003bac0 f i EdgeList.obj
 0001:0003aae0       ?GetEdges@EdgeList@Gu@physx@@QBEPBUEdgeData@23@XZ 1003bae0 f i EdgeList.obj
 0001:0003ab00       ?GetFacesByEdges@EdgeList@Gu@physx@@QBEPBIXZ 1003bb00 f i EdgeList.obj
 0001:0003ab20       ?OppositeVertex@@YAIIIIII@Z 1003bb20 f i EdgeList.obj
 0001:0003abc0       ?PxAtan2@physx@@YAMMM@Z    1003bbc0 f i EdgeList.obj
 0001:0003abf0       ?allocate@?$ReflectionAllocator@UEdgeData@Gu@physx@@@shdfnd@physx@@QAEPAXIPBDH@Z 1003bbf0 f i EdgeList.obj
 0001:0003ac50       ?allocate@?$ReflectionAllocator@UEdgeTriangleData@Gu@physx@@@shdfnd@physx@@QAEPAXIPBDH@Z 1003bc50 f i EdgeList.obj
 0001:0003acb0       ?angle@shdfnd@physx@@YAMABVPxVec3@2@0@Z 1003bcb0 f i EdgeList.obj
 0001:0003ad20       ?getName@?$ReflectionAllocator@UEdgeData@Gu@physx@@@shdfnd@physx@@CAPBDXZ 1003bd20 f i EdgeList.obj
 0001:0003ad70       ?getName@?$ReflectionAllocator@UEdgeTriangleData@Gu@physx@@@shdfnd@physx@@CAPBDXZ 1003bd70 f i EdgeList.obj
 0001:0003adc0       ?normal@PxTriangle@physx@@QBEXAAVPxVec3@2@@Z 1003bdc0 f i EdgeList.obj
 0001:0003ae50       _atan2f                    1003be50 f i EdgeList.obj
 0001:0003ae90       ??0InternalTriangleMeshBuilder@physx@@QAE@PAVInternalTriangleMesh@1@ABUPxCookingParams@1@@Z 1003be90 f   InternalTriangleMeshBuilder.obj
 0001:0003aec0       ??1InternalTriangleMeshBuilder@physx@@QAE@XZ 1003bec0 f   InternalTriangleMeshBuilder.obj
 0001:0003aee0       ?cleanMesh@InternalTriangleMeshBuilder@physx@@QAE_N_N@Z 1003bee0 f   InternalTriangleMeshBuilder.obj
 0001:0003b460       ?fillRemapTable@InternalTriangleMeshBuilder@physx@@QAEXXZ 1003c460 f   InternalTriangleMeshBuilder.obj
 0001:0003b530       ?remapTopology@InternalTriangleMeshBuilder@physx@@QAEXPBI@Z 1003c530 f   InternalTriangleMeshBuilder.obj
 0001:0003b800       ?createRTree@InternalTriangleMeshBuilder@physx@@QAE_NXZ 1003c800 f   InternalTriangleMeshBuilder.obj
 0001:0003b960       ?createSharedEdgeData@InternalTriangleMeshBuilder@physx@@QAEX_N0@Z 1003c960 f   InternalTriangleMeshBuilder.obj
 0001:0003bfd0       ?releaseEdgeList@InternalTriangleMeshBuilder@physx@@AAEXXZ 1003cfd0 f   InternalTriangleMeshBuilder.obj
 0001:0003c020       ?createEdgeList@InternalTriangleMeshBuilder@physx@@AAEXXZ 1003d020 f   InternalTriangleMeshBuilder.obj
 0001:0003c5e0       ??$?2V?$ReflectionAllocator@VEdgeListBuilder@Gu@physx@@@shdfnd@physx@@@UserAllocated@shdfnd@physx@@SAPAXIV?$ReflectionAllocator@VEdgeListBuilder@Gu@physx@@@12@PBDH@Z 1003d5e0 f i InternalTriangleMeshBuilder.obj
 0001:0003c600       ??$PX_UNUSED@U?$TriangleT@I@Gu@physx@@@@YAXABU?$TriangleT@I@Gu@physx@@@Z 1003d600 f i InternalTriangleMeshBuilder.obj
 0001:0003c610       ??0?$Array@IVNamedAllocator@shdfnd@physx@@@shdfnd@physx@@QAE@ABVNamedAllocator@12@@Z 1003d610 f i InternalTriangleMeshBuilder.obj
 0001:0003c660       ??0?$ReflectionAllocator@VEdgeListBuilder@Gu@physx@@@shdfnd@physx@@QAE@PBD@Z 1003d660 f i InternalTriangleMeshBuilder.obj
 0001:0003c680       ??0RTreeCookerRemap@@QAE@I@Z 1003d680 f i InternalTriangleMeshBuilder.obj
 0001:0003c6c0       ??0RemapCallback@RTreeCooker@physx@@QAE@XZ 1003d6c0 f i InternalTriangleMeshBuilder.obj
 0001:0003c6e0       ??1RTreeCookerRemap@@UAE@XZ 1003d6e0 f i InternalTriangleMeshBuilder.obj
 0001:0003c700       ??1RemapCallback@RTreeCooker@physx@@UAE@XZ 1003d700 f i InternalTriangleMeshBuilder.obj
 0001:0003c720       ??_GEdgeListBuilder@Gu@physx@@QAEPAXI@Z 1003d720 f i InternalTriangleMeshBuilder.obj
 0001:0003c780       ??_ERTreeCookerRemap@@UAEPAXI@Z 1003d780 f i InternalTriangleMeshBuilder.obj
 0001:0003c780       ??_GRTreeCookerRemap@@UAEPAXI@Z 1003d780 f i InternalTriangleMeshBuilder.obj
 0001:0003c7c0       ??_ERemapCallback@RTreeCooker@physx@@UAEPAXI@Z 1003d7c0 f i InternalTriangleMeshBuilder.obj
 0001:0003c7c0       ??_GRemapCallback@RTreeCooker@physx@@UAEPAXI@Z 1003d7c0 f i InternalTriangleMeshBuilder.obj
 0001:0003c800       ?GetNbFaces@EdgeList@Gu@physx@@QBEIXZ 1003d800 f i InternalTriangleMeshBuilder.obj
 0001:0003c820       ?LeafSetData@Gu@physx@@YAIII@Z 1003d820 f i InternalTriangleMeshBuilder.obj
 0001:0003c8f0       ?SetData@LeafTriangles@Gu@physx@@QAEXII@Z 1003d8f0 f i InternalTriangleMeshBuilder.obj
 0001:0003c920       ?allocate@?$ReflectionAllocator@VEdgeListBuilder@Gu@physx@@@shdfnd@physx@@QAEPAXIPBDH@Z 1003d920 f i InternalTriangleMeshBuilder.obj
 0001:0003c980       ?findEdgeCCW@?$TriangleT@I@Gu@physx@@QBEEII@Z 1003d980 f i InternalTriangleMeshBuilder.obj
 0001:0003caf0       ?getName@?$ReflectionAllocator@VEdgeListBuilder@Gu@physx@@@shdfnd@physx@@CAPBDXZ 1003daf0 f i InternalTriangleMeshBuilder.obj
 0001:0003cb40       ?remap@RTreeCookerRemap@@UAEXPAIII@Z 1003db40 f i InternalTriangleMeshBuilder.obj
 0001:0003cce0       ??0MeshCleaner@physx@@QAE@IPBVPxVec3@1@IPBIM@Z 1003dce0 f   MeshCleaner.obj
 0001:0003d530       ??1MeshCleaner@physx@@QAE@XZ 1003e530 f   MeshCleaner.obj
 0001:0003da00       ??9Indices@@QBE_NABU0@@Z   1003ea00 f i MeshCleaner.obj
 0001:0003daa0       ??9PxVec3@physx@@QBE_NABV01@@Z 1003eaa0 f i MeshCleaner.obj
 0001:0003db20       ?PxFloor@physx@@YAMM@Z     1003eb20 f i MeshCleaner.obj
 0001:0003db40       ?nextPowerOfTwo@shdfnd@physx@@YAII@Z 1003eb40 f i MeshCleaner.obj
 0001:0003dba0       _floorf                    1003eba0 f i MeshCleaner.obj
 0001:0003dbcc       _GetModuleFileNameA@12     1003ebcc f   kernel32:KERNEL32.dll
 0001:0003dbd2       _LoadLibraryA@4            1003ebd2 f   kernel32:KERNEL32.dll
[...]
 0004:000000c8       __imp__LeaveCriticalSection@4 100fd0c8     kernel32:KERNEL32.dll
 0004:000000cc       __imp__DeleteCriticalSection@4 100fd0cc     kernel32:KERNEL32.dll
 0004:000000d0       __imp__GetModuleHandleExW@12 100fd0d0     kernel32:KERNEL32.dll
 0004:000000d4       __imp__LoadLibraryA@4      100fd0d4     kernel32:KERNEL32.dll
 0004:000000d8       __imp__ExitProcess@4       100fd0d8     kernel32:KERNEL32.dll
 0004:000000dc       __imp__GetDateFormatW@24   100fd0dc     kernel32:KERNEL32.dll
 0004:000000e0       __imp__GetTimeFormatW@24   100fd0e0     kernel32:KERNEL32.dll
 0004:000000e4       __imp__CompareStringW@24   100fd0e4     kernel32:KERNEL32.dll
 0004:000000e8       __imp__LCMapStringW@24     100fd0e8     kernel32:KERNEL32.dll
 0004:000000ec       __imp__GetLocaleInfoW@16   100fd0ec     kernel32:KERNEL32.dll
 0004:000000f0       __imp__IsValidLocale@8     100fd0f0     kernel32:KERNEL32.dll
 0004:000000f4       __imp__GetUserDefaultLCID@0 100fd0f4     kernel32:KERNEL32.dll
 0004:000000f8       __imp__EnumSystemLocalesW@8 100fd0f8     kernel32:KERNEL32.dll
 0004:000000fc       __imp__GetStdHandle@4      100fd0fc     kernel32:KERNEL32.dll
 0004:00000100       __imp__GetFileType@4       100fd100     kernel32:KERNEL32.dll
 0004:00000104       __imp__GetCurrentThread@0  100fd104     kernel32:KERNEL32.dll
 0004:00000108       __imp__GetACP@0            100fd108     kernel32:KERNEL32.dll
 0004:0000010c       __imp__EncodePointer@4     100fd10c     kernel32:KERNEL32.dll
 0004:00000110       __imp__DecodePointer@4     100fd110     kernel32:KERNEL32.dll
 0004:00000114       __imp__WriteFile@20        100fd114     kernel32:KERNEL32.dll
 0004:00000118       __imp__OutputDebugStringA@4 100fd118     kernel32:KERNEL32.dll
 0004:0000011c       __imp__OutputDebugStringW@4 100fd11c     kernel32:KERNEL32.dll
 0004:00000120       __imp__WriteConsoleW@20    100fd120     kernel32:KERNEL32.dll
 0004:00000124       __imp__CloseHandle@4       100fd124     kernel32:KERNEL32.dll
 0004:00000128       __imp__WaitForSingleObjectEx@12 100fd128     kernel32:KERNEL32.dll
 0004:0000012c       __imp__CreateThread@24     100fd12c     kernel32:KERNEL32.dll
 0004:00000130       __imp__SetConsoleCtrlHandler@8 100fd130     kernel32:KERNEL32.dll
 0004:00000134       __imp__HeapReAlloc@16      100fd134     kernel32:KERNEL32.dll
 0004:00000138       __imp__HeapSize@12         100fd138     kernel32:KERNEL32.dll
 0004:0000013c       __imp__HeapQueryInformation@20 100fd13c     kernel32:KERNEL32.dll
 0004:00000140       __imp__IsValidCodePage@4   100fd140     kernel32:KERNEL32.dll
 0004:00000144       __imp__GetOEMCP@0          100fd144     kernel32:KERNEL32.dll
 0004:00000148       __imp__GetCPInfo@8         100fd148     kernel32:KERNEL32.dll
 0004:0000014c       __imp__GetEnvironmentStringsW@0 100fd14c     kernel32:KERNEL32.dll
 0004:00000150       __imp__FreeEnvironmentStringsW@4 100fd150     kernel32:KERNEL32.dll
 0004:00000154       __imp__SetEnvironmentVariableA@8 100fd154     kernel32:KERNEL32.dll
 0004:00000158       __imp__SetEnvironmentVariableW@8 100fd158     kernel32:KERNEL32.dll
 0004:0000015c       __imp__GetCommandLineA@0   100fd15c     kernel32:KERNEL32.dll
 0004:00000160       __imp__GetCommandLineW@0   100fd160     kernel32:KERNEL32.dll
 0004:00000164       __imp__GetStringTypeW@16   100fd164     kernel32:KERNEL32.dll
 0004:00000168       __imp__FlushFileBuffers@4  100fd168     kernel32:KERNEL32.dll
 0004:0000016c       __imp__GetConsoleCP@0      100fd16c     kernel32:KERNEL32.dll
 0004:00000170       __imp__GetConsoleMode@8    100fd170     kernel32:KERNEL32.dll
 0004:00000174       __imp__SetStdHandle@8      100fd174     kernel32:KERNEL32.dll
 0004:00000178       __imp__SetFilePointerEx@20 100fd178     kernel32:KERNEL32.dll
 0004:0000017c       __imp__CreateFileW@28      100fd17c     kernel32:KERNEL32.dll
 0004:00000180       __imp__HeapValidate@12     100fd180     kernel32:KERNEL32.dll
 0004:00000184       __imp__GetModuleFileNameA@12 100fd184     kernel32:KERNEL32.dll
 0004:00000188       \177KERNEL32_NULL_THUNK_DATA 100fd188     kernel32:KERNEL32.dll
 0004:000001f8       __IMPORT_DESCRIPTOR_KERNEL32 100fd1f8     kernel32:KERNEL32.dll
 0004:0000020c       __IMPORT_DESCRIPTOR_ADVAPI32 100fd20c     advapi32:ADVAPI32.dll
 0004:00000220       __NULL_IMPORT_DESCRIPTOR   100fd220     kernel32:KERNEL32.dll
 0005:00000000       __DELAY_IMPORT_DESCRIPTOR_PhysX3CommonDEBUG_x86_dll 100fe000     PhysX3CommonDEBUG_x86:PhysX3CommonDEBUG_x86.dll
 0005:00000020       __NULL_DELAY_IMPORT_DESCRIPTOR 100fe020     PhysX3CommonDEBUG_x86:PhysX3CommonDEBUG_x86.dll
 0005:000001f4       \177PhysX3CommonDEBUG_x86_NULL_THUNK_DATA_DLN 100fe1f4     PhysX3CommonDEBUG_x86:PhysX3CommonDEBUG_x86.dll
 0005:00000274       __imp_?writeWord@physx@@YAXG_NAAVPxOutputStream@1@@Z 100fe274     PhysX3CommonDEBUG_x86:PhysX3CommonDEBUG_x86.dll
 0005:00000278       __imp_?writeDword@physx@@YAXI_NAAVPxOutputStream@1@@Z 100fe278     PhysX3CommonDEBUG_x86:PhysX3CommonDEBUG_x86.dll
 0005:0000027c       __imp_?writeFloat@physx@@YAXM_NAAVPxOutputStream@1@@Z 100fe27c     PhysX3CommonDEBUG_x86:PhysX3CommonDEBUG_x86.dll
 0005:00000280       __imp_?writeHeader@physx@@YA_NCCCCI_NAAVPxOutputStream@1@@Z 100fe280     PhysX3CommonDEBUG_x86:PhysX3CommonDEBUG_x86.dll
 0005:00000284       __imp_??0Allocator@shdfnd@physx@@QAE@PBD@Z 100fe284     PhysX3CommonDEBUG_x86:PhysX3CommonDEBUG_x86.dll
 0005:00000288       __imp_?allocate@Allocator@shdfnd@physx@@QAEPAXIPBDH@Z 100fe288     PhysX3CommonDEBUG_x86:PhysX3CommonDEBUG_x86.dll
 0005:0000028c       __imp_??0NamedAllocator@shdfnd@physx@@QAE@PBD@Z 100fe28c     PhysX3CommonDEBUG_x86:PhysX3CommonDEBUG_x86.dll
 0005:00000290       __imp_??0NamedAllocator@shdfnd@physx@@QAE@ABV012@@Z 100fe290     PhysX3CommonDEBUG_x86:PhysX3CommonDEBUG_x86.dll
 0005:00000294       __imp_??1NamedAllocator@shdfnd@physx@@QAE@XZ 100fe294     PhysX3CommonDEBUG_x86:PhysX3CommonDEBUG_x86.dll
 0005:00000298       __imp_?allocate@NamedAllocator@shdfnd@physx@@QAEPAXIPBDH@Z 100fe298     PhysX3CommonDEBUG_x86:PhysX3CommonDEBUG_x86.dll
 0005:0000029c       __imp_?deallocate@NamedAllocator@shdfnd@physx@@QAEXPAX@Z 100fe29c     PhysX3CommonDEBUG_x86:PhysX3CommonDEBUG_x86.dll
 0005:000002a0       __imp_?PxGetAssertHandler@physx@@YAAAVPxAssertHandler@1@XZ 100fe2a0     PhysX3CommonDEBUG_x86:PhysX3CommonDEBUG_x86.dll
 0005:000002a4       __imp_?validate@RTree@Gu@physx@@QAEXXZ 100fe2a4     PhysX3CommonDEBUG_x86:PhysX3CommonDEBUG_x86.dll
 0005:000002a8       __imp_??0TempAllocator@shdfnd@physx@@QAE@PBD@Z 100fe2a8     PhysX3CommonDEBUG_x86:PhysX3CommonDEBUG_x86.dll
 0005:000002ac       __imp_?allocate@TempAllocator@shdfnd@physx@@QAEPAXIPBDH@Z 100fe2ac     PhysX3CommonDEBUG_x86:PhysX3CommonDEBUG_x86.dll
 0005:000002b0       __imp_?deallocate@TempAllocator@shdfnd@physx@@QAEXPAX@Z 100fe2b0     PhysX3CommonDEBUG_x86:PhysX3CommonDEBUG_x86.dll
 0005:000002b4       __imp_?computeBoundsAroundVertices@Gu@physx@@YAXAAVPxBounds3@2@IPIBVPxVec3@2@@Z 100fe2b4     PhysX3CommonDEBUG_x86:PhysX3CommonDEBUG_x86.dll
 0005:000002b8       __imp__PxGetFoundation     100fe2b8     PhysX3CommonDEBUG_x86:PhysX3CommonDEBUG_x86.dll
 0005:000002bc       __imp_?getAllocator@shdfnd@physx@@YAAAVPxAllocatorCallback@2@XZ 100fe2bc     PhysX3CommonDEBUG_x86:PhysX3CommonDEBUG_x86.dll
 0005:000002c0       __imp_?deallocate@Allocator@shdfnd@physx@@QAEXPAX@Z 100fe2c0     PhysX3CommonDEBUG_x86:PhysX3CommonDEBUG_x86.dll
 0005:000002c4       __imp_?getInstance@Foundation@shdfnd@physx@@SAAAV123@XZ 100fe2c4     PhysX3CommonDEBUG_x86:PhysX3CommonDEBUG_x86.dll
 0005:000002c8       __imp_?error@Foundation@shdfnd@physx@@QAAXW4Enum@PxErrorCode@3@PBDH1ZZ 100fe2c8     PhysX3CommonDEBUG_x86:PhysX3CommonDEBUG_x86.dll
 0005:000002cc       __imp_?save@RTree@Gu@physx@@QBE_NAAVPxOutputStream@3@@Z 100fe2cc     PhysX3CommonDEBUG_x86:PhysX3CommonDEBUG_x86.dll
 0005:000002d0       __imp_?release@InternalTriangleMesh@physx@@QAEXXZ 100fe2d0     PhysX3CommonDEBUG_x86:PhysX3CommonDEBUG_x86.dll
 0005:000002d4       __imp_?allocateVertices@InternalTriangleMesh@physx@@QAEPAVPxVec3@2@I@Z 100fe2d4     PhysX3CommonDEBUG_x86:PhysX3CommonDEBUG_x86.dll
 0005:000002d8       __imp_?allocateTriangles@InternalTriangleMesh@physx@@QAEPAXI_N@Z 100fe2d8     PhysX3CommonDEBUG_x86:PhysX3CommonDEBUG_x86.dll
 0005:000002dc       __imp_?allocateMaterials@InternalTriangleMesh@physx@@QAEPAGXZ 100fe2dc     PhysX3CommonDEBUG_x86:PhysX3CommonDEBUG_x86.dll
 0005:000002e0       __imp_?getNumVertices@InternalTriangleMesh@physx@@QBEIXZ 100fe2e0     PhysX3CommonDEBUG_x86:PhysX3CommonDEBUG_x86.dll
 0005:000002e4       __imp_?getNumTriangles@InternalTriangleMesh@physx@@QBEIXZ 100fe2e4     PhysX3CommonDEBUG_x86:PhysX3CommonDEBUG_x86.dll
 0005:000002e8       __imp_?getVertices@InternalTriangleMesh@physx@@QBEPBVPxVec3@2@XZ 100fe2e8     PhysX3CommonDEBUG_x86:PhysX3CommonDEBUG_x86.dll
 0005:000002ec       __imp_?getTriangles@InternalTriangleMesh@physx@@QBEPBXXZ 100fe2ec     PhysX3CommonDEBUG_x86:PhysX3CommonDEBUG_x86.dll
 0005:000002f0       __imp_?getMaterials@InternalTriangleMesh@physx@@QBEPBGXZ 100fe2f0     PhysX3CommonDEBUG_x86:PhysX3CommonDEBUG_x86.dll
 0005:000002f4       __imp_?getFaceRemap@InternalTriangleMesh@physx@@QBEPBIXZ 100fe2f4     PhysX3CommonDEBUG_x86:PhysX3CommonDEBUG_x86.dll
 0005:000002f8       __imp_?getAdjacencies@InternalTriangleMesh@physx@@QBEPBIXZ 100fe2f8     PhysX3CommonDEBUG_x86:PhysX3CommonDEBUG_x86.dll
 0005:000002fc       __imp_?getCollisionModel@InternalTriangleMesh@physx@@QBEABVRTreeMidphase@Gu@2@XZ 100fe2fc     PhysX3CommonDEBUG_x86:PhysX3CommonDEBUG_x86.dll
 0005:00000300       __imp_?writeWordBuffer@physx@@YAXPBGI_NAAVPxOutputStream@1@@Z 100fe300     PhysX3CommonDEBUG_x86:PhysX3CommonDEBUG_x86.dll
 0005:00000304       __imp_?writeFloatBuffer@physx@@YAXPBMI_NAAVPxOutputStream@1@@Z 100fe304     PhysX3CommonDEBUG_x86:PhysX3CommonDEBUG_x86.dll
 0005:00000308       __imp_?computeMaxIndex@physx@@YAIPBII@Z 100fe308     PhysX3CommonDEBUG_x86:PhysX3CommonDEBUG_x86.dll
 0005:0000030c       __imp_?storeIndices@physx@@YAXIIPBIAAVPxOutputStream@1@_N@Z 100fe30c     PhysX3CommonDEBUG_x86:PhysX3CommonDEBUG_x86.dll
 0005:00000310       __imp_?computeMaxIndex@physx@@YAGPBGI@Z 100fe310     PhysX3CommonDEBUG_x86:PhysX3CommonDEBUG_x86.dll
 0005:00000314       __imp_?WriteHeader@Gu@physx@@YA_NEEEEI_NAAVPxOutputStream@2@@Z 100fe314     PhysX3CommonDEBUG_x86:PhysX3CommonDEBUG_x86.dll
 0005:00000318       __imp_?StoreIndices@Gu@physx@@YAXGIPBGAAVPxOutputStream@2@_N@Z 100fe318     PhysX3CommonDEBUG_x86:PhysX3CommonDEBUG_x86.dll
 0005:0000031c       __imp_?CreateOffsets@BigConvexData@physx@@IAEXXZ 100fe31c     PhysX3CommonDEBUG_x86:PhysX3CommonDEBUG_x86.dll
 0005:00000320       __imp_?GetRanks@RadixSort@Gu@physx@@QBEPBIXZ 100fe320     PhysX3CommonDEBUG_x86:PhysX3CommonDEBUG_x86.dll
 0005:00000324       __imp_??0RadixSortBuffered@Gu@physx@@QAE@XZ 100fe324     PhysX3CommonDEBUG_x86:PhysX3CommonDEBUG_x86.dll
 0005:00000328       __imp_??1RadixSortBuffered@Gu@physx@@UAE@XZ 100fe328     PhysX3CommonDEBUG_x86:PhysX3CommonDEBUG_x86.dll
 0005:0000032c       __imp_?Sort@RadixSortBuffered@Gu@physx@@QAEAAV123@PBIIW4RadixHint@23@@Z 100fe32c     PhysX3CommonDEBUG_x86:PhysX3CommonDEBUG_x86.dll
 0005:00000330       __imp_??0Container@Gu@physx@@QAE@XZ 100fe330     PhysX3CommonDEBUG_x86:PhysX3CommonDEBUG_x86.dll
 0005:00000334       __imp_??0Container@Gu@physx@@QAE@ABV012@@Z 100fe334     PhysX3CommonDEBUG_x86:PhysX3CommonDEBUG_x86.dll
 0005:00000338       __imp_??1Container@Gu@physx@@QAE@XZ 100fe338     PhysX3CommonDEBUG_x86:PhysX3CommonDEBUG_x86.dll
 0005:0000033c       __imp_?Add@Container@Gu@physx@@QAEAAV123@I@Z 100fe33c     PhysX3CommonDEBUG_x86:PhysX3CommonDEBUG_x86.dll
 0005:00000340       __imp_?Add@Container@Gu@physx@@QAEAAV123@PBII@Z 100fe340     PhysX3CommonDEBUG_x86:PhysX3CommonDEBUG_x86.dll
 0005:00000344       __imp_?Add@Container@Gu@physx@@QAEAAV123@ABV123@@Z 100fe344     PhysX3CommonDEBUG_x86:PhysX3CommonDEBUG_x86.dll
 0005:00000348       __imp_?AddUnique@Container@Gu@physx@@QAEAAV123@I@Z 100fe348     PhysX3CommonDEBUG_x86:PhysX3CommonDEBUG_x86.dll
 0005:0000034c       __imp_?Empty@Container@Gu@physx@@QAEAAV123@XZ 100fe34c     PhysX3CommonDEBUG_x86:PhysX3CommonDEBUG_x86.dll
 0005:00000350       __imp_?Reset@Container@Gu@physx@@QAEXXZ 100fe350     PhysX3CommonDEBUG_x86:PhysX3CommonDEBUG_x86.dll
 0005:00000354       __imp_?Contains@Container@Gu@physx@@QBE_NIPAI@Z 100fe354     PhysX3CommonDEBUG_x86:PhysX3CommonDEBUG_x86.dll
 0005:00000358       __imp_?DeleteIndex@Container@Gu@physx@@QAEXI@Z 100fe358     PhysX3CommonDEBUG_x86:PhysX3CommonDEBUG_x86.dll
 0005:0000035c       __imp_?GetNbEntries@Container@Gu@physx@@QBEIXZ 100fe35c     PhysX3CommonDEBUG_x86:PhysX3CommonDEBUG_x86.dll
 0005:00000360       __imp_?GetEntry@Container@Gu@physx@@QBEII@Z 100fe360     PhysX3CommonDEBUG_x86:PhysX3CommonDEBUG_x86.dll
 0005:00000364       __imp_?GetEntries@Container@Gu@physx@@QBEPAIXZ 100fe364     PhysX3CommonDEBUG_x86:PhysX3CommonDEBUG_x86.dll
 0005:00000368       __imp_??AContainer@Gu@physx@@QAEAAII@Z 100fe368     PhysX3CommonDEBUG_x86:PhysX3CommonDEBUG_x86.dll
 0005:0000036c       __imp_??4Container@Gu@physx@@QAEXABV012@@Z 100fe36c     PhysX3CommonDEBUG_x86:PhysX3CommonDEBUG_x86.dll
 0005:00000370       __imp_??0ConvexMesh@Gu@physx@@QAE@XZ 100fe370     PhysX3CommonDEBUG_x86:PhysX3CommonDEBUG_x86.dll
 0005:00000374       __imp_??1ConvexMesh@Gu@physx@@UAE@XZ 100fe374     PhysX3CommonDEBUG_x86:PhysX3CommonDEBUG_x86.dll
 0005:00000378       __imp_??0BigConvexData@physx@@QAE@XZ 100fe378     PhysX3CommonDEBUG_x86:PhysX3CommonDEBUG_x86.dll
 0005:0000037c       __imp_??1BigConvexData@physx@@QAE@XZ 100fe37c     PhysX3CommonDEBUG_x86:PhysX3CommonDEBUG_x86.dll
 0005:00000380       __imp_?exportExtraData@ConvexMesh@Gu@physx@@UAEXAAVPxSerializationContext@3@@Z 100fe380     PhysX3CommonDEBUG_x86:PhysX3CommonDEBUG_x86.dll
 0005:00000384       __imp_?getConcreteTypeName@PxConvexMesh@physx@@UBEPBDXZ 100fe384     PhysX3CommonDEBUG_x86:PhysX3CommonDEBUG_x86.dll
 0005:00000388       __imp_?getIndexBuffer@ConvexMesh@Gu@physx@@UBEPBEXZ 100fe388     PhysX3CommonDEBUG_x86:PhysX3CommonDEBUG_x86.dll
 0005:0000038c       __imp_?getLocalBounds@ConvexMesh@Gu@physx@@UBE?AVPxBounds3@3@XZ 100fe38c     PhysX3CommonDEBUG_x86:PhysX3CommonDEBUG_x86.dll
 0005:00000390       __imp_?getMassInformation@ConvexMesh@Gu@physx@@UBEXAAMAAVPxMat33@3@AAVPxVec3@3@@Z 100fe390     PhysX3CommonDEBUG_x86:PhysX3CommonDEBUG_x86.dll
 0005:00000394       __imp_?getNbPolygons@ConvexMesh@Gu@physx@@UBEIXZ 100fe394     PhysX3CommonDEBUG_x86:PhysX3CommonDEBUG_x86.dll
 0005:00000398       __imp_?getNbVertices@ConvexMesh@Gu@physx@@UBEIXZ 100fe398     PhysX3CommonDEBUG_x86:PhysX3CommonDEBUG_x86.dll
 0005:0000039c       __imp_?getPolygonData@ConvexMesh@Gu@physx@@UBE_NIAAUPxHullPolygon@3@@Z 100fe39c     PhysX3CommonDEBUG_x86:PhysX3CommonDEBUG_x86.dll
 0005:000003a0       __imp_?getReferenceCount@ConvexMesh@Gu@physx@@UBEIXZ 100fe3a0     PhysX3CommonDEBUG_x86:PhysX3CommonDEBUG_x86.dll
 0005:000003a4       __imp_?getVertices@ConvexMesh@Gu@physx@@UBEPBVPxVec3@3@XZ 100fe3a4     PhysX3CommonDEBUG_x86:PhysX3CommonDEBUG_x86.dll
 0005:000003a8       __imp_?isKindOf@PxConvexMesh@physx@@MBE_NPBD@Z 100fe3a8     PhysX3CommonDEBUG_x86:PhysX3CommonDEBUG_x86.dll
 0005:000003ac       __imp_?onRefCountZero@ConvexMesh@Gu@physx@@UAEXXZ 100fe3ac     PhysX3CommonDEBUG_x86:PhysX3CommonDEBUG_x86.dll
 0005:000003b0       __imp_?release@ConvexMesh@Gu@physx@@UAEXXZ 100fe3b0     PhysX3CommonDEBUG_x86:PhysX3CommonDEBUG_x86.dll
 0005:000003b4       __imp_?readDword@physx@@YAI_NAAVPxInputStream@1@@Z 100fe3b4     PhysX3CommonDEBUG_x86:PhysX3CommonDEBUG_x86.dll
 0005:000003b8       __imp_?ReadHeader@Gu@physx@@YA_NEEEEAAIAA_NAAVPxInputStream@2@@Z 100fe3b8     PhysX3CommonDEBUG_x86:PhysX3CommonDEBUG_x86.dll
 0005:000003bc       __imp_??0FPUGuard@shdfnd@physx@@QAE@XZ 100fe3bc     PhysX3CommonDEBUG_x86:PhysX3CommonDEBUG_x86.dll
 0005:000003c0       __imp_??1FPUGuard@shdfnd@physx@@QAE@XZ 100fe3c0     PhysX3CommonDEBUG_x86:PhysX3CommonDEBUG_x86.dll
 0005:000003c4       __imp_?incRefCount@Foundation@shdfnd@physx@@SAXXZ 100fe3c4     PhysX3CommonDEBUG_x86:PhysX3CommonDEBUG_x86.dll
 0005:000003c8       __imp_?decRefCount@Foundation@shdfnd@physx@@SAXXZ 100fe3c8     PhysX3CommonDEBUG_x86:PhysX3CommonDEBUG_x86.dll
 0005:000003cc       __imp_??0TriangleMesh@Gu@physx@@QAE@XZ 100fe3cc     PhysX3CommonDEBUG_x86:PhysX3CommonDEBUG_x86.dll
 0005:000003d0       __imp_?checkMeshIndicesSize@TriangleMesh@Gu@physx@@QAEXXZ 100fe3d0     PhysX3CommonDEBUG_x86:PhysX3CommonDEBUG_x86.dll
 0005:000003d4       __imp_??1TriangleMesh@Gu@physx@@UAE@XZ 100fe3d4     PhysX3CommonDEBUG_x86:PhysX3CommonDEBUG_x86.dll
 0005:000003d8       __imp_??0HeightField@Gu@physx@@QAE@PAVGuMeshFactory@2@@Z 100fe3d8     PhysX3CommonDEBUG_x86:PhysX3CommonDEBUG_x86.dll
 0005:000003dc       __imp_?loadFromDesc@HeightField@Gu@physx@@QAE_NABVPxHeightFieldDesc@3@_N@Z 100fe3dc     PhysX3CommonDEBUG_x86:PhysX3CommonDEBUG_x86.dll
 0005:000003e0       __imp_?releaseMemory@HeightField@Gu@physx@@QAEX_N@Z 100fe3e0     PhysX3CommonDEBUG_x86:PhysX3CommonDEBUG_x86.dll
 0005:000003e4       __imp_?exportExtraData@TriangleMesh@Gu@physx@@UAEXAAVPxSerializationContext@3@@Z 100fe3e4     PhysX3CommonDEBUG_x86:PhysX3CommonDEBUG_x86.dll
 0005:000003e8       __imp_?getConcreteTypeName@PxTriangleMesh@physx@@UBEPBDXZ 100fe3e8     PhysX3CommonDEBUG_x86:PhysX3CommonDEBUG_x86.dll
 0005:000003ec       __imp_?getLocalBounds@TriangleMesh@Gu@physx@@UBE?AVPxBounds3@3@XZ 100fe3ec     PhysX3CommonDEBUG_x86:PhysX3CommonDEBUG_x86.dll
 0005:000003f0       __imp_?getNbTriangles@TriangleMesh@Gu@physx@@UBEIXZ 100fe3f0     PhysX3CommonDEBUG_x86:PhysX3CommonDEBUG_x86.dll
 0005:000003f4       __imp_?getNbVertices@TriangleMesh@Gu@physx@@UBEIXZ 100fe3f4     PhysX3CommonDEBUG_x86:PhysX3CommonDEBUG_x86.dll
 0005:000003f8       __imp_?getReferenceCount@TriangleMesh@Gu@physx@@UBEIXZ 100fe3f8     PhysX3CommonDEBUG_x86:PhysX3CommonDEBUG_x86.dll
 0005:000003fc       __imp_?getTriangleMaterialIndex@TriangleMesh@Gu@physx@@UBEGI@Z 100fe3fc     PhysX3CommonDEBUG_x86:PhysX3CommonDEBUG_x86.dll
 0005:00000400       __imp_?getTriangleMeshFlags@TriangleMesh@Gu@physx@@UBE?AV?$PxFlags@W4Enum@PxTriangleMeshFlag@physx@@E@3@XZ 100fe400     PhysX3CommonDEBUG_x86:PhysX3CommonDEBUG_x86.dll
 0005:00000404       __imp_?getTriangles@TriangleMesh@Gu@physx@@UBEPBXXZ 100fe404     PhysX3CommonDEBUG_x86:PhysX3CommonDEBUG_x86.dll
 0005:00000408       __imp_?getTrianglesRemap@TriangleMesh@Gu@physx@@UBEPBIXZ 100fe408     PhysX3CommonDEBUG_x86:PhysX3CommonDEBUG_x86.dll
 0005:0000040c       __imp_?getVertices@TriangleMesh@Gu@physx@@UBEPBVPxVec3@3@XZ 100fe40c     PhysX3CommonDEBUG_x86:PhysX3CommonDEBUG_x86.dll
 0005:00000410       __imp_?isKindOf@PxTriangleMesh@physx@@MBE_NPBD@Z 100fe410     PhysX3CommonDEBUG_x86:PhysX3CommonDEBUG_x86.dll
 0005:00000414       __imp_?onRefCountZero@TriangleMesh@Gu@physx@@UAEXXZ 100fe414     PhysX3CommonDEBUG_x86:PhysX3CommonDEBUG_x86.dll
 0005:00000418       __imp_?release@TriangleMesh@Gu@physx@@UAEXXZ 100fe418     PhysX3CommonDEBUG_x86:PhysX3CommonDEBUG_x86.dll
 0005:0000041c       __imp_?has16BitIndices@InternalTriangleMesh@physx@@QBE_NXZ 100fe41c     PhysX3CommonDEBUG_x86:PhysX3CommonDEBUG_x86.dll
 0005:00000420       __imp_?setTriangleAdjacency@InternalTriangleMesh@physx@@QAEXIII@Z 100fe420     PhysX3CommonDEBUG_x86:PhysX3CommonDEBUG_x86.dll
 0005:00000424       __imp_?setupMeshInterface@InternalTriangleMesh@physx@@QAEXXZ 100fe424     PhysX3CommonDEBUG_x86:PhysX3CommonDEBUG_x86.dll
 0005:00000428       \177PhysX3CommonDEBUG_x86_NULL_THUNK_DATA_DLA 100fe428     PhysX3CommonDEBUG_x86:PhysX3CommonDEBUG_x86.dll
 0005:00001d58       \177PhysX3CommonDEBUG_x86_NULL_THUNK_DATA_DLB 100ffd58     PhysX3CommonDEBUG_x86:PhysX3CommonDEBUG_x86.dll
 0007:00000000       ___guard_check_icall_fptr  10102000     LIBCMTD:guard_support.obj
