 PhysX3CharacterKinematic_x86

 Timestamp is 5698374c (Fri Jan 15 00:03:24 2016)

 Preferred load address is 10000000

 Start         Length     Name                   Class
 0001:00000000 0000025fH .text                   CODE
 0001:00000260 00000134H .text$di                CODE
 0001:000003a0 00051774H .text$mn                CODE
 0002:00000000 000001d4H .idata$5                DATA
 0002:000001d4 00000004H .00cfg                  DATA
 0002:000001d8 00000004H .CRT$XCA                DATA
 0002:000001dc 00000030H .CRT$XCU                DATA
 0002:0000020c 00000004H .CRT$XCZ                DATA
 0002:00000210 00000004H .CRT$XIA                DATA
 0002:00000214 0000000cH .CRT$XIC                DATA
 0002:00000220 00000004H .CRT$XIZ                DATA
 0002:00000224 00000004H .CRT$XPA                DATA
 0002:00000228 00000008H .CRT$XPX                DATA
 0002:00000230 00000004H .CRT$XPXA               DATA
 0002:00000234 00000004H .CRT$XPZ                DATA
 0002:00000238 00000004H .CRT$XTA                DATA
 0002:0000023c 00000004H .CRT$XTZ                DATA
 0002:00000240 00007d14H .rdata                  DATA
 0002:00007f54 0000020cH .rdata$r                DATA
 0002:00008160 0000000cH .rdata$sxdata           DATA
 0002:00008170 00000010H .rdata$zETW0            DATA
 0002:00008180 00000077H .rdata$zETW1            DATA
 0002:000081f7 0000002cH .rdata$zETW2            DATA
 0002:00008223 00000001H .rdata$zETW9            DATA
 0002:00008224 000003c8H .rdata$zzzdbg           DATA
 0002:000085ec 00000004H .rtc$IAA                DATA
 0002:000085f0 00000004H .rtc$IZZ                DATA
 0002:000085f4 00000004H .rtc$TAA                DATA
 0002:000085f8 00000004H .rtc$TZZ                DATA
 0002:00008600 000006f4H .xdata$x                DATA
 0002:00008d00 000001e8H .edata                  DATA
 0002:00008ee8 0000003cH .idata$2                DATA
 0002:00008f24 00000014H .idata$3                DATA
 0002:00008f38 000001d4H .idata$4                DATA
 0002:0000910c 0000101eH .idata$6                DATA
 0003:00000000 00000830H .data                   DATA
 0003:00000830 000003a3H .data$r                 DATA
 0003:00000be0 00001040H .bss                    DATA
 0004:00000000 000000dcH .gfids$x                DATA
 0004:000000dc 00000080H .gfids$y                DATA
 0005:00000000 000000a0H .rsrc$01                DATA
 0005:000000a0 00000500H .rsrc$02                DATA

  Address         Publics by Value              Rva+Base       Lib:Object

 0000:00000000       ___guard_fids_count        00000000     <absolute>
 0000:00000000       ___guard_longjmp_table     00000000     <absolute>
 0000:00000000       ___guard_iat_table         00000000     <absolute>
 0000:00000000       ___guard_longjmp_count     00000000     <absolute>
 0000:00000000       ___guard_iat_count         00000000     <absolute>
 0000:00000000       __except_list              00000000     <absolute>
 0000:00000000       ___guard_fids_table        00000000     <absolute>
 0000:00000003       ___safe_se_handler_count   00000003     <absolute>
 0000:00000100       ___guard_flags             00000100     <absolute>
 0000:00000000       ___ImageBase               10000000     <linker-defined>
 0001:00000000       ?TraceLoggingRegister@__vcrt_trace_logging_provider@@YAJPBU_TlgProvider_t@1@PBU_GUID@@P6GX1KE_K2PAU_EVENT_FILTER_DESCRIPTOR@@PAX@Z4@Z 10001000 f i libvcruntime:telemetry.obj
 0001:0000005d       ?TraceLoggingSetInformation@__vcrt_trace_logging_provider@@YAJPBU_TlgProvider_t@1@W4_EVENT_INFO_CLASS@@PAXK@Z 1000105d f i libvcruntime:telemetry.obj
 0001:00000088       ?TraceLoggingUnregister@__vcrt_trace_logging_provider@@YAXPBU_TlgProvider_t@1@@Z 10001088 f i libvcruntime:telemetry.obj
 0001:000000a7       ?_TlgCreateSz@__vcrt_trace_logging_provider@@YAXPAU_EVENT_DATA_DESCRIPTOR@@PBD@Z 100010a7 f i libvcruntime:telemetry.obj
 0001:000000df       ?_TlgCreateWsz@__vcrt_trace_logging_provider@@YAXPAU_EVENT_DATA_DESCRIPTOR@@PB_W@Z 100010df f i libvcruntime:telemetry.obj
 0001:00000123       ?_TlgEnableCallback@__vcrt_trace_logging_provider@@YGXPBU_GUID@@KE_K1PAU_EVENT_FILTER_DESCRIPTOR@@PAX@Z 10001123 f i libvcruntime:telemetry.obj
 0001:0000019b       ?_TlgKeywordOn@__vcrt_trace_logging_provider@@YAEPBU_TlgProvider_t@1@_K@Z 1000119b f i libvcruntime:telemetry.obj
 0001:000001d7       ?_TlgWrite@__vcrt_trace_logging_provider@@YAJPBU_TlgProvider_t@1@PBXPBU_GUID@@2IPAU_EVENT_DATA_DESCRIPTOR@@@Z 100011d7 f i libvcruntime:telemetry.obj
 0001:000003a0       ??0BoxController@Cct@physx@@QAE@ABVPxControllerDesc@2@AAVPxPhysics@2@PAVPxScene@2@@Z 100013a0 f   CctBoxController.obj
 0001:00000450       ??1BoxController@Cct@physx@@UAE@XZ 10001450 f   CctBoxController.obj
 0001:00000470       ?getWorldBox@BoxController@Cct@physx@@UBE_NAAUPxExtendedBounds3@3@@Z 10001470 f   CctBoxController.obj
 0001:00000520       ?setFootPosition@BoxController@Cct@physx@@UAE_NABUPxExtendedVec3@3@@Z 10001520 f   CctBoxController.obj
 0001:00000590       ?getFootPosition@BoxController@Cct@physx@@UBE?AUPxExtendedVec3@3@XZ 10001590 f   CctBoxController.obj
 0001:00000610       ?invalidateCache@BoxController@Cct@physx@@UAEXXZ 10001610 f   CctBoxController.obj
 0001:00000650       ?resize@BoxController@Cct@physx@@UAEXM@Z 10001650 f   CctBoxController.obj
 0001:000006f0       ?getHalfHeight@BoxController@Cct@physx@@UBEMXZ 100016f0 f   CctBoxController.obj
 0001:00000700       ?getHalfSideExtent@BoxController@Cct@physx@@UBEMXZ 10001700 f   CctBoxController.obj
 0001:00000710       ?getHalfForwardExtent@BoxController@Cct@physx@@UBEMXZ 10001710 f   CctBoxController.obj
 0001:00000720       ?setHalfHeight@BoxController@Cct@physx@@UAE_NM@Z 10001720 f   CctBoxController.obj
 0001:00000750       ?setHalfSideExtent@BoxController@Cct@physx@@UAE_NM@Z 10001750 f   CctBoxController.obj
 0001:00000780       ?setHalfForwardExtent@BoxController@Cct@physx@@UAE_NM@Z 10001780 f   CctBoxController.obj
 0001:000007b0       ?updateKinematicProxy@BoxController@Cct@physx@@QAE_NXZ 100017b0 f   CctBoxController.obj
 0001:00000850       ?getOBB@BoxController@Cct@physx@@QBEXAAVPxExtendedBox@3@@Z 10001850 f   CctBoxController.obj
 0001:00000920       ??0PxControllerManager@physx@@IAE@XZ 10001920 f i CctBoxController.obj
 0001:00000930       ??0PxControllerManager@physx@@QAE@ABV01@@Z 10001930 f i CctBoxController.obj
 0001:00000940       ??1PxBoxController@physx@@MAE@XZ 10001940 f i CctBoxController.obj
 0001:00000950       ??1PxController@physx@@MAE@XZ 10001950 f i CctBoxController.obj
 0001:00000960       ??1PxControllerManager@physx@@MAE@XZ 10001960 f i CctBoxController.obj
 0001:00000970       ??4PxControllerManager@physx@@QAEAAV01@ABV01@@Z 10001970 f i CctBoxController.obj
 0001:00000975       ??_EBoxController@Cct@physx@@W7AEPAXI@Z 10001975 f i CctBoxController.obj
 0001:00000980       ??_EPxControllerManager@physx@@MAEPAXI@Z 10001980 f i CctBoxController.obj
 0001:000009f0       ??_EBoxController@Cct@physx@@UAEPAXI@Z 100019f0 f i CctBoxController.obj
 0001:000009f0       ??_GBoxController@Cct@physx@@UAEPAXI@Z 100019f0 f i CctBoxController.obj
 0001:00000a50       ??_EPxBoxController@physx@@MAEPAXI@Z 10001a50 f i CctBoxController.obj
 0001:00000a50       ??_GPxBoxController@physx@@MAEPAXI@Z 10001a50 f i CctBoxController.obj
 0001:00000a80       ??_GPxController@physx@@MAEPAXI@Z 10001a80 f i CctBoxController.obj
 0001:00000a80       ??_EPxController@physx@@MAEPAXI@Z 10001a80 f i CctBoxController.obj
 0001:00000ab0       ??_GPxControllerManager@physx@@MAEPAXI@Z 10001ab0 f i CctBoxController.obj
 0001:00000ae0       ??_H@YGXPAXIIP6EPAX0@Z@Z   10001ae0 f i CctBoxController.obj
 0001:00000b10       ??_I@YGXPAXIIP6EX0@Z@Z     10001b10 f i CctBoxController.obj
 0001:00000b50       ?__empty_global_delete@@YAXPAX@Z 10001b50 f i CctBoxController.obj
 0001:00000b60       ?__empty_global_delete@@YAXPAXI@Z 10001b60 f i CctBoxController.obj
 0001:00000b60       ?__global_delete@@YAXPAXI@Z 10001b60 f i CctBoxController.obj
 0001:00000b70       ?createController@PxControllerManager@physx@@UAEPAVPxController@2@AAVPxPhysics@2@PAVPxScene@2@ABVPxControllerDesc@2@@Z 10001b70 f i CctBoxController.obj
 0001:00000bb0       ?getActor@BoxController@Cct@physx@@UBEPAVPxRigidDynamic@3@XZ 10001bb0 f i CctBoxController.obj
 0001:00000bc0       ?getContactOffset@BoxController@Cct@physx@@UBEMXZ 10001bc0 f i CctBoxController.obj
 0001:00000bd0       ?getHalfHeightInternal@BoxController@Cct@physx@@UBEMXZ 10001bd0 f i CctBoxController.obj
 0001:00000be0       ?getNonWalkableMode@BoxController@Cct@physx@@UBE?AW4Enum@PxControllerNonWalkableMode@3@XZ 10001be0 f i CctBoxController.obj
 0001:00000bf0       ?getPosition@BoxController@Cct@physx@@UBEABUPxExtendedVec3@3@XZ 10001bf0 f i CctBoxController.obj
 0001:00000c00       ?getPxController@BoxController@Cct@physx@@UAEPAVPxController@3@XZ 10001c00 f i CctBoxController.obj
 0001:00000c10       ?getScene@BoxController@Cct@physx@@UAEPAVPxScene@3@XZ 10001c10 f i CctBoxController.obj
 0001:00000c20       ?getSlopeLimit@BoxController@Cct@physx@@UBEMXZ 10001c20 f i CctBoxController.obj
 0001:00000c30       ?getState@BoxController@Cct@physx@@UBEXAAUPxControllerState@3@@Z 10001c30 f i CctBoxController.obj
 0001:00000c40       ?getStats@BoxController@Cct@physx@@UBEXAAUPxControllerStats@3@@Z 10001c40 f i CctBoxController.obj
 0001:00000c50       ?getStepOffset@BoxController@Cct@physx@@UBEMXZ 10001c50 f i CctBoxController.obj
 0001:00000c60       ?getType@BoxController@Cct@physx@@UBE?AW4Enum@PxControllerShapeType@3@XZ 10001c60 f i CctBoxController.obj
 0001:00000c70       ?getUpDirection@BoxController@Cct@physx@@UBE?AVPxVec3@3@XZ 10001c70 f i CctBoxController.obj
 0001:00000c90       ?getUserData@BoxController@Cct@physx@@UBEPAXXZ 10001c90 f i CctBoxController.obj
 0001:00000ca0       ?release@BoxController@Cct@physx@@UAEXXZ 10001ca0 f i CctBoxController.obj
 0001:00000cb0       ?setContactOffset@BoxController@Cct@physx@@UAEXM@Z 10001cb0 f i CctBoxController.obj
 0001:00000cd0       ?setNonWalkableMode@BoxController@Cct@physx@@UAEXW4Enum@PxControllerNonWalkableMode@3@@Z 10001cd0 f i CctBoxController.obj
 0001:00000ce0       ?setPosition@BoxController@Cct@physx@@UAE_NABUPxExtendedVec3@3@@Z 10001ce0 f i CctBoxController.obj
 0001:00000cf0       ?setSlopeLimit@BoxController@Cct@physx@@UAEXM@Z 10001cf0 f i CctBoxController.obj
 0001:00000d10       ?setStepOffset@BoxController@Cct@physx@@UAEXM@Z 10001d10 f i CctBoxController.obj
 0001:00000d30       ?setUpDirection@BoxController@Cct@physx@@UAEXABVPxVec3@3@@Z 10001d30 f i CctBoxController.obj
 0001:00000d40       ?setUserData@BoxController@Cct@physx@@UAEXPAX@Z 10001d40 f i CctBoxController.obj
 0001:00000d50       ??0CapsuleController@Cct@physx@@QAE@ABVPxControllerDesc@2@AAVPxPhysics@2@PAVPxScene@2@@Z 10001d50 f   CctCapsuleController.obj
 0001:00000df0       ??1CapsuleController@Cct@physx@@UAE@XZ 10001df0 f   CctCapsuleController.obj
 0001:00000e10       ?getWorldBox@CapsuleController@Cct@physx@@UBE_NAAUPxExtendedBounds3@3@@Z 10001e10 f   CctCapsuleController.obj
 0001:00000ec0       ?setFootPosition@CapsuleController@Cct@physx@@UAE_NABUPxExtendedVec3@3@@Z 10001ec0 f   CctCapsuleController.obj
 0001:00000f50       ?getFootPosition@CapsuleController@Cct@physx@@UBE?AUPxExtendedVec3@3@XZ 10001f50 f   CctCapsuleController.obj
 0001:00000fe0       ?invalidateCache@CapsuleController@Cct@physx@@UAEXXZ 10001fe0 f   CctCapsuleController.obj
 0001:00001020       ?resize@CapsuleController@Cct@physx@@UAEXM@Z 10002020 f   CctCapsuleController.obj
 0001:000010e0       ?getClimbingMode@CapsuleController@Cct@physx@@UBE?AW4Enum@PxCapsuleClimbingMode@3@XZ 100020e0 f   CctCapsuleController.obj
 0001:000010f0       ?setRadius@CapsuleController@Cct@physx@@UAE_NM@Z 100020f0 f   CctCapsuleController.obj
 0001:00001170       ?setHeight@CapsuleController@Cct@physx@@UAE_NM@Z 10002170 f   CctCapsuleController.obj
 0001:000011f0       ?setClimbingMode@CapsuleController@Cct@physx@@UAE_NW4Enum@PxCapsuleClimbingMode@3@@Z 100021f0 f   CctCapsuleController.obj
 0001:00001210       ?getCapsule@CapsuleController@Cct@physx@@QBEXAAUPxExtendedCapsule@3@@Z 10002210 f   CctCapsuleController.obj
 0001:000012e0       ??1PxCapsuleController@physx@@MAE@XZ 100022e0 f i CctCapsuleController.obj
 0001:000012e7       ??_ECapsuleController@Cct@physx@@W7AEPAXI@Z 100022e7 f i CctCapsuleController.obj
 0001:000012f0       ??_GCapsuleController@Cct@physx@@UAEPAXI@Z 100022f0 f i CctCapsuleController.obj
 0001:000012f0       ??_ECapsuleController@Cct@physx@@UAEPAXI@Z 100022f0 f i CctCapsuleController.obj
 0001:00001350       ??_EPxCapsuleController@physx@@MAEPAXI@Z 10002350 f i CctCapsuleController.obj
 0001:00001350       ??_GPxCapsuleController@physx@@MAEPAXI@Z 10002350 f i CctCapsuleController.obj
 0001:00001380       ?getActor@CapsuleController@Cct@physx@@UBEPAVPxRigidDynamic@3@XZ 10002380 f i CctCapsuleController.obj
 0001:00001390       ?getContactOffset@CapsuleController@Cct@physx@@UBEMXZ 10002390 f i CctCapsuleController.obj
 0001:000013a0       ?getHalfHeightInternal@CapsuleController@Cct@physx@@UBEMXZ 100023a0 f i CctCapsuleController.obj
 0001:000013c0       ?getHeight@CapsuleController@Cct@physx@@UBEMXZ 100023c0 f i CctCapsuleController.obj
 0001:000013d0       ?getNonWalkableMode@CapsuleController@Cct@physx@@UBE?AW4Enum@PxControllerNonWalkableMode@3@XZ 100023d0 f i CctCapsuleController.obj
 0001:000013e0       ?getPosition@CapsuleController@Cct@physx@@UBEABUPxExtendedVec3@3@XZ 100023e0 f i CctCapsuleController.obj
 0001:000013f0       ?getPxController@CapsuleController@Cct@physx@@UAEPAVPxController@3@XZ 100023f0 f i CctCapsuleController.obj
 0001:00001400       ?getRadius@CapsuleController@Cct@physx@@UBEMXZ 10002400 f i CctCapsuleController.obj
 0001:00001410       ?getScene@CapsuleController@Cct@physx@@UAEPAVPxScene@3@XZ 10002410 f i CctCapsuleController.obj
 0001:00001420       ?getSlopeLimit@CapsuleController@Cct@physx@@UBEMXZ 10002420 f i CctCapsuleController.obj
 0001:00001430       ?getState@CapsuleController@Cct@physx@@UBEXAAUPxControllerState@3@@Z 10002430 f i CctCapsuleController.obj
 0001:00001440       ?getStats@CapsuleController@Cct@physx@@UBEXAAUPxControllerStats@3@@Z 10002440 f i CctCapsuleController.obj
 0001:00001450       ?getStepOffset@CapsuleController@Cct@physx@@UBEMXZ 10002450 f i CctCapsuleController.obj
 0001:00001460       ?getType@CapsuleController@Cct@physx@@UBE?AW4Enum@PxControllerShapeType@3@XZ 10002460 f i CctCapsuleController.obj
 0001:00001470       ?getUpDirection@CapsuleController@Cct@physx@@UBE?AVPxVec3@3@XZ 10002470 f i CctCapsuleController.obj
 0001:00001490       ?getUserData@CapsuleController@Cct@physx@@UBEPAXXZ 10002490 f i CctCapsuleController.obj
 0001:000014a0       ?release@CapsuleController@Cct@physx@@UAEXXZ 100024a0 f i CctCapsuleController.obj
 0001:000014b0       ?setContactOffset@CapsuleController@Cct@physx@@UAEXM@Z 100024b0 f i CctCapsuleController.obj
 0001:000014d0       ?setNonWalkableMode@CapsuleController@Cct@physx@@UAEXW4Enum@PxControllerNonWalkableMode@3@@Z 100024d0 f i CctCapsuleController.obj
 0001:000014e0       ?setPosition@CapsuleController@Cct@physx@@UAE_NABUPxExtendedVec3@3@@Z 100024e0 f i CctCapsuleController.obj
 0001:000014f0       ?setSlopeLimit@CapsuleController@Cct@physx@@UAEXM@Z 100024f0 f i CctCapsuleController.obj
 0001:00001510       ?setStepOffset@CapsuleController@Cct@physx@@UAEXM@Z 10002510 f i CctCapsuleController.obj
 0001:00001530       ?setUpDirection@CapsuleController@Cct@physx@@UAEXABVPxVec3@3@@Z 10002530 f i CctCapsuleController.obj
 0001:00001540       ?setUserData@CapsuleController@Cct@physx@@UAEXPAX@Z 10002540 f i CctCapsuleController.obj
 0001:00001550       ??0CCTParams@Cct@physx@@QAE@XZ 10002550 f   CctCharacterController.obj
 0001:000015c0       ??0SweepTest@Cct@physx@@QAE@XZ 100025c0 f   CctCharacterController.obj
 0001:00001720       ??1SweepTest@Cct@physx@@QAE@XZ 10002720 f   CctCharacterController.obj
 0001:00001790       ?moveCharacter@SweepTest@Cct@physx@@QAE?AV?$PxFlags@W4Enum@PxControllerCollisionFlag@physx@@E@3@PBUInternalCBData_FindTouchedGeom@23@PBUInternalCBData_OnHit@23@AAVSweptVolume@23@ABVPxVec3@3@ABUUserObstacles@23@MABVPxControllerFilters@3@_N6@Z 10002790 f   CctCharacterController.obj
 0001:00002060       ?doSweepTest@SweepTest@Cct@physx@@QAE_NPBUInternalCBData_FindTouchedGeom@23@PBUInternalCBData_OnHit@23@ABUUserObstacles@23@AAVSweptVolume@23@ABVPxVec3@3@4IPAIMABVPxControllerFilters@3@W4SweepPass@23@@Z 10003060 f   CctCharacterController.obj
 0001:00002d10       ?findTouchedObstacles@SweepTest@Cct@physx@@QAEXABUUserObstacles@23@ABUPxExtendedBounds3@3@@Z 10003d10 f   CctCharacterController.obj
 0001:00003470       ?voidTestCache@SweepTest@Cct@physx@@QAEXXZ 10004470 f   CctCharacterController.obj
 0001:000034b0       ?onRelease@SweepTest@Cct@physx@@QAEXABVPxBase@3@@Z 100044b0 f   CctCharacterController.obj
 0001:00003550       ?onObstacleRemoved@SweepTest@Cct@physx@@QAEXI@Z 10004550 f   CctCharacterController.obj
 0001:00003570       ?onObstacleUpdated@SweepTest@Cct@physx@@QAEXIPBVPxObstacleContext@3@ABVPxVec3@3@1M@Z 10004570 f   CctCharacterController.obj
 0001:00003670       ?onObstacleAdded@SweepTest@Cct@physx@@QAEXIPBVPxObstacleContext@3@ABVPxVec3@3@1M@Z 10004670 f   CctCharacterController.obj
 0001:000037c0       ?onOriginShift@SweepTest@Cct@physx@@QAEXABVPxVec3@3@@Z 100047c0 f   CctCharacterController.obj
 0001:00003960       ?updateTouchedGeoms@SweepTest@Cct@physx@@AAEXPBUInternalCBData_FindTouchedGeom@23@ABUUserObstacles@23@ABUPxExtendedBounds3@3@ABVPxControllerFilters@3@ABVPxVec3@3@@Z 10004960 f   CctCharacterController.obj
 0001:00004010       ?findTouchedObject@Controller@Cct@physx@@IAEXABVPxControllerFilters@3@PBVPxObstacleContext@3@ABVPxVec3@3@@Z 10005010 f   CctCharacterController.obj
 0001:000044d0       ?rideOnTouchedObject@Controller@Cct@physx@@IAE_NAAVSweptVolume@23@ABVPxVec3@3@AAV53@PBVPxObstacleContext@3@@Z 100054d0 f   CctCharacterController.obj
 0001:00004a60       ?move@Controller@Cct@physx@@IAE?AV?$PxFlags@W4Enum@PxControllerCollisionFlag@physx@@E@3@AAVSweptVolume@23@ABVPxVec3@3@MMABVPxControllerFilters@3@PBVPxObstacleContext@3@_N@Z 10005a60 f   CctCharacterController.obj
 0001:00005790       ?filterTouchedShape@Controller@Cct@physx@@IAE_NABVPxControllerFilters@3@@Z 10006790 f   CctCharacterController.obj
 0001:00006c60       ?move@BoxController@Cct@physx@@UAE?AV?$PxFlags@W4Enum@PxControllerCollisionFlag@physx@@E@3@ABVPxVec3@3@MMABVPxControllerFilters@3@PBVPxObstacleContext@3@@Z 10007c60 f   CctCharacterController.obj
 0001:00006d20       ?move@CapsuleController@Cct@physx@@UAE?AV?$PxFlags@W4Enum@PxControllerCollisionFlag@physx@@E@3@ABVPxVec3@3@MMABVPxControllerFilters@3@PBVPxObstacleContext@3@@Z 10007d20 f   CctCharacterController.obj
 0001:00006df0       ??0PxMat33@physx@@QAE@ABV01@@Z 10007df0 f i CctCharacterController.obj
 0001:00006e30       ??0PxVec3@physx@@QAE@XZ    10007e30 f i CctCharacterController.obj
 0001:00006e40       ??1?$PxHitBuffer@UPxRaycastHit@physx@@@physx@@UAE@XZ 10007e40 f i CctCharacterController.obj
 0001:00006e50       ??1?$PxHitCallback@UPxRaycastHit@physx@@@physx@@UAE@XZ 10007e50 f i CctCharacterController.obj
 0001:00006e60       ??1PxQueryFilterCallback@physx@@UAE@XZ 10007e60 f i CctCharacterController.obj
 0001:00006e70       ??4CCTParams@Cct@physx@@QAEAAU012@ABU012@@Z 10007e70 f i CctCharacterController.obj
 0001:00006f00       ??4PxRaycastHit@physx@@QAEAAU01@ABU01@@Z 10007f00 f i CctCharacterController.obj
 0001:00006f70       ??_G?$PxHitBuffer@UPxRaycastHit@physx@@@physx@@UAEPAXI@Z 10007f70 f i CctCharacterController.obj
 0001:00006f70       ??_E?$PxHitBuffer@UPxRaycastHit@physx@@@physx@@UAEPAXI@Z 10007f70 f i CctCharacterController.obj
 0001:00006fa0       ??_G?$PxHitCallback@UPxRaycastHit@physx@@@physx@@UAEPAXI@Z 10007fa0 f i CctCharacterController.obj
 0001:00006fa0       ??_E?$PxHitCallback@UPxRaycastHit@physx@@@physx@@UAEPAXI@Z 10007fa0 f i CctCharacterController.obj
 0001:00006fd0       ??_GControllerFilter@@UAEPAXI@Z 10007fd0 f i CctCharacterController.obj
 0001:00006fd0       ??_EControllerFilter@@UAEPAXI@Z 10007fd0 f i CctCharacterController.obj
 0001:00007000       ??_EPxQueryFilterCallback@physx@@UAEPAXI@Z 10008000 f i CctCharacterController.obj
 0001:00007000       ??_GPxQueryFilterCallback@physx@@UAEPAXI@Z 10008000 f i CctCharacterController.obj
 0001:000071c0       ?allocate@?$Array@IV?$ReflectionAllocator@I@shdfnd@physx@@@shdfnd@physx@@IAEPAII@Z 100081c0 f i CctCharacterController.obj
 0001:00007240       ?allocate@?$Array@PBXV?$ReflectionAllocator@PBX@shdfnd@physx@@@shdfnd@physx@@IAEPAPBXI@Z 10008240 f i CctCharacterController.obj
 0001:000072c0       ?allocate@?$Array@UPxExtendedCapsule@physx@@V?$ReflectionAllocator@UPxExtendedCapsule@physx@@@shdfnd@2@@shdfnd@physx@@IAEPAUPxExtendedCapsule@3@I@Z 100082c0 f i CctCharacterController.obj
 0001:00007340       ?allocate@?$Array@VPxExtendedBox@physx@@V?$ReflectionAllocator@VPxExtendedBox@physx@@@shdfnd@2@@shdfnd@physx@@IAEPAVPxExtendedBox@3@I@Z 10008340 f i CctCharacterController.obj
 0001:00007ad0       ?copy@?$Array@UPxExtendedCapsule@physx@@V?$ReflectionAllocator@UPxExtendedCapsule@physx@@@shdfnd@2@@shdfnd@physx@@KAXPAUPxExtendedCapsule@3@0PBU43@@Z 10008ad0 f i CctCharacterController.obj
 0001:00007b10       ?copy@?$Array@VPxExtendedBox@physx@@V?$ReflectionAllocator@VPxExtendedBox@physx@@@shdfnd@2@@shdfnd@physx@@KAXPAVPxExtendedBox@3@0PBV43@@Z 10008b10 f i CctCharacterController.obj
 0001:00007b90       ?finalizeQuery@?$PxHitCallback@UPxRaycastHit@physx@@@physx@@UAEXXZ 10008b90 f i CctCharacterController.obj
 0001:00007ba0       ?find@?$HashBase@PAVPxShape@physx@@PAV12@U?$Hash@PAVPxShape@physx@@@shdfnd@2@UGetKey@?$HashSetBase@PAVPxShape@physx@@U?$Hash@PAVPxShape@physx@@@shdfnd@2@VAllocator@42@$0A@@internal@42@VAllocator@42@$0A@@internal@shdfnd@physx@@QBEPBQAVPxShape@4@ABQAV54@@Z 10008ba0 f i CctCharacterController.obj
 0001:00007c30       ?getGlobalPose@PxShapeExt@physx@@SA?AVPxTransform@2@ABVPxShape@2@ABVPxRigidActor@2@@Z 10008c30 f i CctCharacterController.obj
 0001:00007e70       ?growAndPushBack@?$Array@PBXV?$ReflectionAllocator@PBX@shdfnd@physx@@@shdfnd@physx@@IAEAAPBXABQBX@Z 10008e70 f i CctCharacterController.obj
 0001:00007f00       ?growAndPushBack@?$Array@UPxExtendedCapsule@physx@@V?$ReflectionAllocator@UPxExtendedCapsule@physx@@@shdfnd@2@@shdfnd@physx@@IAEAAUPxExtendedCapsule@3@ABU43@@Z 10008f00 f i CctCharacterController.obj
 0001:00007fc0       ?growAndPushBack@?$Array@VPxExtendedBox@physx@@V?$ReflectionAllocator@VPxExtendedBox@physx@@@shdfnd@2@@shdfnd@physx@@IAEAAVPxExtendedBox@3@ABV43@@Z 10008fc0 f i CctCharacterController.obj
 0001:00008090       ?postFilter@ControllerFilter@@UAE?AW4Enum@PxQueryHitType@physx@@ABUPxFilterData@4@ABUPxQueryHit@4@@Z 10009090 f i CctCharacterController.obj
 0001:000080b0       ?preFilter@ControllerFilter@@UAE?AW4Enum@PxQueryHitType@physx@@ABUPxFilterData@4@PBVPxShape@4@PBVPxRigidActor@4@AAV?$PxFlags@W4Enum@PxHitFlag@physx@@G@4@@Z 100090b0 f i CctCharacterController.obj
 0001:00008110       ?processTouches@?$PxHitBuffer@UPxRaycastHit@physx@@@physx@@MAE_NPBUPxRaycastHit@2@I@Z 10009110 f i CctCharacterController.obj
 0001:00008120       ?recreate@?$Array@IV?$ReflectionAllocator@I@shdfnd@physx@@@shdfnd@physx@@IAEXI@Z 10009120 f i CctCharacterController.obj
 0001:00008250       ?resizeUninitialized@?$Array@IV?$ReflectionAllocator@I@shdfnd@physx@@@shdfnd@physx@@QAEXI@Z 10009250 f i CctCharacterController.obj
 0001:000084f0       ?getSceneTimestamp@Cct@physx@@YAIPBUInternalCBData_FindTouchedGeom@12@@Z 100094f0 f   CctCharacterControllerCallbacks.obj
 0001:00008510       ?findTouchedGeometry@Cct@physx@@YAXPBUInternalCBData_FindTouchedGeom@12@ABUPxExtendedBounds3@2@AAV?$Array@VPxTriangle@physx@@V?$ReflectionAllocator@VPxTriangle@physx@@@shdfnd@2@@shdfnd@2@AAV?$Array@IV?$ReflectionAllocator@I@shdfnd@physx@@@62@3ABVCCTFilter@12@ABUCCTParams@12@AAG@Z 10009510 f   CctCharacterControllerCallbacks.obj
 0001:00008940       ?shapeHitCallback@Cct@physx@@YAIPBUInternalCBData_OnHit@12@ABUSweptContact@12@ABVPxVec3@2@M@Z 10009940 f   CctCharacterControllerCallbacks.obj
 0001:00008a00       ?userHitCallback@Cct@physx@@YAIPBUInternalCBData_OnHit@12@ABUSweptContact@12@ABVPxVec3@2@M@Z 10009a00 f   CctCharacterControllerCallbacks.obj
 0001:00008bc0       ??0PxOverlapHit@physx@@QAE@XZ 10009bc0 f i CctCharacterControllerCallbacks.obj
 0001:00008be0       ??1?$PxHitBuffer@UPxOverlapHit@physx@@@physx@@UAE@XZ 10009be0 f i CctCharacterControllerCallbacks.obj
 0001:00008bf0       ??1?$PxHitCallback@UPxOverlapHit@physx@@@physx@@UAE@XZ 10009bf0 f i CctCharacterControllerCallbacks.obj
 0001:00008c00       ??_G?$PxHitBuffer@UPxOverlapHit@physx@@@physx@@UAEPAXI@Z 10009c00 f i CctCharacterControllerCallbacks.obj
 0001:00008c00       ??_E?$PxHitBuffer@UPxOverlapHit@physx@@@physx@@UAEPAXI@Z 10009c00 f i CctCharacterControllerCallbacks.obj
 0001:00008c30       ??_E?$PxHitCallback@UPxOverlapHit@physx@@@physx@@UAEPAXI@Z 10009c30 f i CctCharacterControllerCallbacks.obj
 0001:00008c30       ??_G?$PxHitCallback@UPxOverlapHit@physx@@@physx@@UAEPAXI@Z 10009c30 f i CctCharacterControllerCallbacks.obj
 0001:00008c60       ?allocate@?$Array@VPxTriangle@physx@@V?$ReflectionAllocator@VPxTriangle@physx@@@shdfnd@2@@shdfnd@physx@@IAEPAVPxTriangle@3@I@Z 10009c60 f i CctCharacterControllerCallbacks.obj
 0001:00008cd0       ?copy@?$Array@VPxTriangle@physx@@V?$ReflectionAllocator@VPxTriangle@physx@@@shdfnd@2@@shdfnd@physx@@KAXPAVPxTriangle@3@0PBV43@@Z 10009cd0 f i CctCharacterControllerCallbacks.obj
 0001:00009430       ?finalizeQuery@?$PxHitCallback@UPxOverlapHit@physx@@@physx@@UAEXXZ 1000a430 f i CctCharacterControllerCallbacks.obj
 0001:00009440       ?growAndPushBack@?$Array@IV?$ReflectionAllocator@I@shdfnd@physx@@@shdfnd@physx@@IAEAAIABI@Z 1000a440 f i CctCharacterControllerCallbacks.obj
 0001:000094d0       ?growAndPushBack@?$Array@VPxTriangle@physx@@V?$ReflectionAllocator@VPxTriangle@physx@@@shdfnd@2@@shdfnd@physx@@IAEAAVPxTriangle@3@ABV43@@Z 1000a4d0 f i CctCharacterControllerCallbacks.obj
 0001:0000d000       ?processTouches@?$PxHitBuffer@UPxOverlapHit@physx@@@physx@@MAE_NPBUPxOverlapHit@2@I@Z 1000e000 f i CctCharacterControllerCallbacks.obj
 0001:0000d010       ?recreate@?$Array@VPxTriangle@physx@@V?$ReflectionAllocator@VPxTriangle@physx@@@shdfnd@2@@shdfnd@physx@@IAEXI@Z 1000e010 f i CctCharacterControllerCallbacks.obj
 0001:0000d070       ?resizeUninitialized@?$Array@VPxTriangle@physx@@V?$ReflectionAllocator@VPxTriangle@physx@@@shdfnd@2@@shdfnd@physx@@QAEXI@Z 1000e070 f i CctCharacterControllerCallbacks.obj
 0001:0000d760       _PxCreateControllerManager 1000e760 f   CctCharacterControllerManager.obj
 0001:0000d7d0       ??0CharacterControllerManager@Cct@physx@@QAE@AAVPxScene@2@_N@Z 1000e7d0 f   CctCharacterControllerManager.obj
 0001:0000d8f0       ??1CharacterControllerManager@Cct@physx@@UAE@XZ 1000e8f0 f   CctCharacterControllerManager.obj
 0001:0000d9f0       ?release@CharacterControllerManager@Cct@physx@@UAEXXZ 1000e9f0 f   CctCharacterControllerManager.obj
 0001:0000dad0       ?getScene@CharacterControllerManager@Cct@physx@@UBEAAVPxScene@3@XZ 1000ead0 f   CctCharacterControllerManager.obj
 0001:0000dae0       ?getNbControllers@CharacterControllerManager@Cct@physx@@UBEIXZ 1000eae0 f   CctCharacterControllerManager.obj
 0001:0000daf0       ?getController@CharacterControllerManager@Cct@physx@@UAEPAVPxController@3@I@Z 1000eaf0 f   CctCharacterControllerManager.obj
 0001:0000db30       ?createController@CharacterControllerManager@Cct@physx@@UAEPAVPxController@3@ABVPxControllerDesc@3@@Z 1000eb30 f   CctCharacterControllerManager.obj
 0001:0000dcd0       ?purgeControllers@CharacterControllerManager@Cct@physx@@UAEXXZ 1000ecd0 f   CctCharacterControllerManager.obj
 0001:0000dd80       ?getRenderBuffer@CharacterControllerManager@Cct@physx@@UAEAAVPxRenderBuffer@3@XZ 1000ed80 f   CctCharacterControllerManager.obj
 0001:0000ddf0       ?setDebugRenderingFlags@CharacterControllerManager@Cct@physx@@UAEXV?$PxFlags@W4Enum@PxControllerDebugRenderFlag@physx@@I@3@@Z 1000edf0 f   CctCharacterControllerManager.obj
 0001:0000de20       ?getNbObstacleContexts@CharacterControllerManager@Cct@physx@@UBEIXZ 1000ee20 f   CctCharacterControllerManager.obj
 0001:0000de30       ?getObstacleContext@CharacterControllerManager@Cct@physx@@UAEPAVPxObstacleContext@3@I@Z 1000ee30 f   CctCharacterControllerManager.obj
 0001:0000de70       ?createObstacleContext@CharacterControllerManager@Cct@physx@@UAEPAVPxObstacleContext@3@XZ 1000ee70 f   CctCharacterControllerManager.obj
 0001:0000df10       ?computeInteractions@CharacterControllerManager@Cct@physx@@UAEXMPAVPxControllerFilterCallback@3@@Z 1000ef10 f   CctCharacterControllerManager.obj
 0001:0000e0c0       ?setTessellation@CharacterControllerManager@Cct@physx@@UAEX_NM@Z 1000f0c0 f   CctCharacterControllerManager.obj
 0001:0000e0e0       ?setOverlapRecoveryModule@CharacterControllerManager@Cct@physx@@UAEX_N@Z 1000f0e0 f   CctCharacterControllerManager.obj
 0001:0000e0f0       ?setPreciseSweeps@CharacterControllerManager@Cct@physx@@UAEX_N@Z 1000f0f0 f   CctCharacterControllerManager.obj
 0001:0000e100       ?setPreventVerticalSlidingAgainstCeiling@CharacterControllerManager@Cct@physx@@UAEX_N@Z 1000f100 f   CctCharacterControllerManager.obj
 0001:0000e110       ?shiftOrigin@CharacterControllerManager@Cct@physx@@UAEXABVPxVec3@3@@Z 1000f110 f   CctCharacterControllerManager.obj
 0001:0000e1a0       ?onObstacleRemoved@CharacterControllerManager@Cct@physx@@QBEXI@Z 1000f1a0 f   CctCharacterControllerManager.obj
 0001:0000e1d0       ?onObstacleUpdated@CharacterControllerManager@Cct@physx@@QBEXIPBVPxObstacleContext@3@@Z 1000f1d0 f   CctCharacterControllerManager.obj
 0001:0000e2a0       ?onObstacleAdded@CharacterControllerManager@Cct@physx@@QBEXIPBVPxObstacleContext@3@@Z 1000f2a0 f   CctCharacterControllerManager.obj
 0001:0000e370       ?releaseController@CharacterControllerManager@Cct@physx@@QAEXAAVPxController@3@@Z 1000f370 f   CctCharacterControllerManager.obj
 0001:0000e400       ?getControllers@CharacterControllerManager@Cct@physx@@QAEPAPAVController@23@XZ 1000f400 f   CctCharacterControllerManager.obj
 0001:0000e410       ?releaseObstacleContext@CharacterControllerManager@Cct@physx@@QAEXAAVObstacleContext@23@@Z 1000f410 f   CctCharacterControllerManager.obj
 0001:0000e460       ?resetObstaclesBuffers@CharacterControllerManager@Cct@physx@@QAEXXZ 1000f460 f   CctCharacterControllerManager.obj
 0001:0000e560       ??$append@UPxDebugLine@physx@@@RenderBuffer@Cm@physx@@AAEXAAV?$Array@UPxDebugLine@physx@@V?$ReflectionAllocator@UPxDebugLine@physx@@@shdfnd@2@@shdfnd@2@PBUPxDebugLine@2@I@Z 1000f560 f i CctCharacterControllerManager.obj
 0001:0000e610       ??$append@UPxDebugPoint@physx@@@RenderBuffer@Cm@physx@@AAEXAAV?$Array@UPxDebugPoint@physx@@V?$ReflectionAllocator@UPxDebugPoint@physx@@@shdfnd@2@@shdfnd@2@PBUPxDebugPoint@2@I@Z 1000f610 f i CctCharacterControllerManager.obj
 0001:0000e690       ??$append@UPxDebugText@physx@@@RenderBuffer@Cm@physx@@AAEXAAV?$Array@UPxDebugText@physx@@V?$ReflectionAllocator@UPxDebugText@physx@@@shdfnd@2@@shdfnd@2@PBUPxDebugText@2@I@Z 1000f690 f i CctCharacterControllerManager.obj
 0001:0000e740       ??$append@UPxDebugTriangle@physx@@@RenderBuffer@Cm@physx@@AAEXAAV?$Array@UPxDebugTriangle@physx@@V?$ReflectionAllocator@UPxDebugTriangle@physx@@@shdfnd@2@@shdfnd@2@PBUPxDebugTriangle@2@I@Z 1000f740 f i CctCharacterControllerManager.obj
 0001:0000e810       ??$resetOrClear@V?$Array@PBXV?$ReflectionAllocator@PBX@shdfnd@physx@@@shdfnd@physx@@@@YAXAAV?$Array@PBXV?$ReflectionAllocator@PBX@shdfnd@physx@@@shdfnd@physx@@@Z 1000f810 f i CctCharacterControllerManager.obj
 0001:0000e860       ??$resetOrClear@V?$Array@UPxExtendedCapsule@physx@@V?$ReflectionAllocator@UPxExtendedCapsule@physx@@@shdfnd@2@@shdfnd@physx@@@@YAXAAV?$Array@UPxExtendedCapsule@physx@@V?$ReflectionAllocator@UPxExtendedCapsule@physx@@@shdfnd@2@@shdfnd@physx@@@Z 1000f860 f i CctCharacterControllerManager.obj
 0001:0000e8c0       ??$resetOrClear@V?$Array@VPxExtendedBox@physx@@V?$ReflectionAllocator@VPxExtendedBox@physx@@@shdfnd@2@@shdfnd@physx@@@@YAXAAV?$Array@VPxExtendedBox@physx@@V?$ReflectionAllocator@VPxExtendedBox@physx@@@shdfnd@2@@shdfnd@physx@@@Z 1000f8c0 f i CctCharacterControllerManager.obj
 0001:0000e910       ??0RenderBuffer@Cm@physx@@QAE@XZ 1000f910 f i CctCharacterControllerManager.obj
 0001:0000e990       ??1PxRenderBuffer@physx@@UAE@XZ 1000f990 f i CctCharacterControllerManager.obj
 0001:0000e9a0       ??1RenderBuffer@Cm@physx@@UAE@XZ 1000f9a0 f i CctCharacterControllerManager.obj
 0001:0000ea50       ??_ECharacterControllerManager@Cct@physx@@UAEPAXI@Z 1000fa50 f i CctCharacterControllerManager.obj
 0001:0000ea50       ??_GCharacterControllerManager@Cct@physx@@UAEPAXI@Z 1000fa50 f i CctCharacterControllerManager.obj
 0001:0000ea90       ??_EPxRenderBuffer@physx@@UAEPAXI@Z 1000fa90 f i CctCharacterControllerManager.obj
 0001:0000ea90       ??_GPxRenderBuffer@physx@@UAEPAXI@Z 1000fa90 f i CctCharacterControllerManager.obj
 0001:0000eac0       ??_GRenderBuffer@Cm@physx@@UAEPAXI@Z 1000fac0 f i CctCharacterControllerManager.obj
 0001:0000eac0       ??_ERenderBuffer@Cm@physx@@UAEPAXI@Z 1000fac0 f i CctCharacterControllerManager.obj
 0001:0000f5b0       ?allocate@?$Array@PAVController@Cct@physx@@V?$ReflectionAllocator@PAVController@Cct@physx@@@shdfnd@3@@shdfnd@physx@@IAEPAPAVController@Cct@3@I@Z 100105b0 f i CctCharacterControllerManager.obj
 0001:0000f630       ?allocate@?$Array@PAVObstacleContext@Cct@physx@@V?$ReflectionAllocator@PAVObstacleContext@Cct@physx@@@shdfnd@3@@shdfnd@physx@@IAEPAPAVObstacleContext@Cct@3@I@Z 10010630 f i CctCharacterControllerManager.obj
 0001:0000f6b0       ?allocate@?$Array@UPxDebugLine@physx@@V?$ReflectionAllocator@UPxDebugLine@physx@@@shdfnd@2@@shdfnd@physx@@IAEPAUPxDebugLine@3@I@Z 100106b0 f i CctCharacterControllerManager.obj
 0001:0000f720       ?allocate@?$Array@UPxDebugPoint@physx@@V?$ReflectionAllocator@UPxDebugPoint@physx@@@shdfnd@2@@shdfnd@physx@@IAEPAUPxDebugPoint@3@I@Z 10010720 f i CctCharacterControllerManager.obj
 0001:0000f790       ?allocate@?$Array@UPxDebugText@physx@@V?$ReflectionAllocator@UPxDebugText@physx@@@shdfnd@2@@shdfnd@physx@@IAEPAUPxDebugText@3@I@Z 10010790 f i CctCharacterControllerManager.obj
 0001:0000f800       ?allocate@?$Array@UPxDebugTriangle@physx@@V?$ReflectionAllocator@UPxDebugTriangle@physx@@@shdfnd@2@@shdfnd@physx@@IAEPAUPxDebugTriangle@3@I@Z 10010800 f i CctCharacterControllerManager.obj
 0001:0000f870       ?append@RenderBuffer@Cm@physx@@UAEXABVPxRenderBuffer@3@@Z 10010870 f i CctCharacterControllerManager.obj
 0001:0000f8f0       ?clear@RenderBuffer@Cm@physx@@UAEXXZ 100108f0 f i CctCharacterControllerManager.obj
 0001:0000fe50       ?copy@?$Array@UPxDebugLine@physx@@V?$ReflectionAllocator@UPxDebugLine@physx@@@shdfnd@2@@shdfnd@physx@@KAXPAUPxDebugLine@3@0PBU43@@Z 10010e50 f i CctCharacterControllerManager.obj
 0001:0000fec0       ?copy@?$Array@UPxDebugPoint@physx@@V?$ReflectionAllocator@UPxDebugPoint@physx@@@shdfnd@2@@shdfnd@physx@@KAXPAUPxDebugPoint@3@0PBU43@@Z 10010ec0 f i CctCharacterControllerManager.obj
 0001:0000ff10       ?copy@?$Array@UPxDebugText@physx@@V?$ReflectionAllocator@UPxDebugText@physx@@@shdfnd@2@@shdfnd@physx@@KAXPAUPxDebugText@3@0PBU43@@Z 10010f10 f i CctCharacterControllerManager.obj
 0001:0000ff70       ?copy@?$Array@UPxDebugTriangle@physx@@V?$ReflectionAllocator@UPxDebugTriangle@physx@@@shdfnd@2@@shdfnd@physx@@KAXPAUPxDebugTriangle@3@0PBU43@@Z 10010f70 f i CctCharacterControllerManager.obj
 0001:0000fff0       ?create@?$Array@UPxExtendedCapsule@physx@@V?$ReflectionAllocator@UPxExtendedCapsule@physx@@@shdfnd@2@@shdfnd@physx@@KAXPAUPxExtendedCapsule@3@0ABU43@@Z 10010ff0 f i CctCharacterControllerManager.obj
 0001:00010030       ?create@?$Array@VPxExtendedBox@physx@@V?$ReflectionAllocator@VPxExtendedBox@physx@@@shdfnd@2@@shdfnd@physx@@KAXPAVPxExtendedBox@3@0ABV43@@Z 10011030 f i CctCharacterControllerManager.obj
 0001:000100a0       ?create@?$HashBase@PAVPxShape@physx@@PAV12@U?$Hash@PAVPxShape@physx@@@shdfnd@2@UGetKey@?$HashSetBase@PAVPxShape@physx@@U?$Hash@PAVPxShape@physx@@@shdfnd@2@VAllocator@42@$0A@@internal@42@VAllocator@42@$0A@@internal@shdfnd@physx@@QAEPAPAVPxShape@4@ABQAV54@AA_N@Z 100110a0 f i CctCharacterControllerManager.obj
 0001:000101d0       ?createController@CharacterControllerManager@Cct@physx@@UAEPAVPxController@3@AAVPxPhysics@3@PAVPxScene@3@ABVPxControllerDesc@3@@Z 100111d0 f i CctCharacterControllerManager.obj
 0001:00010210       ?erase@?$HashBase@PAVPxShape@physx@@PAV12@U?$Hash@PAVPxShape@physx@@@shdfnd@2@UGetKey@?$HashSetBase@PAVPxShape@physx@@U?$Hash@PAVPxShape@physx@@@shdfnd@2@VAllocator@42@$0A@@internal@42@VAllocator@42@$0A@@internal@shdfnd@physx@@QAE_NABQAVPxShape@4@@Z 10011210 f i CctCharacterControllerManager.obj
 0001:000103b0       ?freeListAdd@?$HashBase@PAVPxShape@physx@@PAV12@U?$Hash@PAVPxShape@physx@@@shdfnd@2@UGetKey@?$HashSetBase@PAVPxShape@physx@@U?$Hash@PAVPxShape@physx@@@shdfnd@2@VAllocator@42@$0A@@internal@42@VAllocator@42@$0A@@internal@shdfnd@physx@@AAEXII@Z 100113b0 f i CctCharacterControllerManager.obj
 0001:00010480       ?getLines@RenderBuffer@Cm@physx@@UBEPBUPxDebugLine@3@XZ 10011480 f i CctCharacterControllerManager.obj
 0001:00010490       ?getNbLines@RenderBuffer@Cm@physx@@UBEIXZ 10011490 f i CctCharacterControllerManager.obj
 0001:000104a0       ?getNbPoints@RenderBuffer@Cm@physx@@UBEIXZ 100114a0 f i CctCharacterControllerManager.obj
 0001:000104b0       ?getNbTexts@RenderBuffer@Cm@physx@@UBEIXZ 100114b0 f i CctCharacterControllerManager.obj
 0001:000104c0       ?getNbTriangles@RenderBuffer@Cm@physx@@UBEIXZ 100114c0 f i CctCharacterControllerManager.obj
 0001:000104d0       ?getPoints@RenderBuffer@Cm@physx@@UBEPBUPxDebugPoint@3@XZ 100114d0 f i CctCharacterControllerManager.obj
 0001:000104e0       ?getTexts@RenderBuffer@Cm@physx@@UBEPBUPxDebugText@3@XZ 100114e0 f i CctCharacterControllerManager.obj
 0001:000104f0       ?getTriangles@RenderBuffer@Cm@physx@@UBEPBUPxDebugTriangle@3@XZ 100114f0 f i CctCharacterControllerManager.obj
 0001:00010500       ?growAndPushBack@?$Array@PAVController@Cct@physx@@V?$ReflectionAllocator@PAVController@Cct@physx@@@shdfnd@3@@shdfnd@physx@@IAEAAPAVController@Cct@3@ABQAV453@@Z 10011500 f i CctCharacterControllerManager.obj
 0001:00010590       ?growAndPushBack@?$Array@PAVObstacleContext@Cct@physx@@V?$ReflectionAllocator@PAVObstacleContext@Cct@physx@@@shdfnd@3@@shdfnd@physx@@IAEAAPAVObstacleContext@Cct@3@ABQAV453@@Z 10011590 f i CctCharacterControllerManager.obj
 0001:00010620       ?growAndPushBack@?$Array@UPxDebugLine@physx@@V?$ReflectionAllocator@UPxDebugLine@physx@@@shdfnd@2@@shdfnd@physx@@IAEAAUPxDebugLine@3@ABU43@@Z 10011620 f i CctCharacterControllerManager.obj
 0001:000106d0       ?growAndPushBack@?$Array@UPxDebugPoint@physx@@V?$ReflectionAllocator@UPxDebugPoint@physx@@@shdfnd@2@@shdfnd@physx@@IAEAAUPxDebugPoint@3@ABU43@@Z 100116d0 f i CctCharacterControllerManager.obj
 0001:00010770       ?growAndPushBack@?$Array@UPxDebugText@physx@@V?$ReflectionAllocator@UPxDebugText@physx@@@shdfnd@2@@shdfnd@physx@@IAEAAUPxDebugText@3@ABU43@@Z 10011770 f i CctCharacterControllerManager.obj
 0001:00010820       ?growAndPushBack@?$Array@UPxDebugTriangle@physx@@V?$ReflectionAllocator@UPxDebugTriangle@physx@@@shdfnd@2@@shdfnd@physx@@IAEAAUPxDebugTriangle@3@ABU43@@Z 10011820 f i CctCharacterControllerManager.obj
 0001:000108f0       ?recreate@?$Array@PBXV?$ReflectionAllocator@PBX@shdfnd@physx@@@shdfnd@physx@@IAEXI@Z 100118f0 f i CctCharacterControllerManager.obj
 0001:00010950       ?recreate@?$Array@UPxDebugLine@physx@@V?$ReflectionAllocator@UPxDebugLine@physx@@@shdfnd@2@@shdfnd@physx@@IAEXI@Z 10011950 f i CctCharacterControllerManager.obj
 0001:000109b0       ?recreate@?$Array@UPxDebugPoint@physx@@V?$ReflectionAllocator@UPxDebugPoint@physx@@@shdfnd@2@@shdfnd@physx@@IAEXI@Z 100119b0 f i CctCharacterControllerManager.obj
 0001:00010a10       ?recreate@?$Array@UPxDebugText@physx@@V?$ReflectionAllocator@UPxDebugText@physx@@@shdfnd@2@@shdfnd@physx@@IAEXI@Z 10011a10 f i CctCharacterControllerManager.obj
 0001:00010a70       ?recreate@?$Array@UPxDebugTriangle@physx@@V?$ReflectionAllocator@UPxDebugTriangle@physx@@@shdfnd@2@@shdfnd@physx@@IAEXI@Z 10011a70 f i CctCharacterControllerManager.obj
 0001:00010ad0       ?recreate@?$Array@UPxExtendedCapsule@physx@@V?$ReflectionAllocator@UPxExtendedCapsule@physx@@@shdfnd@2@@shdfnd@physx@@IAEXI@Z 10011ad0 f i CctCharacterControllerManager.obj
 0001:00010b30       ?recreate@?$Array@VPxExtendedBox@physx@@V?$ReflectionAllocator@VPxExtendedBox@physx@@@shdfnd@2@@shdfnd@physx@@IAEXI@Z 10011b30 f i CctCharacterControllerManager.obj
 0001:00010b90       ?reserveInternal@?$HashBase@PAVPxShape@physx@@PAV12@U?$Hash@PAVPxShape@physx@@@shdfnd@2@UGetKey@?$HashSetBase@PAVPxShape@physx@@U?$Hash@PAVPxShape@physx@@@shdfnd@2@VAllocator@42@$0A@@internal@42@VAllocator@42@$0A@@internal@shdfnd@physx@@AAEXI@Z 10011b90 f i CctCharacterControllerManager.obj
 0001:00010dd0       ?resize@?$Array@PBXV?$ReflectionAllocator@PBX@shdfnd@physx@@@shdfnd@physx@@QAEXIABQBX@Z 10011dd0 f i CctCharacterControllerManager.obj
 0001:00010e20       ?resize@?$Array@UPxExtendedCapsule@physx@@V?$ReflectionAllocator@UPxExtendedCapsule@physx@@@shdfnd@2@@shdfnd@physx@@QAEXIABUPxExtendedCapsule@3@@Z 10011e20 f i CctCharacterControllerManager.obj
 0001:00010e70       ?resize@?$Array@VPxExtendedBox@physx@@V?$ReflectionAllocator@VPxExtendedBox@physx@@@shdfnd@2@@shdfnd@physx@@QAEXIABVPxExtendedBox@3@@Z 10011e70 f i CctCharacterControllerManager.obj
 0001:00010ec0       ?shift@RenderBuffer@Cm@physx@@QAEXABVPxVec3@3@@Z 10011ec0 f i CctCharacterControllerManager.obj
 0001:00011080       ??0Controller@Cct@physx@@QAE@ABVPxControllerDesc@2@PAVPxScene@2@@Z 10012080 f   CctController.obj
 0001:00011220       ??1Controller@Cct@physx@@UAE@XZ 10012220 f   CctController.obj
 0001:00011290       ?releaseInternal@Controller@Cct@physx@@QAEXXZ 10012290 f   CctController.obj
 0001:000112b0       ?getInternalState@Controller@Cct@physx@@QBEXAAUPxControllerState@3@@Z 100122b0 f   CctController.obj
 0001:00011360       ?getInternalStats@Controller@Cct@physx@@QBEXAAUPxControllerStats@3@@Z 10012360 f   CctController.obj
 0001:000113a0       ?onRelease@Controller@Cct@physx@@UAEXPBVPxBase@3@PAXW4Enum@PxDeletionEventFlag@3@@Z 100123a0 f   CctController.obj
 0001:00011400       ?onOriginShift@Controller@Cct@physx@@QAEXABVPxVec3@3@@Z 10012400 f   CctController.obj
 0001:000114b0       ?setUpDirectionInternal@Controller@Cct@physx@@IAEXABVPxVec3@3@@Z 100124b0 f   CctController.obj
 0001:00011530       ?getKineShape@Controller@Cct@physx@@IBEPAVPxShape@3@XZ 10012530 f   CctController.obj
 0001:00011560       ?createProxyActor@Controller@Cct@physx@@IAE_NAAVPxPhysics@3@ABVPxGeometry@3@ABVPxMaterial@3@@Z 10012560 f   CctController.obj
 0001:00011630       ?setPos@Controller@Cct@physx@@IAE_NABUPxExtendedVec3@3@@Z 10012630 f   CctController.obj
 0001:000116c0       ??0?$MutexT@V?$ReflectionAllocator@VMutexImpl@shdfnd@physx@@@shdfnd@physx@@@shdfnd@physx@@QAE@ABV?$ReflectionAllocator@VMutexImpl@shdfnd@physx@@@12@@Z 100126c0 f i CctController.obj
 0001:00011730       ??1PxDeletionListener@physx@@MAE@XZ 10012730 f i CctController.obj
 0001:00011740       ??_EController@Cct@physx@@UAEPAXI@Z 10012740 f i CctController.obj
 0001:00011740       ??_GController@Cct@physx@@UAEPAXI@Z 10012740 f i CctController.obj
 0001:00011780       ??_EPxDeletionListener@physx@@MAEPAXI@Z 10012780 f i CctController.obj
 0001:00011780       ??_GPxDeletionListener@physx@@MAEPAXI@Z 10012780 f i CctController.obj
 0001:000117b0       ?rotationArc@shdfnd@physx@@YA?AVPxQuat@2@ABVPxVec3@2@0@Z 100127b0 f i CctController.obj
 0001:00011990       ??0HandleManager@Cct@physx@@QAE@XZ 10012990 f   CctObstacleContext.obj
 0001:00011a50       ??1HandleManager@Cct@physx@@QAE@XZ 10012a50 f   CctObstacleContext.obj
 0001:00011ac0       ?Add@HandleManager@Cct@physx@@QAEIPAX@Z 10012ac0 f   CctObstacleContext.obj
 0001:00011c80       ?Remove@HandleManager@Cct@physx@@QAEXI@Z 10012c80 f   CctObstacleContext.obj
 0001:00011d30       ?GetObject@HandleManager@Cct@physx@@QBEPAXI@Z 10012d30 f   CctObstacleContext.obj
 0001:00011d80       ?UpdateObject@HandleManager@Cct@physx@@QAE_NIPAX@Z 10012d80 f   CctObstacleContext.obj
 0001:00011de0       ?SetupLists@HandleManager@Cct@physx@@AAE_NPAPAXPAG11@Z 10012de0 f   CctObstacleContext.obj
 0001:00011e50       ??0ObstacleContext@Cct@physx@@QAE@AAVCharacterControllerManager@12@@Z 10012e50 f   CctObstacleContext.obj
 0001:00011ea0       ??1ObstacleContext@Cct@physx@@UAE@XZ 10012ea0 f   CctObstacleContext.obj
 0001:00011f60       ?release@ObstacleContext@Cct@physx@@UAEXXZ 10012f60 f   CctObstacleContext.obj
 0001:00011f70       ?getControllerManager@ObstacleContext@Cct@physx@@UBEAAVPxControllerManager@3@XZ 10012f70 f   CctObstacleContext.obj
 0001:00011f80       ?addObstacle@ObstacleContext@Cct@physx@@UAEIABVPxObstacle@3@@Z 10012f80 f   CctObstacleContext.obj
 0001:00012160       ?removeObstacle@ObstacleContext@Cct@physx@@UAE_NI@Z 10013160 f   CctObstacleContext.obj
 0001:00012300       ?updateObstacle@ObstacleContext@Cct@physx@@UAE_NIABVPxObstacle@3@@Z 10013300 f   CctObstacleContext.obj
 0001:000123d0       ?getNbObstacles@ObstacleContext@Cct@physx@@UBEIXZ 100133d0 f   CctObstacleContext.obj
 0001:000123e0       ?getObstacle@ObstacleContext@Cct@physx@@UBEPBVPxObstacle@3@I@Z 100133e0 f   CctObstacleContext.obj
 0001:00012420       ?getObstacleByHandle@ObstacleContext@Cct@physx@@UBEPBVPxObstacle@3@I@Z 10013420 f   CctObstacleContext.obj
 0001:000124b0       ?raycastSingle@ObstacleContext@Cct@physx@@QBEPBVPxObstacle@3@AAUPxRaycastHit@3@ABVPxVec3@3@1MAAI@Z 100134b0 f   CctObstacleContext.obj
 0001:000127b0       ?raycastSingle@ObstacleContext@Cct@physx@@QBEPBVPxObstacle@3@AAUPxRaycastHit@3@ABIABVPxVec3@3@2M@Z 100137b0 f   CctObstacleContext.obj
 0001:00012960       ?onOriginShift@ObstacleContext@Cct@physx@@QAEXABVPxVec3@3@@Z 10013960 f   CctObstacleContext.obj
 0001:00012a30       ??0InternalBoxObstacle@ObstacleContext@Cct@physx@@QAE@ABU0123@@Z 10013a30 f i CctObstacleContext.obj
 0001:00012a90       ??1PxObstacleContext@physx@@UAE@XZ 10013a90 f i CctObstacleContext.obj
 0001:00012aa0       ??4PxBoxObstacle@physx@@QAEAAV01@ABV01@@Z 10013aa0 f i CctObstacleContext.obj
 0001:00012b00       ??4PxCapsuleObstacle@physx@@QAEAAV01@ABV01@@Z 10013b00 f i CctObstacleContext.obj
 0001:00012b50       ??_EObstacleContext@Cct@physx@@UAEPAXI@Z 10013b50 f i CctObstacleContext.obj
 0001:00012b50       ??_GObstacleContext@Cct@physx@@UAEPAXI@Z 10013b50 f i CctObstacleContext.obj
 0001:00012b90       ??_EPxObstacleContext@physx@@UAEPAXI@Z 10013b90 f i CctObstacleContext.obj
 0001:00012b90       ??_GPxObstacleContext@physx@@UAEPAXI@Z 10013b90 f i CctObstacleContext.obj
 0001:00012bc0       ?allocate@?$Array@UInternalBoxObstacle@ObstacleContext@Cct@physx@@V?$ReflectionAllocator@UInternalBoxObstacle@ObstacleContext@Cct@physx@@@shdfnd@4@@shdfnd@physx@@IAEPAUInternalBoxObstacle@ObstacleContext@Cct@3@I@Z 10013bc0 f i CctObstacleContext.obj
 0001:00012c30       ?allocate@?$Array@UInternalCapsuleObstacle@ObstacleContext@Cct@physx@@V?$ReflectionAllocator@UInternalCapsuleObstacle@ObstacleContext@Cct@physx@@@shdfnd@4@@shdfnd@physx@@IAEPAUInternalCapsuleObstacle@ObstacleContext@Cct@3@I@Z 10013c30 f i CctObstacleContext.obj
 0001:00012ca0       ?copy@?$Array@UInternalBoxObstacle@ObstacleContext@Cct@physx@@V?$ReflectionAllocator@UInternalBoxObstacle@ObstacleContext@Cct@physx@@@shdfnd@4@@shdfnd@physx@@KAXPAUInternalBoxObstacle@ObstacleContext@Cct@3@0PBU4563@@Z 10013ca0 f i CctObstacleContext.obj
 0001:00012d30       ?copy@?$Array@UInternalCapsuleObstacle@ObstacleContext@Cct@physx@@V?$ReflectionAllocator@UInternalCapsuleObstacle@ObstacleContext@Cct@physx@@@shdfnd@4@@shdfnd@physx@@KAXPAUInternalCapsuleObstacle@ObstacleContext@Cct@3@0PBU4563@@Z 10013d30 f i CctObstacleContext.obj
 0001:00012db0       ?growAndPushBack@?$Array@UInternalBoxObstacle@ObstacleContext@Cct@physx@@V?$ReflectionAllocator@UInternalBoxObstacle@ObstacleContext@Cct@physx@@@shdfnd@4@@shdfnd@physx@@IAEAAUInternalBoxObstacle@ObstacleContext@Cct@3@ABU4563@@Z 10013db0 f i CctObstacleContext.obj
 0001:00012e80       ?growAndPushBack@?$Array@UInternalCapsuleObstacle@ObstacleContext@Cct@physx@@V?$ReflectionAllocator@UInternalCapsuleObstacle@ObstacleContext@Cct@physx@@@shdfnd@4@@shdfnd@physx@@IAEAAUInternalCapsuleObstacle@ObstacleContext@Cct@3@ABU4563@@Z 10013e80 f i CctObstacleContext.obj
 0001:00012f50       ?replaceWithLast@?$Array@UInternalBoxObstacle@ObstacleContext@Cct@physx@@V?$ReflectionAllocator@UInternalBoxObstacle@ObstacleContext@Cct@physx@@@shdfnd@4@@shdfnd@physx@@QAEXI@Z 10013f50 f i CctObstacleContext.obj
 0001:00012fd0       ?replaceWithLast@?$Array@UInternalCapsuleObstacle@ObstacleContext@Cct@physx@@V?$ReflectionAllocator@UInternalCapsuleObstacle@ObstacleContext@Cct@physx@@@shdfnd@4@@shdfnd@physx@@QAEXI@Z 10013fd0 f i CctObstacleContext.obj
 0001:00013040       ??0SweptBox@Cct@physx@@QAE@XZ 10014040 f   CctSweptBox.obj
 0001:00013060       ??1SweptBox@Cct@physx@@UAE@XZ 10014060 f   CctSweptBox.obj
 0001:00013070       ?computeTemporalBox@SweptBox@Cct@physx@@UBEXABVSweepTest@23@AAUPxExtendedBounds3@3@ABUPxExtendedVec3@3@ABVPxVec3@3@@Z 10014070 f   CctSweptBox.obj
 0001:000130e0       ??_ESweptBox@Cct@physx@@UAEPAXI@Z 100140e0 f i CctSweptBox.obj
 0001:000130e0       ??_GSweptBox@Cct@physx@@UAEPAXI@Z 100140e0 f i CctSweptBox.obj
 0001:00013110       ??0SweptCapsule@Cct@physx@@QAE@XZ 10014110 f   CctSweptCapsule.obj
 0001:00013130       ??1SweptCapsule@Cct@physx@@UAE@XZ 10014130 f   CctSweptCapsule.obj
 0001:00013140       ?computeTemporalBox@SweptCapsule@Cct@physx@@UBEXABVSweepTest@23@AAUPxExtendedBounds3@3@ABUPxExtendedVec3@3@ABVPxVec3@3@@Z 10014140 f   CctSweptCapsule.obj
 0001:000131a0       ??_GSweptCapsule@Cct@physx@@UAEPAXI@Z 100141a0 f i CctSweptCapsule.obj
 0001:000131a0       ??_ESweptCapsule@Cct@physx@@UAEPAXI@Z 100141a0 f i CctSweptCapsule.obj
 0001:000131d0       ??0SweptVolume@Cct@physx@@QAE@XZ 100141d0 f   CctSweptVolume.obj
 0001:000131e0       ??1SweptVolume@Cct@physx@@UAE@XZ 100141e0 f   CctSweptVolume.obj
 0001:000131f0       ?computeTemporalBox@Cct@physx@@YAXAAUPxExtendedBounds3@2@MMMMABVPxVec3@2@ABUPxExtendedVec3@2@1@Z 100141f0 f   CctSweptVolume.obj
 0001:00013560       ??_ESweptVolume@Cct@physx@@UAEPAXI@Z 10014560 f i CctSweptVolume.obj
 0001:00013560       ??_GSweptVolume@Cct@physx@@UAEPAXI@Z 10014560 f i CctSweptVolume.obj
 0001:00013584       _PxGetFoundation           10014584 f   PhysX3Common_x86:PhysX3Common_x86.dll
 0001:0001358a       ?deallocate@Allocator@shdfnd@physx@@QAEXPAX@Z 1001458a f   PhysX3Common_x86:PhysX3Common_x86.dll
 0001:00013590       ?lock@MutexImpl@shdfnd@physx@@QAEXXZ 10014590 f   PhysX3Common_x86:PhysX3Common_x86.dll
 0001:00013596       ?unlock@MutexImpl@shdfnd@physx@@QAEXXZ 10014596 f   PhysX3Common_x86:PhysX3Common_x86.dll
 0001:0001359c       ?PxTransformFromSegment@physx@@YA?AVPxTransform@1@ABVPxVec3@1@0PAM@Z 1001459c f   PhysX3Common_x86:PhysX3Common_x86.dll
 0001:000135a2       ?sweep@PxGeometryQuery@physx@@SA_NABVPxVec3@2@MABVPxGeometry@2@ABVPxTransform@2@12AAUPxSweepHit@2@V?$PxFlags@W4Enum@PxHitFlag@physx@@G@2@M@Z 100145a2 f   PhysX3Common_x86:PhysX3Common_x86.dll
 0001:000135a8       ?computePenetration@PxGeometryQuery@physx@@SA_NAAVPxVec3@2@AAMABVPxGeometry@2@ABVPxTransform@2@23@Z 100145a8 f   PhysX3Common_x86:PhysX3Common_x86.dll
 0001:000135ae       ?getAllocator@shdfnd@physx@@YAAAVPxAllocatorCallback@2@XZ 100145ae f   PhysX3Common_x86:PhysX3Common_x86.dll
 0001:000135b4       ??0RenderOutput@Cm@physx@@QAE@AAVRenderBuffer@12@@Z 100145b4 f   PhysX3Common_x86:PhysX3Common_x86.dll
 0001:000135ba       ??6RenderOutput@Cm@physx@@QAEAAV012@I@Z 100145ba f   PhysX3Common_x86:PhysX3Common_x86.dll
 0001:000135c0       ??6RenderOutput@Cm@physx@@QAEAAV012@ABVPxTransform@2@@Z 100145c0 f   PhysX3Common_x86:PhysX3Common_x86.dll
 0001:000135c6       ?outputCapsule@RenderOutput@Cm@physx@@QAEAAV123@MMABVMatrix34@23@@Z 100145c6 f   PhysX3Common_x86:PhysX3Common_x86.dll
 0001:000135cc       ??6Cm@physx@@YAAAVRenderOutput@01@AAV201@ABUDebugBox@01@@Z 100145cc f   PhysX3Common_x86:PhysX3Common_x86.dll
 0001:000135d2       ?intersectOBBOBB@Gu@physx@@YA_NABVPxVec3@2@0ABVPxMat33@2@001_N@Z 100145d2 f   PhysX3Common_x86:PhysX3Common_x86.dll
 0001:000135d8       ?distanceSegmentBoxSquared@Gu@physx@@YAMABVPxVec3@2@000ABVPxMat33@2@PAMPAV32@@Z 100145d8 f   PhysX3Common_x86:PhysX3Common_x86.dll
 0001:000135de       ?sweep@PxMeshQuery@physx@@SA_NABVPxVec3@2@MABVPxGeometry@2@ABVPxTransform@2@IPBVPxTriangle@2@AAUPxSweepHit@2@V?$PxFlags@W4Enum@PxHitFlag@physx@@G@2@PBIM_N@Z 100145de f   PhysX3Common_x86:PhysX3Common_x86.dll
 0001:000135e4       ?getTriangle@PxMeshQuery@physx@@SAXABVPxTriangleMeshGeometry@2@ABVPxTransform@2@IAAVPxTriangle@2@PAI3@Z 100145e4 f   PhysX3Common_x86:PhysX3Common_x86.dll
 0001:000135ea       ?getTriangle@PxMeshQuery@physx@@SAXABVPxHeightFieldGeometry@2@ABVPxTransform@2@IAAVPxTriangle@2@PAI3@Z 100145ea f   PhysX3Common_x86:PhysX3Common_x86.dll
 0001:000135f0       ??6RenderOutput@Cm@physx@@QAEAAV012@W4Primitive@012@@Z 100145f0 f   PhysX3Common_x86:PhysX3Common_x86.dll
 0001:000135f6       ??6RenderOutput@Cm@physx@@QAEAAV012@VPxVec3@2@@Z 100145f6 f   PhysX3Common_x86:PhysX3Common_x86.dll
 0001:000135fc       ?intersectTriangleBox@Gu@physx@@YAHABVPxVec3@2@0000@Z 100145fc f   PhysX3Common_x86:PhysX3Common_x86.dll
 0001:00013602       ?allocate@Allocator@shdfnd@physx@@QAEPAXIPBDH@Z 10014602 f   PhysX3Common_x86:PhysX3Common_x86.dll
 0001:00013608       ?getInstance@Foundation@shdfnd@physx@@SAAAV123@XZ 10014608 f   PhysX3Common_x86:PhysX3Common_x86.dll
 0001:0001360e       ?incRefCount@Foundation@shdfnd@physx@@SAXXZ 1001460e f   PhysX3Common_x86:PhysX3Common_x86.dll
 0001:00013614       ?decRefCount@Foundation@shdfnd@physx@@SAXXZ 10014614 f   PhysX3Common_x86:PhysX3Common_x86.dll
 0001:0001361a       ?error@Foundation@shdfnd@physx@@QAAXW4Enum@PxErrorCode@3@PBDH1ZZ 1001461a f   PhysX3Common_x86:PhysX3Common_x86.dll
 0001:00013620       ?CompleteBoxPruning@Gu@physx@@YA_NPBVPxBounds3@2@IAAV?$Array@IV?$ReflectionAllocator@I@shdfnd@physx@@@shdfnd@2@ABVAxes@12@@Z 10014620 f   PhysX3Common_x86:PhysX3Common_x86.dll
 0001:00013626       ?distanceSegmentSegmentSquaredOLD@Gu@physx@@YAMABVPxVec3@2@000PAM1@Z 10014626 f   PhysX3Common_x86:PhysX3Common_x86.dll
 0001:0001362c       ??0MutexImpl@shdfnd@physx@@QAE@XZ 1001462c f   PhysX3Common_x86:PhysX3Common_x86.dll
 0001:00013632       ??1MutexImpl@shdfnd@physx@@QAE@XZ 10014632 f   PhysX3Common_x86:PhysX3Common_x86.dll
 0001:00013638       ?getSize@MutexImpl@shdfnd@physx@@SAABIXZ 10014638 f   PhysX3Common_x86:PhysX3Common_x86.dll
 0001:0001363e       ?GetRaycastFuncTable@Gu@physx@@YAAAY06P6AIABVPxGeometry@2@ABVPxTransform@2@ABVPxVec3@2@2MV?$PxFlags@W4Enum@PxHitFlag@physx@@G@2@IPIAUPxRaycastHit@2@_NP6A_NAAU72@PAX@Z7@ZXZ 1001463e f   PhysX3Common_x86:PhysX3Common_x86.dll
 0001:00013650       ??0PxMeshOverlapUtil@physx@@QAE@XZ 10014650 f   PhysX3Extensions:ExtTriangleMeshExt.obj
 0001:00013670       ??1PxMeshOverlapUtil@physx@@QAE@XZ 10014670 f   PhysX3Extensions:ExtTriangleMeshExt.obj
 0001:00013690       ?findOverlap@PxMeshOverlapUtil@physx@@QAEIABVPxGeometry@2@ABVPxTransform@2@ABVPxTriangleMeshGeometry@2@1@Z 10014690 f   PhysX3Extensions:ExtTriangleMeshExt.obj
 0001:00013750       ?findOverlap@PxMeshOverlapUtil@physx@@QAEIABVPxGeometry@2@ABVPxTransform@2@ABVPxHeightFieldGeometry@2@1@Z 10014750 f   PhysX3Extensions:ExtTriangleMeshExt.obj
 0001:000137e0       ?PxComputeMeshPenetration@physx@@YA?AVPxVec3@1@IABVPxGeometry@1@ABVPxTransform@1@ABVPxTriangleMeshGeometry@1@1AAI@Z 100147e0 f   PhysX3Extensions:ExtTriangleMeshExt.obj
 0001:000138c0       ?PxComputeHeightFieldPenetration@physx@@YA?AVPxVec3@1@IABVPxGeometry@1@ABVPxTransform@1@ABVPxHeightFieldGeometry@1@1AAI@Z 100148c0 f   PhysX3Extensions:ExtTriangleMeshExt.obj
 0001:000139a0       ?updateMassAndInertia@PxRigidBodyExt@physx@@SA_NAAVPxRigidBody@2@PBMIPBVPxVec3@2@_N@Z 100149a0 f   PhysX3Extensions:ExtRigidBodyExt.obj
 0001:000139c0       ?updateMassAndInertia@PxRigidBodyExt@physx@@SA_NAAVPxRigidBody@2@MPBVPxVec3@2@_N@Z 100149c0 f   PhysX3Extensions:ExtRigidBodyExt.obj
 0001:000139e0       ?setMassAndUpdateInertia@PxRigidBodyExt@physx@@SA_NAAVPxRigidBody@2@PBMIPBVPxVec3@2@_N@Z 100149e0 f   PhysX3Extensions:ExtRigidBodyExt.obj
 0001:00013a00       ?setMassAndUpdateInertia@PxRigidBodyExt@physx@@SA_NAAVPxRigidBody@2@MPBVPxVec3@2@_N@Z 10014a00 f   PhysX3Extensions:ExtRigidBodyExt.obj
 0001:00013a20       ?addForceAtPos@PxRigidBodyExt@physx@@SAXAAVPxRigidBody@2@ABVPxVec3@2@1W4Enum@PxForceMode@2@_N@Z 10014a20 f   PhysX3Extensions:ExtRigidBodyExt.obj
 0001:00013a30       ?addForceAtLocalPos@PxRigidBodyExt@physx@@SAXAAVPxRigidBody@2@ABVPxVec3@2@1W4Enum@PxForceMode@2@_N@Z 10014a30 f   PhysX3Extensions:ExtRigidBodyExt.obj
 0001:00013b90       ?addLocalForceAtPos@PxRigidBodyExt@physx@@SAXAAVPxRigidBody@2@ABVPxVec3@2@1W4Enum@PxForceMode@2@_N@Z 10014b90 f   PhysX3Extensions:ExtRigidBodyExt.obj
 0001:00013ce0       ?addLocalForceAtLocalPos@PxRigidBodyExt@physx@@SAXAAVPxRigidBody@2@ABVPxVec3@2@1W4Enum@PxForceMode@2@_N@Z 10014ce0 f   PhysX3Extensions:ExtRigidBodyExt.obj
 0001:00013f20       ?getVelocityAtPos@PxRigidBodyExt@physx@@SA?AVPxVec3@2@ABVPxRigidBody@2@ABV32@@Z 10014f20 f   PhysX3Extensions:ExtRigidBodyExt.obj
 0001:00014120       ?getLocalVelocityAtLocalPos@PxRigidBodyExt@physx@@SA?AVPxVec3@2@ABVPxRigidBody@2@ABV32@@Z 10015120 f   PhysX3Extensions:ExtRigidBodyExt.obj
 0001:00014420       ?getVelocityAtOffset@PxRigidBodyExt@physx@@SA?AVPxVec3@2@ABVPxRigidBody@2@ABV32@@Z 10015420 f   PhysX3Extensions:ExtRigidBodyExt.obj
 0001:00014600       ?linearSweepSingle@PxRigidBodyExt@physx@@SA_NAAVPxRigidBody@2@AAVPxScene@2@ABVPxVec3@2@MV?$PxFlags@W4Enum@PxHitFlag@physx@@G@2@AAUPxSweepHit@2@AAIABUPxQueryFilterData@2@PAVPxQueryFilterCallback@2@PBUPxQueryCache@2@M@Z 10015600 f   PhysX3Extensions:ExtRigidBodyExt.obj
 0001:000147e0       ?linearSweepMultiple@PxRigidBodyExt@physx@@SAIAAVPxRigidBody@2@AAVPxScene@2@ABVPxVec3@2@MV?$PxFlags@W4Enum@PxHitFlag@physx@@G@2@PAUPxSweepHit@2@PAIIAAU72@AAHAA_NABUPxQueryFilterData@2@PAVPxQueryFilterCallback@2@PBUPxQueryCache@2@M@Z 100157e0 f   PhysX3Extensions:ExtRigidBodyExt.obj
 0001:00014d60       ?computeVelocityDeltaFromImpulse@PxRigidBodyExt@physx@@SAXABVPxRigidBody@2@ABVPxVec3@2@1AAV42@2@Z 10015d60 f   PhysX3Extensions:ExtRigidBodyExt.obj
 0001:000151b0       ?computeVelocityDeltaFromImpulse@PxRigidBodyExt@physx@@SAXABVPxRigidBody@2@ABVPxTransform@2@ABVPxVec3@2@2MMAAV52@3@Z 100161b0 f   PhysX3Extensions:ExtRigidBodyExt.obj
 0001:00015680       ?computeLinearAngularImpulse@PxRigidBodyExt@physx@@SAXABVPxRigidBody@2@ABVPxTransform@2@ABVPxVec3@2@2MMAAV52@3@Z 10016680 f   PhysX3Extensions:ExtRigidBodyExt.obj
 0001:00015860       ??0InertiaTensorComputer@Ext@physx@@QAE@_N@Z 10016860 f   PhysX3Extensions:ExtRigidBodyExt.obj
 0001:00015880       ??0InertiaTensorComputer@Ext@physx@@QAE@ABVPxMat33@2@ABVPxVec3@2@M@Z 10016880 f   PhysX3Extensions:ExtRigidBodyExt.obj
 0001:000158f0       ??1InertiaTensorComputer@Ext@physx@@QAE@XZ 100168f0 f   PhysX3Extensions:ExtRigidBodyExt.obj
 0001:00015900       ?translate@InertiaTensorComputer@Ext@physx@@QAEXABVPxVec3@3@@Z 10016900 f   PhysX3Extensions:ExtRigidBodyExt.obj
 0001:00015ef0       ?setBox@InertiaTensorComputer@Ext@physx@@QAEXABVPxVec3@3@@Z 10016ef0 f   PhysX3Extensions:ExtRigidBodyExt.obj
 0001:00015fd0       ?setSphere@InertiaTensorComputer@Ext@physx@@QAEXM@Z 10016fd0 f   PhysX3Extensions:ExtRigidBodyExt.obj
 0001:00016060       ?setCylinder@InertiaTensorComputer@Ext@physx@@QAEXHMM@Z 10017060 f   PhysX3Extensions:ExtRigidBodyExt.obj
 0001:00016160       ?setCapsule@InertiaTensorComputer@Ext@physx@@QAEXHMM@Z 10017160 f   PhysX3Extensions:ExtRigidBodyExt.obj
 0001:000162d0       ?setEllipsoid@InertiaTensorComputer@Ext@physx@@QAEXMMM@Z 100172d0 f   PhysX3Extensions:ExtRigidBodyExt.obj
 0001:000163a0       ?computeSphereMass@Ext@physx@@YAMMM@Z 100173a0 f   PhysX3Extensions:ExtRigidBodyExt.obj
 0001:000163d0       ?computeSphereDensity@Ext@physx@@YAMMM@Z 100173d0 f   PhysX3Extensions:ExtRigidBodyExt.obj
 0001:00016400       ?computeBoxMass@Ext@physx@@YAMABVPxVec3@2@M@Z 10017400 f   PhysX3Extensions:ExtRigidBodyExt.obj
 0001:00016470       ?computeBoxDensity@Ext@physx@@YAMABVPxVec3@2@M@Z 10017470 f   PhysX3Extensions:ExtRigidBodyExt.obj
 0001:000164e0       ?computeEllipsoidMass@Ext@physx@@YAMABVPxVec3@2@M@Z 100174e0 f   PhysX3Extensions:ExtRigidBodyExt.obj
 0001:00016550       ?computeEllipsoidDensity@Ext@physx@@YAMABVPxVec3@2@M@Z 10017550 f   PhysX3Extensions:ExtRigidBodyExt.obj
 0001:000165c0       ?computeCylinderMass@Ext@physx@@YAMMMM@Z 100175c0 f   PhysX3Extensions:ExtRigidBodyExt.obj
 0001:00016600       ?computeCylinderDensity@Ext@physx@@YAMMMM@Z 10017600 f   PhysX3Extensions:ExtRigidBodyExt.obj
 0001:00016640       ?computeCapsuleMass@Ext@physx@@YAMMMM@Z 10017640 f   PhysX3Extensions:ExtRigidBodyExt.obj
 0001:00016690       ?computeCapsuleDensity@Ext@physx@@YAMMMM@Z 10017690 f   PhysX3Extensions:ExtRigidBodyExt.obj
 0001:000166f0       ?computeConeMass@Ext@physx@@YAMMMM@Z 100176f0 f   PhysX3Extensions:ExtRigidBodyExt.obj
 0001:00016730       ?computeConeDensity@Ext@physx@@YAMMMM@Z 10017730 f   PhysX3Extensions:ExtRigidBodyExt.obj
 0001:00016770       ?computeBoxInertiaTensor@Ext@physx@@YAXAAVPxVec3@2@MMMM@Z 10017770 f   PhysX3Extensions:ExtRigidBodyExt.obj
 0001:000167d0       ?computeSphereInertiaTensor@Ext@physx@@YAXAAVPxVec3@2@MM_N@Z 100177d0 f   PhysX3Extensions:ExtRigidBodyExt.obj
 0001:00016830       ??0PxConvexMeshGeometry@physx@@QAE@XZ 10017830 f i PhysX3Extensions:ExtRigidBodyExt.obj
 0001:00016880       ??1?$PxHitBuffer@UPxSweepHit@physx@@@physx@@UAE@XZ 10017880 f i PhysX3Extensions:ExtRigidBodyExt.obj
 0001:00016890       ??1?$PxHitCallback@UPxSweepHit@physx@@@physx@@UAE@XZ 10017890 f i PhysX3Extensions:ExtRigidBodyExt.obj
 0001:000168a0       ??4InertiaTensorComputer@Ext@physx@@QAEAAV012@ABV012@@Z 100178a0 f i PhysX3Extensions:ExtRigidBodyExt.obj
 0001:00016900       ??_G?$PxHitBuffer@UPxSweepHit@physx@@@physx@@UAEPAXI@Z 10017900 f i PhysX3Extensions:ExtRigidBodyExt.obj
 0001:00016900       ??_E?$PxHitBuffer@UPxSweepHit@physx@@@physx@@UAEPAXI@Z 10017900 f i PhysX3Extensions:ExtRigidBodyExt.obj
 0001:00016930       ??_G?$PxHitCallback@UPxSweepHit@physx@@@physx@@UAEPAXI@Z 10017930 f i PhysX3Extensions:ExtRigidBodyExt.obj
 0001:00016930       ??_E?$PxHitCallback@UPxSweepHit@physx@@@physx@@UAEPAXI@Z 10017930 f i PhysX3Extensions:ExtRigidBodyExt.obj
 0001:00016960       ?addForceAtPosInternal@@YAXAAVPxRigidBody@physx@@ABVPxVec3@2@1W4Enum@PxForceMode@2@_N@Z 10017960 f i PhysX3Extensions:ExtRigidBodyExt.obj
 0001:00016b70       ?allocate@?$InlineAllocator@$0EA@V?$ReflectionAllocator@PAVPxShape@physx@@@shdfnd@physx@@@shdfnd@physx@@QAEPAXIPBDH@Z 10017b70 f i PhysX3Extensions:ExtRigidBodyExt.obj
 0001:00017e20       ?finalizeQuery@?$PxHitCallback@UPxSweepHit@physx@@@physx@@UAEXXZ 10018e20 f i PhysX3Extensions:ExtRigidBodyExt.obj
 0001:00017e30       ?processTouches@?$PxHitBuffer@UPxSweepHit@physx@@@physx@@MAE_NPBUPxSweepHit@2@I@Z 10018e30 f i PhysX3Extensions:ExtRigidBodyExt.obj
 0001:00017e40       ?recreate@?$Array@PAVPxShape@physx@@V?$InlineAllocator@$0EA@V?$ReflectionAllocator@PAVPxShape@physx@@@shdfnd@physx@@@shdfnd@2@@shdfnd@physx@@IAEXI@Z 10018e40 f i PhysX3Extensions:ExtRigidBodyExt.obj
 0001:00017ee0       ?resize@?$Array@PAVPxShape@physx@@V?$InlineAllocator@$0EA@V?$ReflectionAllocator@PAVPxShape@physx@@@shdfnd@physx@@@shdfnd@2@@shdfnd@physx@@QAEXIABQAVPxShape@3@@Z 10018ee0 f i PhysX3Extensions:ExtRigidBodyExt.obj
 0001:00017f30       ?rotate@InertiaTensorComputer@Ext@physx@@QAEXABVPxMat33@3@@Z 10018f30 f i PhysX3Extensions:ExtRigidBodyExt.obj
 0001:00018390       ?rotateInertia@MassProps@Ext@physx@@SA?AVPxMat33@3@ABV43@ABVPxQuat@3@@Z 10019390 f i PhysX3Extensions:ExtRigidBodyExt.obj
 0001:00018850       ?scaleInertia@MassProps@Ext@physx@@SA?AVPxMat33@3@ABV43@ABVPxQuat@3@ABVPxVec3@3@@Z 10019850 f i PhysX3Extensions:ExtRigidBodyExt.obj
 0001:00018c00       ?setSphere@InertiaTensorComputer@Ext@physx@@QAEXMPBVPxTransform@3@@Z 10019c00 f i PhysX3Extensions:ExtRigidBodyExt.obj
 0001:00018ca0       ?transform@InertiaTensorComputer@Ext@physx@@QAEXABVPxTransform@3@@Z 10019ca0 f i PhysX3Extensions:ExtRigidBodyExt.obj
 0001:00018de0       ?transformFast@PxBounds3@physx@@SA?AV12@ABVPxTransform@2@ABV12@@Z 10019de0 f i PhysX3Extensions:ExtRigidBodyExt.obj
 0001:00019350       ?zero@InertiaTensorComputer@Ext@physx@@QAEXXZ 1001a350 f i PhysX3Extensions:ExtRigidBodyExt.obj
 0001:000193ab       ??3@YAXPAXI@Z              1001a3ab f   LIBCMT:delete_scalar_size.obj
 0001:000193b9       ??_V@YAXPAXI@Z             1001a3b9 f   LIBCMT:delete_array_size.obj
 0001:000193c7       ?__scrt_initialize_type_info@@YAXXZ 1001a3c7 f   LIBCMT:tncleanup.obj
 0001:000193d3       ?__scrt_uninitialize_type_info@@YAXXZ 1001a3d3 f   LIBCMT:tncleanup.obj
 0001:000193df       ??1type_info@@UAE@XZ       1001a3df f   LIBCMT:std_type_info_static.obj
 0001:000193e6       ??_Gtype_info@@UAEPAXI@Z   1001a3e6 f i LIBCMT:std_type_info_static.obj
 0001:000193e6       ??_Etype_info@@UAEPAXI@Z   1001a3e6 f i LIBCMT:std_type_info_static.obj
 0001:00019410       __alloca_probe_16          1001a410 f   LIBCMT:alloca16.obj
 0001:00019426       __alloca_probe_8           1001a426     LIBCMT:alloca16.obj
 0001:00019440       __ftoui3                   1001a440 f   LIBCMT:_ftol3_.obj
 0001:0001944f       __ftoul3                   1001a44f f   LIBCMT:_ftol3_.obj
 0001:0001945e       __ftol3                    1001a45e f   LIBCMT:_ftol3_.obj
 0001:0001946b       __ftol3_NaN                1001a46b f   LIBCMT:_ftol3_.obj
 0001:00019483       __ftol3_work               1001a483 f   LIBCMT:_ftol3_.obj
 0001:00019509       __ftol3_common             1001a509 f   LIBCMT:_ftol3_.obj
 0001:000195cb       __ftol3_arg_error          1001a5cb f   LIBCMT:_ftol3_.obj
 0001:000195dd       __ftol3_except             1001a5dd f   LIBCMT:_ftol3_.obj
 0001:00019621       __dtoui3                   1001a621 f   LIBCMT:_ftol3_.obj
 0001:00019630       __dtoul3                   1001a630 f   LIBCMT:_ftol3_.obj
 0001:0001963f       __dtol3                    1001a63f f   LIBCMT:_ftol3_.obj
 0001:0001964c       __dtol3_NaN                1001a64c f   LIBCMT:_ftol3_.obj
 0001:00019669       __dtol3_work               1001a669 f   LIBCMT:_ftol3_.obj
 0001:00019750       __ultod3                   1001a750 f   LIBCMT:_ftol3_.obj
 0001:00019790       __ltod3                    1001a790 f   LIBCMT:_ftol3_.obj
 0001:00019acc       __CRT_INIT@12              1001aacc f   LIBCMT:dll_dllmain.obj
 0001:00019ad5       __DllMainCRTStartup@12     1001aad5 f   LIBCMT:dll_dllmain.obj
 0001:00019af8       ??3@YAXPAX@Z               1001aaf8 f   LIBCMT:delete_scalar.obj
 0001:00019afd       ??_V@YAXPAX@Z              1001aafd f   LIBCMT:delete_array.obj
 0001:00019b10       __alloca_probe             1001ab10 f   LIBCMT:chkstk.obj
 0001:00019b10       __chkstk                   1001ab10 f   LIBCMT:chkstk.obj
 0001:00019b3d       ??$__crt_fast_decode_pointer@PAP6AXXZ@@YAPAP6AXXZQAP6AXXZ@Z 1001ab3d f i LIBCMT:utility.obj
 0001:00019b51       ??$__crt_fast_encode_pointer@PAP6AXXZ@@YAPAP6AXXZQAP6AXXZ@Z 1001ab51 f i LIBCMT:utility.obj
 0001:00019b6e       ?__crt_rotate_pointer_value@@YAIIH@Z 1001ab6e f i LIBCMT:utility.obj
 0001:00019bf2       _NtCurrentTeb              1001abf2 f i LIBCMT:utility.obj
 0001:00019bf9       ___scrt_acquire_startup_lock 1001abf9 f   LIBCMT:utility.obj
 0001:00019c2e       ___scrt_dllmain_after_initialize_c 1001ac2e f   LIBCMT:utility.obj
 0001:00019c46       ___scrt_dllmain_before_initialize_c 1001ac46 f   LIBCMT:utility.obj
 0001:00019c54       ___scrt_dllmain_crt_thread_attach 1001ac54 f   LIBCMT:utility.obj
 0001:00019c73       ___scrt_dllmain_crt_thread_detach 1001ac73 f   LIBCMT:utility.obj
 0001:00019c80       ___scrt_dllmain_exception_filter 1001ac80 f   LIBCMT:utility.obj
 0001:00019cb3       ___scrt_dllmain_uninitialize_c 1001acb3 f   LIBCMT:utility.obj
 0001:00019cd6       ___scrt_dllmain_uninitialize_critical 1001acd6 f   LIBCMT:utility.obj
 0001:00019ce3       ___scrt_initialize_crt     1001ace3 f   LIBCMT:utility.obj
 0001:00019d1c       ___scrt_initialize_onexit_tables 1001ad1c f   LIBCMT:utility.obj
 0001:00019db3       ___scrt_is_nonwritable_in_current_image 1001adb3 f   LIBCMT:utility.obj
 0001:00019e40       ___scrt_release_startup_lock 1001ae40 f   LIBCMT:utility.obj
 0001:00019e5d       ___scrt_uninitialize_crt   1001ae5d f   LIBCMT:utility.obj
 0001:00019e85       __onexit                   1001ae85 f   LIBCMT:utility.obj
 0001:00019ec0       _at_quick_exit             1001aec0 f   LIBCMT:utility.obj
 0001:00019ef1       _atexit                    1001aef1 f   LIBCMT:utility.obj
 0001:00019f06       ___security_init_cookie    1001af06 f   LIBCMT:gs_support.obj
 0001:00019fa2       _DllMain@12                1001afa2 f   LIBCMT:dll_dllmain_stub.obj
 0001:00019fa8       ___local_stdio_printf_options 1001afa8 f i LIBCMT:default_local_stdio_options.obj
 0001:00019fae       ___local_stdio_scanf_options 1001afae f i LIBCMT:default_local_stdio_options.obj
 0001:00019fb4       ___scrt_initialize_default_local_stdio_options 1001afb4 f   LIBCMT:default_local_stdio_options.obj
 0001:00019fd1       ___scrt_get_dyn_tls_init_callback 1001afd1 f   LIBCMT:dyn_tls_init.obj
 0001:00019fd7       ___scrt_fastfail           1001afd7 f   LIBCMT:utility_desktop.obj
 0001:0001a0f2       ___scrt_get_show_window_mode 1001b0f2 f   LIBCMT:utility_desktop.obj
 0001:0001a125       ___scrt_initialize_winrt   1001b125 f   LIBCMT:utility_desktop.obj
 0001:0001a128       ___scrt_is_managed_app     1001b128 f   LIBCMT:utility_desktop.obj
 0001:0001a16c       ___scrt_set_unhandled_exception_filter 1001b16c f   LIBCMT:utility_desktop.obj
 0001:0001a178       ___scrt_unhandled_exception_filter@4 1001b178 f   LIBCMT:utility_desktop.obj
 0001:0001a1b9       __crt_debugger_hook        1001b1b9 f   LIBCMT:utility_desktop.obj
 0001:0001a1c1       __RTC_Initialize           1001b1c1 f   LIBCMT:_initsect_.obj
 0001:0001a1ec       __RTC_Terminate            1001b1ec f   LIBCMT:_initsect_.obj
 0001:0001a217       @_guard_check_icall@4      1001b217 f i LIBCMT:checkcfg.obj
 0001:0001a220       __SEH_prolog4              1001b220 f   LIBCMT:_sehprolg4_.obj
 0001:0001a266       __SEH_epilog4              1001b266 f   LIBCMT:_sehprolg4_.obj
 0001:0001a27b       ___isa_available_init      1001b27b f   LIBCMT:_cpu_disp_.obj
 0001:0001a41c       ___scrt_is_ucrt_dll_in_use 1001b41c f   LIBCMT:ucrt_detection.obj
 0001:0001a428       @_guard_check_icall_nop@4  1001b428 f i LIBCMT:guard_support.obj
 0001:0001a429       __guard_icall_checks_enforced 1001b429 f i LIBCMT:guard_support.obj
 0001:0001a43b       @__security_check_cookie@4 1001b43b f   LIBCMT:_secchk_.obj
 0001:0001a44c       ___raise_securityfailure   1001b44c f   LIBCMT:gs_report.obj
 0001:0001a474       ___report_gsfailure        1001b474 f   LIBCMT:gs_report.obj
 0001:0001a56f       ___report_rangecheckfailure 1001b56f f   LIBCMT:gs_report.obj
 0001:0001a57b       ___report_securityfailure  1001b57b f   LIBCMT:gs_report.obj
 0001:0001a64b       ___report_securityfailureEx 1001b64b f   LIBCMT:gs_report.obj
 0001:0001a761       ??$__crt_fast_decode_pointer@P6AXXZ@@YAP6AXXZQ6AXXZ@Z 1001b761 f i libvcruntime:purevirt.obj
 0001:0001a775       ??$__crt_fast_encode_pointer@P6AXXZ@@YAP6AXXZQ6AXXZ@Z 1001b775 f i libvcruntime:purevirt.obj
 0001:0001a792       ??$__crt_interlocked_compare_exchange_pointer@$$A6AXXZ$$T$$T@@YAP6AXXZPDS6AXXZ$$T1@Z 1001b792 f i libvcruntime:purevirt.obj
 0001:0001a7a4       ??$__crt_interlocked_exchange_pointer@$$A6AXXZP6AXXZ@@YAP6AXXZPDS6AXXZQ6AXXZ@Z 1001b7a4 f i libvcruntime:purevirt.obj
 0001:0001a7b1       ??$__crt_interlocked_read_pointer@$$A6AXXZ@@YAP6AXXZPDS6AXXZ@Z 1001b7b1 f i libvcruntime:purevirt.obj
 0001:0001a7c1       __get_purecall_handler     1001b7c1 f   libvcruntime:purevirt.obj
 0001:0001a7e0       __purecall                 1001b7e0 f   libvcruntime:purevirt.obj
 0001:0001a7fb       __set_purecall_handler     1001b7fb f   libvcruntime:purevirt.obj
 0001:0001a82e       ??$?RD@__crt_internal_free_policy@@QBEXQBD@Z 1001b82e f i libvcruntime:std_type_info.obj
 0001:0001a83e       ??$?RX@__crt_internal_free_policy@@QBEXQBX@Z 1001b83e f i libvcruntime:std_type_info.obj
 0001:0001a84e       ??$__crt_interlocked_compare_exchange_pointer@$$CBD$$T$$T@@YAPBDPDSBD$$T1@Z 1001b84e f i libvcruntime:std_type_info.obj
 0001:0001a860       ??$__crt_interlocked_compare_exchange_pointer@$$CBDPAD$$T@@YAPBDPDSBDQAD$$T@Z 1001b860 f i libvcruntime:std_type_info.obj
 0001:0001a872       ??$__crt_interlocked_read_pointer@$$CBD@@YAPBDPDSBD@Z 1001b872 f i libvcruntime:std_type_info.obj
 0001:0001a882       ??0?$__crt_unique_heap_ptr@DU__crt_internal_free_policy@@@@QAE@QAD@Z 1001b882 f i libvcruntime:std_type_info.obj
 0001:0001a890       ??0?$__crt_unique_heap_ptr@XU__crt_internal_free_policy@@@@QAE@QAX@Z 1001b890 f i libvcruntime:std_type_info.obj
 0001:0001a89e       ??1?$__crt_unique_heap_ptr@DU__crt_internal_free_policy@@@@QAE@XZ 1001b89e f i libvcruntime:std_type_info.obj
 0001:0001a8ae       ??1?$__crt_unique_heap_ptr@XU__crt_internal_free_policy@@@@QAE@XZ 1001b8ae f i libvcruntime:std_type_info.obj
 0001:0001a8ca       ??B?$__crt_unique_heap_ptr@DU__crt_internal_free_policy@@@@QBE_NXZ 1001b8ca f i libvcruntime:std_type_info.obj
 0001:0001a8d2       ??B?$__crt_unique_heap_ptr@XU__crt_internal_free_policy@@@@QBE_NXZ 1001b8d2 f i libvcruntime:std_type_info.obj
 0001:0001a8fa       ?detach@?$__crt_unique_heap_ptr@XU__crt_internal_free_policy@@@@QAEPAXXZ 1001b8fa f i libvcruntime:std_type_info.obj
 0001:0001a900       ?get@?$__crt_unique_heap_ptr@DU__crt_internal_free_policy@@@@QBEPADXZ 1001b900 f i libvcruntime:std_type_info.obj
 0001:0001a903       ?get@?$__crt_unique_heap_ptr@XU__crt_internal_free_policy@@@@QBEPAXXZ 1001b903 f i libvcruntime:std_type_info.obj
 0001:0001a906       ?is_valid@?$__crt_unique_heap_ptr@DU__crt_internal_free_policy@@@@QBE_NXZ 1001b906 f i libvcruntime:std_type_info.obj
 0001:0001a90e       ?is_valid@?$__crt_unique_heap_ptr@XU__crt_internal_free_policy@@@@QBE_NXZ 1001b90e f i libvcruntime:std_type_info.obj
 0001:0001a916       ?release@?$__crt_unique_heap_ptr@DU__crt_internal_free_policy@@@@QAEXXZ 1001b916 f i libvcruntime:std_type_info.obj
 0001:0001a926       ?release@?$__crt_unique_heap_ptr@XU__crt_internal_free_policy@@@@QAEXXZ 1001b926 f i libvcruntime:std_type_info.obj
 0001:0001a936       ___std_type_info_compare   1001b936 f   libvcruntime:std_type_info.obj
 0001:0001a972       ___std_type_info_destroy_list 1001b972 f   libvcruntime:std_type_info.obj
 0001:0001a995       ___std_type_info_hash      1001b995 f   libvcruntime:std_type_info.obj
 0001:0001a9bb       ___std_type_info_name      1001b9bb f   libvcruntime:std_type_info.obj
 0001:0001aa90       _memcpy                    1001ba90 f   libvcruntime:memcpy.obj
 0001:0001b010       _memset                    1001c010 f   libvcruntime:memset.obj
 0001:0001b1a5       _EventDataDescCreate       1001c1a5 f i libvcruntime:telemetry.obj
 0001:0001b1c0       _HRESULT_FROM_WIN32        1001c1c0 f i libvcruntime:telemetry.obj
 0001:0001b1d4       ___telemetry_main_invoke_trigger 1001c1d4 f   libvcruntime:telemetry.obj
 0001:0001b270       ___telemetry_main_return_trigger 1001c270 f   libvcruntime:telemetry.obj
 0001:0001b30c       ___vcrt_initialize_telemetry_provider 1001c30c f   libvcruntime:telemetry.obj
 0001:0001b31f       ___vcrt_uninitialize_telemetry_provider 1001c31f f   libvcruntime:telemetry.obj
 0001:0001b370       __except_handler4          1001c370 f   libvcruntime:_chandler4_.obj
 0001:0001b4ca       ___vcrt_initialize         1001c4ca f   libvcruntime:initialization.obj
 0001:0001b4f8       ___vcrt_thread_attach      1001c4f8 f   libvcruntime:initialization.obj
 0001:0001b503       ___vcrt_thread_detach      1001c503 f   libvcruntime:initialization.obj
 0001:0001b50e       ___vcrt_uninitialize       1001c50e f   libvcruntime:initialization.obj
 0001:0001b532       ___vcrt_uninitialize_critical 1001c532 f   libvcruntime:initialization.obj
 0001:0001b53b       ??$?B$$A6AXXZ@__crt_fast_encoded_nullptr_t@@QBEP6AXXZXZ 1001c53b f i libvcruntime:purevirt_data.obj
 0001:0001b553       ?__crt_fast_encode_pointer@@YA?AU__crt_fast_encoded_nullptr_t@@$$T@Z 1001c553 f i libvcruntime:purevirt_data.obj
 0001:0001b55e       ___vcrt_initialize_pure_virtual_call_handler 1001c55e f   libvcruntime:purevirt_data.obj
 0001:0001b57b       ??$__vcrt_va_start_verify_argument_type@QBD@@YAXXZ 1001c57b f i libvcruntime:undname.obj
 0001:0001b57c       ??0Block@_HeapManager@@QAE@XZ 1001c57c f i libvcruntime:undname.obj
 0001:0001b582       ??0DName@@QAE@AAPBDD@Z     1001c582 f   libvcruntime:undname.obj
 0001:0001b63b       ??0DName@@QAE@ABV0@@Z      1001c63b f i libvcruntime:undname.obj
 0001:0001b651       ??0DName@@QAE@D@Z          1001c651 f   libvcruntime:undname.obj
 0001:0001b67d       ??0DName@@QAE@PAV0@@Z      1001c67d f   libvcruntime:undname.obj
 0001:0001b6ca       ??0DName@@QAE@PBD@Z        1001c6ca f   libvcruntime:undname.obj
 0001:0001b704       ??0DName@@QAE@W4DNameStatus@@@Z 1001c704 f   libvcruntime:undname.obj
 0001:0001b747       ??0DName@@QAE@XZ           1001c747 f i libvcruntime:undname.obj
 0001:0001b758       ??0DName@@QAE@_J@Z         1001c758 f   libvcruntime:undname.obj
 0001:0001b7ed       ??0DName@@QAE@_K@Z         1001c7ed f   libvcruntime:undname.obj
 0001:0001b85c       ??0DNameNode@@IAE@XZ       1001c85c f   libvcruntime:undname.obj
 0001:0001b865       ??0DNameStatusNode@@AAE@W4DNameStatus@@@Z 1001c865 f   libvcruntime:undname.obj
 0001:0001b888       ??0Replicator@@QAE@XZ      1001c888 f i libvcruntime:undname.obj
 0001:0001b88e       ??0UnDecorator@@QAE@PADPBDHP6APADJ@ZK@Z 1001c88e f i libvcruntime:undname.obj
 0001:0001b8f7       ??0charNode@@QAE@D@Z       1001c8f7 f   libvcruntime:undname.obj
 0001:0001b90c       ??0pDNameNode@@QAE@PAVDName@@@Z 1001c90c f   libvcruntime:undname.obj
 0001:0001b934       ??0pairNode@@QAE@PAVDNameNode@@0@Z 1001c934 f   libvcruntime:undname.obj
 0001:0001b953       ??0pcharNode@@QAE@PBDH@Z   1001c953 f   libvcruntime:undname.obj
 0001:0001b9ac       ??2@YAPAXIAAV_HeapManager@@H@Z 1001c9ac f i libvcruntime:undname.obj
 0001:0001b9c1       ??4DName@@QAEAAV0@ABV0@@Z  1001c9c1 f   libvcruntime:undname.obj
 0001:0001b9d7       ??4DName@@QAEAAV0@D@Z      1001c9d7 f i libvcruntime:undname.obj
 0001:0001ba03       ??4DName@@QAEAAV0@PAV0@@Z  1001ca03 f   libvcruntime:undname.obj
 0001:0001ba4c       ??4DName@@QAEAAV0@PBD@Z    1001ca4c f   libvcruntime:undname.obj
 0001:0001ba7e       ??4DName@@QAEAAV0@W4DNameStatus@@@Z 1001ca7e f   libvcruntime:undname.obj
 0001:0001bab3       ??AReplicator@@QBE?AVDName@@H@Z 1001cab3 f   libvcruntime:undname.obj
 0001:0001baef       ??BUnDecorator@@QAEPADXZ   1001caef f i libvcruntime:undname.obj
 0001:0001bc6a       ??H@YA?AVDName@@DABV0@@Z   1001cc6a f i libvcruntime:undname.obj
 0001:0001bc8e       ??H@YA?AVDName@@PBDABV0@@Z 1001cc8e f i libvcruntime:undname.obj
 0001:0001bcb2       ??H@YA?AVDName@@W4DNameStatus@@ABV0@@Z 1001ccb2 f i libvcruntime:undname.obj
 0001:0001bcd6       ??HDName@@QBE?AV0@ABV0@@Z  1001ccd6 f   libvcruntime:undname.obj
 0001:0001bcf8       ??HDName@@QBE?AV0@D@Z      1001ccf8 f   libvcruntime:undname.obj
 0001:0001bd1a       ??HDName@@QBE?AV0@PAV0@@Z  1001cd1a f   libvcruntime:undname.obj
 0001:0001bd3c       ??HDName@@QBE?AV0@PBD@Z    1001cd3c f   libvcruntime:undname.obj
 0001:0001bd5e       ??HDName@@QBE?AV0@W4DNameStatus@@@Z 1001cd5e f   libvcruntime:undname.obj
 0001:0001bd80       ??YDName@@QAEAAV0@ABV0@@Z  1001cd80 f   libvcruntime:undname.obj
[...]
 0002:00008828       __sehtable$??$?RV<lambda_9df27f884b057bc3edfc946cb5b7cf47>@@AAV<lambda_e69574bed617af4e071282c136b37893>@@V<lambda_cc0d902bcbbeb830f749456577db4721>@@@?$__crt_seh_guarded_call@X@@QAEX$$QAV<lambda_9df27f884b057bc3edfc946cb5b7cf47>@@AAV<lambda_e69574bed617af4e071282c136b37893>@@$$QAV<lambda_cc0d902bcbbeb830f749456577db4721>@@@Z 1005b828     libucrt:per_thread_data.obj
 0002:00008848       __sehtable$??$?RV<lambda_3518db117f0e7cdb002338c5d3c47b6c>@@AAV<lambda_b2ea41f6bbb362cd97d94c6828d90b61>@@V<lambda_abdedf541bb04549bc734292b4a045d4>@@@?$__crt_seh_guarded_call@X@@QAEX$$QAV<lambda_3518db117f0e7cdb002338c5d3c47b6c>@@AAV<lambda_b2ea41f6bbb362cd97d94c6828d90b61>@@$$QAV<lambda_abdedf541bb04549bc734292b4a045d4>@@@Z 1005b848     libucrt:per_thread_data.obj
 0002:00008868       __sehtable$??$?RV<lambda_51b6e8b1eb166f2a3faf91f424b38130>@@AAV<lambda_6250bd4b2a391816dd638c3bf72b0bcb>@@V<lambda_0b5a4a3e68152e1d9b943535f5f47bed>@@@?$__crt_seh_guarded_call@X@@QAEX$$QAV<lambda_51b6e8b1eb166f2a3faf91f424b38130>@@AAV<lambda_6250bd4b2a391816dd638c3bf72b0bcb>@@$$QAV<lambda_0b5a4a3e68152e1d9b943535f5f47bed>@@@Z 1005b868     libucrt:per_thread_data.obj
 0002:00008888       __sehtable$??$?RV<lambda_5b71d36f03204c0beab531769a5b5694>@@AAV<lambda_be2b3da3f62db62e9dad5dc70221a656>@@V<lambda_8f9ce462984622f9bf76b59e2aaaf805>@@@?$__crt_seh_guarded_call@X@@QAEX$$QAV<lambda_5b71d36f03204c0beab531769a5b5694>@@AAV<lambda_be2b3da3f62db62e9dad5dc70221a656>@@$$QAV<lambda_8f9ce462984622f9bf76b59e2aaaf805>@@@Z 1005b888     libucrt:per_thread_data.obj
 0002:000088a8       __sehtable$??$?RV<lambda_9227be29367c048ad7fd93a717dcb1a1>@@AAV<lambda_a463b7b0560cfcaf9b17f27c6ef46564>@@V<lambda_ccea11b5727ccf69be64f5f5d9a08d9f>@@@?$__crt_seh_guarded_call@H@@QAEH$$QAV<lambda_9227be29367c048ad7fd93a717dcb1a1>@@AAV<lambda_a463b7b0560cfcaf9b17f27c6ef46564>@@$$QAV<lambda_ccea11b5727ccf69be64f5f5d9a08d9f>@@@Z 1005b8a8     libucrt:winapi_thunks.obj
 0002:000088c8       __sehtable$___acrt_update_thread_multibyte_data 1005b8c8     libucrt:mbctype.obj
 0002:000088e8       __sehtable$??$?RV<lambda_978dc153c237d78434369da87b74ff60>@@AAV<lambda_ad1ced32f4ac17aa236e5ef05d6b3b7c>@@V<lambda_4a8533e2866a575feecb8298ce776b0d>@@@?$__crt_seh_guarded_call@X@@QAEX$$QAV<lambda_978dc153c237d78434369da87b74ff60>@@AAV<lambda_ad1ced32f4ac17aa236e5ef05d6b3b7c>@@$$QAV<lambda_4a8533e2866a575feecb8298ce776b0d>@@@Z 1005b8e8     libucrt:mbctype.obj
 0002:00008908       __sehtable$___acrt_initialize_lowio 1005b908     libucrt:ioinit.obj
 0002:00008928       __sehtable$__query_new_handler 1005b928     libucrt:new_handler.obj
 0002:00008948       __sehtable$__set_new_handler 1005b948     libucrt:new_handler.obj
 0002:00008968       __sehtable$_signal         1005b968     libucrt:signal.obj
 0002:00008988       __sehtable$_raise          1005b988     libucrt:signal.obj
 0002:000089a8       __sehtable$?ctrlevent_capture@@YGHK@Z 1005b9a8     libucrt:signal.obj
 0002:000089c8       __sehtable$??$?RV<lambda_a048d3beccc847880fc8490e18b82769>@@AAV<lambda_ec61778202f4f5fc7e7711acc23c3bca>@@V<lambda_f7496a158712204296dd6628a163878e>@@@?$__crt_seh_guarded_call@P6AXH@Z@@QAEP6AXH@Z$$QAV<lambda_a048d3beccc847880fc8490e18b82769>@@AAV<lambda_ec61778202f4f5fc7e7711acc23c3bca>@@$$QAV<lambda_f7496a158712204296dd6628a163878e>@@@Z 1005b9c8     libucrt:signal.obj
 0002:000089e8       __sehtable$_fputwc         1005b9e8     libucrt:fputwc.obj
 0002:00008a08       __sehtable$_fputc          1005ba08     libucrt:fputc.obj
 0002:00008a28       __sehtable$__free_locale   1005ba28     libucrt:wsetlocale.obj
 0002:00008a50       __sehtable$___acrt_uninitialize_locale 1005ba50     libucrt:wsetlocale.obj
 0002:00008a70       __sehtable$??$?RV<lambda_76aaead6e312921abc834cb00a638bdd>@@AAV<lambda_176e34f99554166dd2fac165c457248c>@@V<lambda_998ee1c9f4290b119b936bcd6215875a>@@@?$__crt_seh_guarded_call@X@@QAEX$$QAV<lambda_76aaead6e312921abc834cb00a638bdd>@@AAV<lambda_176e34f99554166dd2fac165c457248c>@@$$QAV<lambda_998ee1c9f4290b119b936bcd6215875a>@@@Z 1005ba70     libucrt:wsetlocale.obj
 0002:00008a90       __sehtable$??$?RV<lambda_c9469061b39d205f0f236529d4a41659>@@AAV<lambda_b7fb1a997d3ebc0cc0186c5835178808>@@V<lambda_14b92c79d699846b5cc916cd4cf280e4>@@@?$__crt_seh_guarded_call@X@@QAEX$$QAV<lambda_c9469061b39d205f0f236529d4a41659>@@AAV<lambda_b7fb1a997d3ebc0cc0186c5835178808>@@$$QAV<lambda_14b92c79d699846b5cc916cd4cf280e4>@@@Z 1005ba90     libucrt:wsetlocale.obj
 0002:00008ab0       __sehtable$??$?RV<lambda_70818de7b02deff9841e8b0962a60ed9>@@AAV<lambda_2af78c5f5901b1372d98f9ab3177dfa6>@@AAV<lambda_f51fe5fd7c79a33db34fc9310f277369>@@@?$__crt_seh_guarded_call@X@@QAEX$$QAV<lambda_70818de7b02deff9841e8b0962a60ed9>@@AAV<lambda_2af78c5f5901b1372d98f9ab3177dfa6>@@AAV<lambda_f51fe5fd7c79a33db34fc9310f277369>@@@Z 1005bab0     libucrt:wsetlocale.obj
 0002:00008ad0       __sehtable$??$?RV<lambda_c76fdea48760d5f9368b465f31df4405>@@AAV<lambda_e378711a6f6581bf7f0efd7cdf97f5d9>@@V<lambda_e927a58b2a85c081d733e8c6192ae2d2>@@@?$__crt_seh_guarded_call@X@@QAEX$$QAV<lambda_c76fdea48760d5f9368b465f31df4405>@@AAV<lambda_e378711a6f6581bf7f0efd7cdf97f5d9>@@$$QAV<lambda_e927a58b2a85c081d733e8c6192ae2d2>@@@Z 1005bad0     libucrt:wsetlocale.obj
 0002:00008af0       __sehtable$___acrt_update_thread_locale_data 1005baf0     libucrt:locale_refcounting.obj
 0002:00008b10       __sehtable$__open_osfhandle 1005bb10     libucrt:osfinfo.obj
 0002:00008b30       __sehtable$__alloc_osfhnd  1005bb30     libucrt:osfinfo.obj
 0002:00008b50       __sehtable$___acrt_lowio_ensure_fh_exists 1005bb50     libucrt:osfinfo.obj
 0002:00008b70       __sehtable$_fflush         1005bb70     libucrt:fflush.obj
 0002:00008b90       __sehtable$_common_flush_all 1005bb90     libucrt:fflush.obj
 0002:00008bb8       __sehtable$__fcloseall     1005bbb8     libucrt:closeall.obj
 0002:00008bd8       __sehtable$??$?RV<lambda_61cee617f5178ae960314fd4d05640a0>@@AAV<lambda_6978c1fb23f02e42e1d9e99668cc68aa>@@V<lambda_9cd88cf8ad10232537feb2133f08c833>@@@?$__crt_seh_guarded_call@H@@QAEH$$QAV<lambda_61cee617f5178ae960314fd4d05640a0>@@AAV<lambda_6978c1fb23f02e42e1d9e99668cc68aa>@@$$QAV<lambda_9cd88cf8ad10232537feb2133f08c833>@@@Z 1005bbd8     libucrt:commit.obj
 0002:00008bf8       __sehtable$__write         1005bbf8     libucrt:write.obj
 0002:00008c18       __sehtable$??$common_lseek@J@@YAJHJH@Z 1005bc18     libucrt:lseek.obj
 0002:00008c38       __sehtable$??$common_lseek@_J@@YA_JH_JH@Z 1005bc38     libucrt:lseek.obj
 0002:00008c58       __sehtable$_fclose         1005bc58     libucrt:fclose.obj
 0002:00008c78       __sehtable$??$?RV<lambda_4980db0136e49a56f91ef52c46ca659a>@@AAV<lambda_6e3e78bb6855d1e4040e022c1b427e22>@@V<lambda_9c074eaf62197b4fd0274ed9e7824161>@@@?$__crt_seh_guarded_call@G@@QAEG$$QAV<lambda_4980db0136e49a56f91ef52c46ca659a>@@AAV<lambda_6e3e78bb6855d1e4040e022c1b427e22>@@$$QAV<lambda_9c074eaf62197b4fd0274ed9e7824161>@@@Z 1005bc78     libucrt:putwch.obj
 0002:00008c98       __sehtable$??$?RV<lambda_123407a5e2ac06da108355a851863b7a>@@AAV<lambda_2fe9b910cf3cbf4a0ab98a02ba45b3ec>@@V<lambda_ae55bdf541ad94d75914d381c370e64d>@@@?$__crt_seh_guarded_call@H@@QAEH$$QAV<lambda_123407a5e2ac06da108355a851863b7a>@@AAV<lambda_2fe9b910cf3cbf4a0ab98a02ba45b3ec>@@$$QAV<lambda_ae55bdf541ad94d75914d381c370e64d>@@@Z 1005bc98     libucrt:close.obj
 0002:00008cb8       __sehtable$?__acrt_stdio_allocate_stream@@YA?AV__crt_stdio_stream@@XZ 1005bcb8     libucrt:stream.obj
 0002:00008cd8       __sehtable$__IsNonwritableInCurrentImage 1005bcd8     LIBCMT:pesect.obj
 0002:00008d00       .edata                     1005bd00     PhysX3CharacterKinematic_x86.exp
 0002:00008d28       rgpv                       1005bd28     PhysX3CharacterKinematic_x86.exp
 0002:00008d44       rgszName                   1005bd44     PhysX3CharacterKinematic_x86.exp
 0002:00008d60       rgwOrd                     1005bd60     PhysX3CharacterKinematic_x86.exp
 0002:00008d6e       szName                     1005bd6e     PhysX3CharacterKinematic_x86.exp
 0002:00008d8f       $N00001                    1005bd8f     PhysX3CharacterKinematic_x86.exp
 0002:00008db4       $N00002                    1005bdb4     PhysX3CharacterKinematic_x86.exp
 0002:00008ddf       $N00003                    1005bddf     PhysX3CharacterKinematic_x86.exp
 0002:00008e04       $N00004                    1005be04     PhysX3CharacterKinematic_x86.exp
 0002:00008e34       $N00005                    1005be34     PhysX3CharacterKinematic_x86.exp
 0002:00008e57       $N00006                    1005be57     PhysX3CharacterKinematic_x86.exp
 0002:00008ece       $N00007                    1005bece     PhysX3CharacterKinematic_x86.exp
 0002:000099d8       .idata$6                   1005c9d8     PhysX3Common_x86:PhysX3Common_x86.dll
 0002:00009fc2       .idata$6                   1005cfc2     kernel32:KERNEL32.dll
 0002:00009fe4       .idata$6                   1005cfe4     advapi32:ADVAPI32.dll
 0003:00000000       ?gSweepMap@@3PAY05P6A_NPBVSweepTest@Cct@physx@@PBVSweptVolume@23@PBUTouchedGeom@23@ABUPxExtendedVec3@3@ABVPxVec3@3@AAUSweptContact@23@@ZA 1005e000     CctCharacterController.obj
 0003:00000060       ?_Tlg_Microsoft_CRTProviderProv@@3U_TlgProvider_t@__vcrt_trace_logging_provider@@A 1005e060     libvcruntime:telemetry.obj
 0003:000000a0       ?__vcrt_flsindex@@3KA      1005e0a0     libvcruntime:per_thread_data.obj
 0003:000000c4       ?global_msvcrt_heap_handle_cache@?1??__acrt_get_msvcrt_heap_handle@@9@4PAXA 1005e0c4     libucrt:free_base.obj
 0003:000000c8       ?__DAZ_ENABLED@?1??__set_fpsr_sse2@@9@9 1005e0c8     libucrt:fpctrl.obj
 0003:000000cc       _errno_no_memory           1005e0cc     libucrt:errno.obj
 0003:000000d0       _doserrno_no_memory        1005e0d0     libucrt:errno.obj
 0003:000000d4       ___acrt_flsindex           1005e0d4     libucrt:per_thread_data.obj
 0003:000000d8       ___rgctypeflag             1005e0d8     libucrt:mbctype.obj
 0003:000000e0       ___rgcode_page_info        1005e0e0     libucrt:mbctype.obj
 0003:000007a8       __ctype_loc_style          1005e7a8     libucrt:wsetlocale.obj
 0003:00000be0       ?maxV3Error@_VecMathTests@aos@shdfnd@physx@@3T__m128@@B 1005ebe0     CctCharacterController.obj
 0003:00000bf0       ?minFError@_VecMathTests@aos@shdfnd@physx@@3T__m128@@B 1005ebf0     CctCharacterController.obj
 0003:00000c00       ?maxV4Error@_VecMathTests@aos@shdfnd@physx@@3T__m128@@B 1005ec00     CctCharacterController.obj
 0003:00000c10       ?minV4Error@_VecMathTests@aos@shdfnd@physx@@3T__m128@@B 1005ec10     CctCharacterController.obj
 0003:00000c20       ?minV3Error@_VecMathTests@aos@shdfnd@physx@@3T__m128@@B 1005ec20     CctCharacterController.obj
 0003:00000c30       ?maxFError@_VecMathTests@aos@shdfnd@physx@@3T__m128@@B 1005ec30     CctCharacterController.obj
 0003:00000c40       ?maxV3Error@_VecMathTests@aos@shdfnd@physx@@3T__m128@@B 1005ec40     CctCharacterControllerManager.obj
 0003:00000c50       ?minFError@_VecMathTests@aos@shdfnd@physx@@3T__m128@@B 1005ec50     CctCharacterControllerManager.obj
 0003:00000c60       ?maxV4Error@_VecMathTests@aos@shdfnd@physx@@3T__m128@@B 1005ec60     CctCharacterControllerManager.obj
 0003:00000c70       ?minV4Error@_VecMathTests@aos@shdfnd@physx@@3T__m128@@B 1005ec70     CctCharacterControllerManager.obj
 0003:00000c80       ?minV3Error@_VecMathTests@aos@shdfnd@physx@@3T__m128@@B 1005ec80     CctCharacterControllerManager.obj
 0003:00000c90       ?maxFError@_VecMathTests@aos@shdfnd@physx@@3T__m128@@B 1005ec90     CctCharacterControllerManager.obj
 0003:00000ca8       ?__proc_attached@@3HA      1005eca8     LIBCMT:dll_dllmain.obj
 0003:00000cb4       ?module_local_atexit_table@@3U_onexit_table_t@@A 1005ecb4     LIBCMT:utility.obj
 0003:00000cc0       ?module_local_at_quick_exit_table@@3U_onexit_table_t@@A 1005ecc0     LIBCMT:utility.obj
 0003:00000ccc       ?is_initialized_as_dll@@3_NA 1005eccc     LIBCMT:utility.obj
 0003:00000cf0       _GS_ExceptionRecord        1005ecf0     LIBCMT:gs_report.obj
 0003:00000d40       _GS_ContextRecord          1005ed40     LIBCMT:gs_report.obj
 0003:00001038       ?heap@@3V_HeapManager@@A   1005f038     libvcruntime:undname.obj
 0003:00001080       ?module_handles@@3PAPAUHINSTANCE__@@A 1005f080     libvcruntime:winapi_downlevel.obj
 0003:00001090       ?encoded_function_pointers@@3PAPAXA 1005f090     libvcruntime:winapi_downlevel.obj
 0003:000010b4       ?__vcrt_startup_thread_ptd@@3U__vcrt_ptd@@A 1005f0b4     libvcruntime:per_thread_data.obj
 0003:000010dc       ___vcrt_lock_table         1005f0dc     libvcruntime:locks.obj
 0003:000010f4       ___vcrt_locks_initialized  1005f0f4     libvcruntime:locks.obj
 0003:000010f8       _c_termination_complete    1005f0f8     libucrt:exit.obj
 0003:000010fc       _thread_local_exit_callback_func 1005f0fc     libucrt:exit.obj
 0003:00001100       ?c_exit_complete@?5??common_exit@@YAXHW4_crt_exit_cleanup_mode@@W4_crt_exit_return_mode@@@Z@4_NA 1005f100     libucrt:exit.obj
 0003:0000112c       _user_matherr              1005f12c     libucrt:matherr.obj
 0003:00001130       ___acrt_lock_table         1005f130     libucrt:locks.obj
 0003:00001268       ___acrt_locks_initialized  1005f268     libucrt:locks.obj
 0003:00001270       _module_handles            1005f270     libucrt:winapi_thunks.obj
 0003:000012c0       _encoded_function_pointers 1005f2c0     libucrt:winapi_thunks.obj
 0003:00001340       ?static_enum_proc@?1??enum_system_locales_ex_nolock@@YAHQ6GHPA_WKJ@Z@Z@4P6GH0KJ@ZA 1005f340     libucrt:winapi_thunks.obj
 0003:00001344       ?state_cache@?1??__acrt_is_packaged_app@@9@4JA 1005f344     libucrt:winapi_thunks.obj
 0003:00001348       ___acrt_invalid_parameter_handler 1005f348     libucrt:invalid_parameter.obj
 0003:00001364       _fSystemSet                1005f364     libucrt:mbctype.obj
 0003:00001368       ?initialized@?1??__acrt_initialize_multibyte@@9@4_NA 1005f368     libucrt:mbctype.obj
 0003:00001590       ___acrt_new_handler        1005f590     libucrt:new_handler.obj
 0003:00001594       _console_ctrl_handler_installed 1005f594     libucrt:signal.obj
 0003:00001598       _ctrlc_action              1005f598     libucrt:signal.obj
 0003:0000159c       _ctrlbreak_action          1005f59c     libucrt:signal.obj
 0003:000015a0       _abort_action              1005f5a0     libucrt:signal.obj
 0003:000015a4       _term_action               1005f5a4     libucrt:signal.obj
 0003:000015b4       ___acrt_global_new_mode    1005f5b4     libucrt:new_mode.obj
 0003:000015c4       _enable_percent_n          1005f5c4     libucrt:printf_count_output.obj
 0003:000015d4       ___acrt_app_type           1005f5d4     libucrt:report_runtime_error.obj
 0003:000015d8       ?outmsg@?9??__acrt_report_runtime_error@@9@4PA_WA 1005f5d8     libucrt:report_runtime_error.obj
 0003:00001c00       ___acrt_error_mode         1005fc00     libucrt:set_error_mode.obj
 0003:00001c08       __pmatherr_set             1005fc08     libucrt:libm_error.obj
 0004:00000000       __guard_fids____dcrt_uninitialize_environments_nolock 10060000     libucrt:environment_initialization.obj
 0004:00000008       __guard_fids__             10060008     libucrt:initialization.obj
 0004:00000068       __guard_fids__set_terminate 10060068     libucrt:terminate.obj
 0004:0000006c       __guard_fids___get_terminate 1006006c     libucrt:terminate.obj
 0004:00000070       __guard_fids_?get_terminate_or_default@@YAP6AXXZQBU__acrt_ptd@@@Z 10060070     libucrt:terminate.obj
 0004:00000074       __guard_fids____acrt_initialize_ptd 10060074     libucrt:per_thread_data.obj
 0004:00000078       __guard_fids_?enum_system_locales_ex_nolock@@YAHQ6GHPA_WKJ@Z@Z 10060078     libucrt:winapi_thunks.obj
 0004:0000007c       __guard_fids_??B<lambda_5a01b672d24c8480ee9d6bdb50dd3881>@@QBEP6GHPA_W@ZXZ 1006007c     libucrt:winapi_thunks.obj
 0004:00000080       __guard_fids_??R<lambda_a463b7b0560cfcaf9b17f27c6ef46564>@@QBEHXZ 10060080     libucrt:winapi_thunks.obj
 0004:00000084       __guard_fids_??$?RV<lambda_9227be29367c048ad7fd93a717dcb1a1>@@AAV<lambda_a463b7b0560cfcaf9b17f27c6ef46564>@@V<lambda_ccea11b5727ccf69be64f5f5d9a08d9f>@@@?$__crt_seh_guarded_call@H@@QAEH$$QAV<lambda_9227be29367c048ad7fd93a717dcb1a1>@@AAV<lambda_a463b7b0560cfcaf9b17f27c6ef46564>@@$$QAV<lambda_ccea11b5727ccf69be64f5f5d9a08d9f>@@@Z 10060084     libucrt:winapi_thunks.obj
 0004:00000088       __guard_fids__signal       10060088     libucrt:signal.obj
 0004:0000008c       __guard_fids__             1006008c     libucrt:wsetlocale.obj
 0004:000000a4       __guard_fids__             100600a4     libucrt:multibyte_initializer.obj
 0004:000000a8       __guard_fids__             100600a8     libucrt:stdio_initializer.obj
 0004:000000ac       __guard_fids__             100600ac     libucrt:stdio_initializer.obj
 0004:000000b0       __guard_fids__             100600b0     libucrt:locale_initializer.obj
 0004:000000b4       __guard_fids__GetLocaleNameFromLangCountry 100600b4     libucrt:get_qualified_locale.obj
 0004:000000b8       __guard_fids__GetLocaleNameFromLanguage 100600b8     libucrt:get_qualified_locale.obj
 0004:000000bc       __guard_fids__GetLcidFromLangCountry 100600bc     libucrt:getqloc_downlevel.obj
 0004:000000c0       __guard_fids__GetLcidFromLanguage 100600c0     libucrt:getqloc_downlevel.obj
 0004:000000c4       __guard_fids__GetLcidFromCountry 100600c4     libucrt:getqloc_downlevel.obj
 0004:000000c8       __guard_fids_??$common_show_message_box@D@@YAHQBD0I@Z 100600c8     libucrt:crtmbox.obj
 0004:000000cc       __guard_fids_??$common_show_message_box@_W@@YAHQB_W0I@Z 100600cc     libucrt:crtmbox.obj
 0004:000000d0       __guard_fids____libm_error_support 100600d0     libucrt:libm_error.obj
 0004:000000d4       __guard_fids__             100600d4     libucrt:sse2_initializer.obj
 0004:000000d8       __guard_fids__             100600d8     libucrt:console_output_initializer.obj
 0004:000000dc       __guard_fids__             100600dc     LIBCMT:std_type_info_static.obj
 0004:000000e0       __guard_fids_?dllmain_crt_process_attach@@YAHQAUHINSTANCE__@@QAX@Z 100600e0     LIBCMT:dll_dllmain.obj
 0004:000000e8       __guard_fids_?dllmain_dispatch@@YAHQAUHINSTANCE__@@KQAX@Z 100600e8     LIBCMT:dll_dllmain.obj
 0004:000000ec       __guard_fids____scrt_set_unhandled_exception_filter 100600ec     LIBCMT:utility_desktop.obj
 0004:000000f0       __guard_fids__             100600f0     LIBCMT:guard_support.obj
 0004:000000f4       __guard_fids___guard_icall_checks_enforced 100600f4     LIBCMT:guard_support.obj
 0004:000000f8       __guard_fids____std_type_info_name 100600f8     libvcruntime:std_type_info.obj
 0004:00000100       __guard_fids_??B<lambda_e0128dce7362637f77e3b418282c6919>@@QBEP6APAXI@ZXZ 10060100     libvcruntime:std_type_info.obj
 0004:00000104       __guard_fids_??B<lambda_c4560dd375471d1680776ed19953e709>@@QBEP6AXQAX@ZXZ 10060104     libvcruntime:std_type_info.obj
 0004:00000108       __guard_fids__             10060108     libvcruntime:telemetry.obj
 0004:0000010c       __guard_fids_?TraceLoggingRegister@__vcrt_trace_logging_provider@@YAJPBU_TlgProvider_t@1@PBU_GUID@@P6GX1KE_K2PAU_EVENT_FILTER_DESCRIPTOR@@PAX@Z4@Z 1006010c     libvcruntime:telemetry.obj
 0004:00000110       __guard_fids__             10060110     libvcruntime:undname.obj
 0004:0000011c       __guard_fids__             1006011c     libvcruntime:undname.obj
 0004:00000128       __guard_fids__             10060128     libvcruntime:undname.obj
 0004:00000134       __guard_fids__             10060134     libvcruntime:undname.obj
 0004:00000140       __guard_fids__             10060140     libvcruntime:undname.obj
 0004:0000014c       __guard_fids__             1006014c     libvcruntime:undname.obj
 0004:00000158       __guard_fids____vcrt_initialize_ptd 10060158     libvcruntime:per_thread_data.obj
 0005:000000a0       $R000000                   100610a0     PhysX3CharacterKinematic.res
 0005:00000420       $R000380                   10061420     PhysX3CharacterKinematic.res
