 PhysX3Cooking_x86

 Timestamp is 5698374a (Fri Jan 15 00:03:22 2016)

 Preferred load address is 10000000

 Start         Length     Name                   Class
 0001:00000000 0000025fH .text                   CODE
 0001:00000260 000001d4H .text$di                CODE
 0001:00000440 00053401H .text$mn                CODE
 0002:00000000 0000015cH .idata$5                DATA
 0002:0000015c 00000004H .00cfg                  DATA
 0002:00000160 00000004H .CRT$XCA                DATA
 0002:00000164 00000048H .CRT$XCU                DATA
 0002:000001ac 00000004H .CRT$XCZ                DATA
 0002:000001b0 00000004H .CRT$XIA                DATA
 0002:000001b4 0000000cH .CRT$XIC                DATA
 0002:000001c0 00000004H .CRT$XIZ                DATA
 0002:000001c4 00000004H .CRT$XPA                DATA
 0002:000001c8 00000008H .CRT$XPX                DATA
 0002:000001d0 00000004H .CRT$XPXA               DATA
 0002:000001d4 00000004H .CRT$XPZ                DATA
 0002:000001d8 00000004H .CRT$XTA                DATA
 0002:000001dc 00000004H .CRT$XTZ                DATA
 0002:000001e0 00009ad4H .rdata                  DATA
 0002:00009cb4 000002f0H .rdata$r                DATA
 0002:00009fb0 0000000cH .rdata$sxdata           DATA
 0002:00009fc0 00000010H .rdata$zETW0            DATA
 0002:00009fd0 00000077H .rdata$zETW1            DATA
 0002:0000a047 0000002cH .rdata$zETW2            DATA
 0002:0000a073 00000001H .rdata$zETW9            DATA
 0002:0000a074 00000434H .rdata$zzzdbg           DATA
 0002:0000a4a8 00000004H .rtc$IAA                DATA
 0002:0000a4ac 00000004H .rtc$IZZ                DATA
 0002:0000a4b0 00000004H .rtc$TAA                DATA
 0002:0000a4b4 00000004H .rtc$TZZ                DATA
 0002:0000a4b8 00000784H .xdata$x                DATA
 0002:0000ac3c 00000020H .didat$2                DATA
 0002:0000ac5c 00000020H .didat$3                DATA
 0002:0000ac7c 00000144H .didat$4                DATA
 0002:0000adc0 00000fecH .didat$6                DATA
 0002:0000bdac 00000144H .didat$7                DATA
 0002:0000bef0 00000081H .edata                  DATA
 0002:0000bf74 00000028H .idata$2                DATA
 0002:0000bf9c 00000014H .idata$3                DATA
 0002:0000bfb0 0000015cH .idata$4                DATA
 0002:0000c10c 0000066eH .idata$6                DATA
 0003:00000000 00000830H .data                   DATA
 0003:00000830 000003b7H .data$r                 DATA
 0003:00000be8 00000144H .didat$5                DATA
 0003:00000d30 000010dcH .bss                    DATA
 0004:00000000 000000dcH .gfids$x                DATA
 0004:000000dc 000000acH .gfids$y                DATA
 0005:00000000 000000a0H .rsrc$01                DATA
 0005:000000a0 000004b8H .rsrc$02                DATA

  Address         Publics by Value              Rva+Base       Lib:Object

 0000:00000000       ___guard_longjmp_count     00000000     <absolute>
 0000:00000000       __except_list              00000000     <absolute>
 0000:00000000       ___guard_iat_table         00000000     <absolute>
 0000:00000000       ___guard_longjmp_table     00000000     <absolute>
 0000:00000000       ___guard_fids_table        00000000     <absolute>
 0000:00000000       ___guard_fids_count        00000000     <absolute>
 0000:00000000       ___guard_iat_count         00000000     <absolute>
 0000:00000003       ___safe_se_handler_count   00000003     <absolute>
 0000:00000100       ___guard_flags             00000100     <absolute>
 0000:00000000       ___ImageBase               10000000     <linker-defined>
 0001:00000000       ?TraceLoggingRegister@__vcrt_trace_logging_provider@@YAJPBU_TlgProvider_t@1@PBU_GUID@@P6GX1KE_K2PAU_EVENT_FILTER_DESCRIPTOR@@PAX@Z4@Z 10001000 f i libvcruntime:telemetry.obj
 0001:0000005d       ?TraceLoggingSetInformation@__vcrt_trace_logging_provider@@YAJPBU_TlgProvider_t@1@W4_EVENT_INFO_CLASS@@PAXK@Z 1000105d f i libvcruntime:telemetry.obj
 0001:00000088       ?TraceLoggingUnregister@__vcrt_trace_logging_provider@@YAXPBU_TlgProvider_t@1@@Z 10001088 f i libvcruntime:telemetry.obj
 0001:000000a7       ?_TlgCreateSz@__vcrt_trace_logging_provider@@YAXPAU_EVENT_DATA_DESCRIPTOR@@PBD@Z 100010a7 f i libvcruntime:telemetry.obj
 0001:000000df       ?_TlgCreateWsz@__vcrt_trace_logging_provider@@YAXPAU_EVENT_DATA_DESCRIPTOR@@PB_W@Z 100010df f i libvcruntime:telemetry.obj
 0001:00000123       ?_TlgEnableCallback@__vcrt_trace_logging_provider@@YGXPBU_GUID@@KE_K1PAU_EVENT_FILTER_DESCRIPTOR@@PAX@Z 10001123 f i libvcruntime:telemetry.obj
 0001:0000019b       ?_TlgKeywordOn@__vcrt_trace_logging_provider@@YAEPBU_TlgProvider_t@1@_K@Z 1000119b f i libvcruntime:telemetry.obj
 0001:000001d7       ?_TlgWrite@__vcrt_trace_logging_provider@@YAJPBU_TlgProvider_t@1@PBXPBU_GUID@@2IPAU_EVENT_DATA_DESCRIPTOR@@@Z 100011d7 f i libvcruntime:telemetry.obj
 0001:00000440       _PxSetPhysXCookingDelayLoadHook 10001440 f   WindowsCookingDelayLoadHook.obj
 0001:00000450       ?delayHook@@YGP6GHXZIPAUDelayLoadInfo@@@Z 10001450 f   WindowsCookingDelayLoadHook.obj
 0001:000004a0       ?physXCommonDliNotePreLoadLibrary@shdfnd@physx@@YGP6GHXZPBDPBVPxDelayLoadHook@2@@Z 100014a0 f i WindowsCookingDelayLoadHook.obj
 0001:000008c0       ?saveHeightField@physx@@YA_NABVHeightField@Gu@1@AAVPxOutputStream@1@_N@Z 100018c0 f   HeightFieldCooking.obj
 0001:00000af0       ?__empty_global_delete@@YAXPAX@Z 10001af0 f i HeightFieldCooking.obj
 0001:00000b00       ?__empty_global_delete@@YAXPAXI@Z 10001b00 f i HeightFieldCooking.obj
 0001:00000b00       ?__global_array_delete@@YAXPAXI@Z 10001b00 f i HeightFieldCooking.obj
 0001:00000b00       ?__global_delete@@YAXPAXI@Z 10001b00 f i HeightFieldCooking.obj
 0001:00000b10       ?buildFromTriangles@RTreeCooker@physx@@SAXAAURTree@Gu@2@PBVPxVec3@2@IPBGPBIIAAV?$Array@IV?$ReflectionAllocator@I@shdfnd@physx@@@shdfnd@2@PAURemapCallback@12@MW4Enum@PxMeshCookingHint@2@@Z 10001b10 f   RTreeCooking.obj
 0001:00000d30       ??$median3@I$$CBUSortBoundsPredicate@physx@@@internal@shdfnd@physx@@YAXPAIHHABUSortBoundsPredicate@2@@Z 10001d30 f i RTreeCooking.obj
 0001:00000e30       ??$partition@I$$CBU?$Less@I@shdfnd@physx@@@internal@shdfnd@physx@@YAHPAIHHABU?$Less@I@12@@Z 10001e30 f i RTreeCooking.obj
 0001:00000ec0       ??$partition@I$$CBUSortBoundsPredicate@physx@@@internal@shdfnd@physx@@YAHPAIHHABUSortBoundsPredicate@2@@Z 10001ec0 f i RTreeCooking.obj
 0001:00000f80       ??$partition@UBoundsLTE@physx@@@quickSelect@physx@@YAIPIAIIIIABUBoundsLTE@1@@Z 10001f80 f i RTreeCooking.obj
 0001:00001000       ??$quickSelectFirstK@UBoundsLTE@physx@@@quickSelect@physx@@YAXPIAIIIIABUBoundsLTE@1@@Z 10002000 f i RTreeCooking.obj
 0001:000010b0       ??$smallSort@I$$CBU?$Less@I@shdfnd@physx@@@internal@shdfnd@physx@@YAXPAIHHABU?$Less@I@12@@Z 100020b0 f i RTreeCooking.obj
 0001:00001130       ??$smallSort@I$$CBUSortBoundsPredicate@physx@@@internal@shdfnd@physx@@YAXPAIHHABUSortBoundsPredicate@2@@Z 10002130 f i RTreeCooking.obj
 0001:00001200       ??$sort@I@shdfnd@physx@@YAXPAII@Z 10002200 f i RTreeCooking.obj
 0001:00001220       ??$sort@IU?$Less@I@shdfnd@physx@@V?$ReflectionAllocator@I@23@@shdfnd@physx@@YAXPAIIABU?$Less@I@01@ABV?$ReflectionAllocator@I@01@I@Z 10002220 f i RTreeCooking.obj
 0001:00001390       ??$sort@IUSortBoundsPredicate@physx@@@shdfnd@physx@@YAXPAIIABUSortBoundsPredicate@1@@Z 10002390 f i RTreeCooking.obj
 0001:000013b0       ??$sort@IUSortBoundsPredicate@physx@@V?$ReflectionAllocator@I@shdfnd@2@@shdfnd@physx@@YAXPAIIABUSortBoundsPredicate@1@ABV?$ReflectionAllocator@I@01@I@Z 100023b0 f i RTreeCooking.obj
 0001:00001520       ??0SubSortQuick@physx@@QAE@PAIPBUPxBounds3V@1@IM@Z 10002520 f i RTreeCooking.obj
 0001:00001640       ??0SubSortSAH@physx@@QAE@PAIPBUPxBounds3V@1@IPBI22222M@Z 10002640 f i RTreeCooking.obj
 0001:00001720       ?allocate@?$Array@IV?$ReflectionAllocator@I@shdfnd@physx@@@shdfnd@physx@@IAEPAII@Z 10002720 f i RTreeCooking.obj
 0001:000017a0       ?allocate@?$Array@UPxBounds3V@physx@@V?$ReflectionAllocator@UPxBounds3V@physx@@@shdfnd@2@@shdfnd@physx@@IAEPAUPxBounds3V@3@I@Z 100027a0 f i RTreeCooking.obj
 0001:00001810       ?allocate@?$Array@URTreeNodeNQ@physx@@V?$ReflectionAllocator@URTreeNodeNQ@physx@@@shdfnd@2@@shdfnd@physx@@IAEPAURTreeNodeNQ@3@I@Z 10002810 f i RTreeCooking.obj
 0001:00001880       ?allocate@?$Array@URTreeNodeQ@Gu@physx@@V?$ReflectionAllocator@URTreeNodeQ@Gu@physx@@@shdfnd@3@@shdfnd@physx@@IAEPAURTreeNodeQ@Gu@3@I@Z 10002880 f i RTreeCooking.obj
 0001:00001900       ?allocate@?$Array@VPxVec3@physx@@V?$ReflectionAllocator@VPxVec3@physx@@@shdfnd@2@@shdfnd@physx@@IAEPAVPxVec3@3@I@Z 10002900 f i RTreeCooking.obj
 0001:00001970       ?allocate@?$InlineAllocator@$0CA@V?$ReflectionAllocator@UInterval@physx@@@shdfnd@physx@@@shdfnd@physx@@QAEPAXIPBDH@Z 10002970 f i RTreeCooking.obj
 0001:000022d0       ?copy@?$Array@URTreeNodeNQ@physx@@V?$ReflectionAllocator@URTreeNodeNQ@physx@@@shdfnd@2@@shdfnd@physx@@KAXPAURTreeNodeNQ@3@0PBU43@@Z 100032d0 f i RTreeCooking.obj
 0001:00002340       ?copy@?$Array@VPxVec3@physx@@V?$ReflectionAllocator@VPxVec3@physx@@@shdfnd@2@@shdfnd@physx@@KAXPAVPxVec3@3@0PBV43@@Z 10003340 f i RTreeCooking.obj
 0001:00002410       ?grow@?$Stack@V?$ReflectionAllocator@I@shdfnd@physx@@@internal@shdfnd@physx@@QAEXXZ 10003410 f i RTreeCooking.obj
 0001:000024b0       ?growAndPushBack@?$Array@IV?$ReflectionAllocator@I@shdfnd@physx@@@shdfnd@physx@@IAEAAIABI@Z 100034b0 f i RTreeCooking.obj
 0001:00002540       ?growAndPushBack@?$Array@UInterval@physx@@V?$InlineAllocator@$0CA@V?$ReflectionAllocator@UInterval@physx@@@shdfnd@physx@@@shdfnd@2@@shdfnd@physx@@IAEAAUInterval@3@ABU43@@Z 10003540 f i RTreeCooking.obj
 0001:00002610       ?growAndPushBack@?$Array@UPxBounds3V@physx@@V?$ReflectionAllocator@UPxBounds3V@physx@@@shdfnd@2@@shdfnd@physx@@IAEAAUPxBounds3V@3@ABU43@@Z 10003610 f i RTreeCooking.obj
 0001:000026c0       ?growAndPushBack@?$Array@URTreeNodeNQ@physx@@V?$ReflectionAllocator@URTreeNodeNQ@physx@@@shdfnd@2@@shdfnd@physx@@IAEAAURTreeNodeNQ@3@ABU43@@Z 100036c0 f i RTreeCooking.obj
 0001:00002770       ?growAndPushBack@?$Array@URTreeNodeQ@Gu@physx@@V?$ReflectionAllocator@URTreeNodeQ@Gu@physx@@@shdfnd@3@@shdfnd@physx@@IAEAAURTreeNodeQ@Gu@3@ABU453@@Z 10003770 f i RTreeCooking.obj
 0001:00002850       ?growAndPushBack@?$Array@VPxVec3@physx@@V?$ReflectionAllocator@VPxVec3@physx@@@shdfnd@2@@shdfnd@physx@@IAEAAVPxVec3@3@ABV43@@Z 10003850 f i RTreeCooking.obj
 0001:000028f0       ?recreate@?$Array@IV?$ReflectionAllocator@I@shdfnd@physx@@@shdfnd@physx@@IAEXI@Z 100038f0 f i RTreeCooking.obj
 0001:00002950       ?recreate@?$Array@UPxBounds3V@physx@@V?$ReflectionAllocator@UPxBounds3V@physx@@@shdfnd@2@@shdfnd@physx@@IAEXI@Z 10003950 f i RTreeCooking.obj
 0001:000029c0       ?recreate@?$Array@URTreeNodeNQ@physx@@V?$ReflectionAllocator@URTreeNodeNQ@physx@@@shdfnd@2@@shdfnd@physx@@IAEXI@Z 100039c0 f i RTreeCooking.obj
 0001:00002a20       ?recreate@?$Array@URTreeNodeQ@Gu@physx@@V?$ReflectionAllocator@URTreeNodeQ@Gu@physx@@@shdfnd@3@@shdfnd@physx@@IAEXI@Z 10003a20 f i RTreeCooking.obj
 0001:00002ab0       ?recreate@?$Array@VPxVec3@physx@@V?$ReflectionAllocator@VPxVec3@physx@@@shdfnd@2@@shdfnd@physx@@IAEXI@Z 10003ab0 f i RTreeCooking.obj
 0001:00002b10       ?resize@?$Array@IV?$ReflectionAllocator@I@shdfnd@physx@@@shdfnd@physx@@QAEXIABI@Z 10003b10 f i RTreeCooking.obj
 0001:00002b60       ?resizeUninitialized@?$Array@URTreeNodeNQ@physx@@V?$ReflectionAllocator@URTreeNodeNQ@physx@@@shdfnd@2@@shdfnd@physx@@QAEXI@Z 10003b60 f i RTreeCooking.obj
 0001:00002b90       ?sort4@SubSortQuick@physx@@QAEXPIAIIAAV?$Array@URTreeNodeNQ@physx@@V?$ReflectionAllocator@URTreeNodeNQ@physx@@@shdfnd@2@@shdfnd@2@AAIAAUPxBounds3V@2@I@Z 10003b90 f i RTreeCooking.obj
 0001:00002ec0       ?sort4@SubSortSAH@physx@@QAEXPAIIAAV?$Array@URTreeNodeNQ@physx@@V?$ReflectionAllocator@URTreeNodeNQ@physx@@@shdfnd@2@@shdfnd@2@AAIIPAURTreeNodeNQ@2@@Z 10003ec0 f i RTreeCooking.obj
 0001:00003450       ?split@SubSortSAH@physx@@QAEIPAII@Z 10004450 f i RTreeCooking.obj
 0001:00003860       ?loadFromDesc@TriangleMeshBuilder@physx@@QAE_NABVPxTriangleMeshDesc@2@ABUPxCookingParams@2@_N@Z 10004860 f   TriangleMeshBuilder.obj
 0001:00003b10       ?save@TriangleMeshBuilder@physx@@QBE_NAAVPxOutputStream@2@_NABUPxCookingParams@2@@Z 10004b10 f   TriangleMeshBuilder.obj
 0001:00003e30       ?computeLocalBounds@TriangleMeshBuilder@physx@@IAEXXZ 10004e30 f   TriangleMeshBuilder.obj
 0001:00003ef0       ?importMesh@TriangleMeshBuilder@physx@@IAE_NABVPxTriangleMeshDesc@2@ABUPxCookingParams@2@_N@Z 10004ef0 f   TriangleMeshBuilder.obj
 0001:000040b0       ??$?_UI@@YAPAXIV?$ReflectionAllocator@I@shdfnd@physx@@PBDH@Z 100050b0 f i TriangleMeshBuilder.obj
 0001:00004110       ??_H@YGXPAXIIP6EPAX0@Z@Z   10005110 f i TriangleMeshBuilder.obj
 0001:00004140       ?isValid@PxTriangleMeshDesc@physx@@QBE_NXZ 10005140 f i TriangleMeshBuilder.obj
 0001:000041b0       ??0BigConvexDataBuilder@physx@@QAE@PBUConvexHullData@Gu@1@PAVBigConvexData@1@PBVPxVec3@1@@Z 100051b0 f   BigConvexDataBuilder.obj
 0001:000041d0       ??1BigConvexDataBuilder@physx@@QAE@XZ 100051d0 f   BigConvexDataBuilder.obj
 0001:000041e0       ?Precompute@BigConvexDataBuilder@physx@@QAE_NI@Z 100051e0 f   BigConvexDataBuilder.obj
 0001:000044d0       ?Initialize@BigConvexDataBuilder@physx@@QAE_NXZ 100054d0 f   BigConvexDataBuilder.obj
 0001:00004540       ?PrecomputeSample@BigConvexDataBuilder@physx@@QAE_NIABVPxVec3@2@@Z 10005540 f   BigConvexDataBuilder.obj
 0001:00004600       ?Save@BigConvexDataBuilder@physx@@QBE_NAAVPxOutputStream@2@_NIPBUHullTriangleData@2@@Z 10005600 f   BigConvexDataBuilder.obj
 0001:000046e0       ?ComputeValencies@BigConvexDataBuilder@physx@@QBE_NIPBUHullTriangleData@2@@Z 100056e0 f   BigConvexDataBuilder.obj
 0001:00004730       ?Compute@BigConvexDataBuilder@physx@@QBE_NABUVALENCIESCREATE@2@@Z 10005730 f   BigConvexDataBuilder.obj
 0001:00004960       ?Save@BigConvexDataBuilder@physx@@QBE_NAAVPxOutputStream@2@_N@Z 10005960 f   BigConvexDataBuilder.obj
 0001:00004a90       ??0ConvexHullBuilder@physx@@QAE@PAUConvexHullData@Gu@1@@Z 10005a90 f   ConvexHullBuilder.obj
 0001:00004ae0       ??1ConvexHullBuilder@physx@@QAE@XZ 10005ae0 f   ConvexHullBuilder.obj
 0001:00004b60       ?Init@ConvexHullBuilder@physx@@QAE_NIPBVPxVec3@2@IPBIIPBUPxHullPolygon@2@@Z 10005b60 f   ConvexHullBuilder.obj
 0001:00005090       ?Save@ConvexHullBuilder@physx@@QBE_NAAVPxOutputStream@2@_N@Z 10006090 f   ConvexHullBuilder.obj
 0001:00005310       ?CreateEdgeList@ConvexHullBuilder@physx@@QAE_NXZ 10006310 f   ConvexHullBuilder.obj
 0001:00005b70       ?CreatePolygonData@ConvexHullBuilder@physx@@QAE_NXZ 10006b70 f   ConvexHullBuilder.obj
 0001:00006350       ?CheckHullPolygons@ConvexHullBuilder@physx@@QBE_NXZ 10007350 f   ConvexHullBuilder.obj
 0001:000065b0       ?CreateTrianglesFromPolygons@ConvexHullBuilder@physx@@QAE_NXZ 100075b0 f   ConvexHullBuilder.obj
 0001:00006ab0       ?ComputeGeomCenter@ConvexHullBuilder@physx@@QBE_NAAVPxVec3@2@@Z 10007ab0 f   ConvexHullBuilder.obj
 0001:00006cc0       ?CalculateVertexMapTable@ConvexHullBuilder@physx@@QAE_NI_N@Z 10007cc0 f   ConvexHullBuilder.obj
 0001:00006e70       ?ComputeHullPolygons@ConvexHullBuilder@physx@@QAE_NABIPBVPxVec3@2@0PBI@Z 10007e70 f   ConvexHullBuilder.obj
 0001:00007060       ??$?_UE@@YAPAXIV?$ReflectionAllocator@E@shdfnd@physx@@PBDH@Z 10008060 f i ConvexHullBuilder.obj
 0001:000070c0       ??$?_UUHullTriangleData@physx@@@@YAPAXIV?$ReflectionAllocator@UHullTriangleData@physx@@@shdfnd@physx@@PBDH@Z 100080c0 f i ConvexHullBuilder.obj
 0001:00007120       ??0PxVec3@physx@@QAE@XZ    10008120 f i ConvexHullBuilder.obj
 0001:000089d0       ??0ConvexMeshBuilder@physx@@QAE@XZ 100099d0 f   ConvexMeshBuilder.obj
 0001:00008a00       ??1ConvexMeshBuilder@physx@@UAE@XZ 10009a00 f   ConvexMeshBuilder.obj
 0001:00008a30       ?loadFromDesc@ConvexMeshBuilder@physx@@QAE_NABVPxConvexMeshDesc@2@W4Enum@PxPlatform@2@@Z 10009a30 f   ConvexMeshBuilder.obj
 0001:00008af0       ?save@ConvexMeshBuilder@physx@@QBE_NAAVPxOutputStream@2@_N@Z 10009af0 f   ConvexMeshBuilder.obj
 0001:00008ce0       ?loadConvexHull@ConvexMeshBuilder@physx@@QAE_NABVPxConvexMeshDesc@2@@Z 10009ce0 f   ConvexMeshBuilder.obj
 0001:00008ee0       ?computeHullPolygons@ConvexMeshBuilder@physx@@QAE_NABIPBVPxVec3@2@0PBIAAVPxAllocatorCallback@2@AAIAAPAV32@4AAPAI4AAPAUPxHullPolygon@2@@Z 10009ee0 f   ConvexMeshBuilder.obj
 0001:00009070       ?computeGaussMaps@ConvexMeshBuilder@physx@@QAE_NXZ 1000a070 f   ConvexMeshBuilder.obj
 0001:00009120       ?computeMassInfo@ConvexMeshBuilder@physx@@QAEXXZ 1000a120 f   ConvexMeshBuilder.obj
 0001:00009530       ?computeInternalObjects@ConvexMeshBuilder@physx@@QAEXXZ 1000a530 f   ConvexMeshBuilder.obj
 0001:0000972c       ??_EConvexMeshBuilder@physx@@W7AEPAXI@Z 1000a72c f i ConvexMeshBuilder.obj
 0001:00009740       ??_GConvexMeshBuilder@physx@@UAEPAXI@Z 1000a740 f i ConvexMeshBuilder.obj
 0001:00009740       ??_EConvexMeshBuilder@physx@@UAEPAXI@Z 1000a740 f i ConvexMeshBuilder.obj
 0001:00009ac0       ?isFinite@PxVec3@physx@@QBE_NXZ 1000aac0 f i ConvexMeshBuilder.obj
 0001:00009b30       ?isReleasable@PxBase@physx@@UBE_NXZ 1000ab30 f i ConvexMeshBuilder.obj
 0001:00009b40       ?isValid@PxConvexMeshDesc@physx@@QBE_NXZ 1000ab40 f i ConvexMeshBuilder.obj
 0001:00009be0       ?requires@ConvexMesh@Gu@physx@@UAEXAAVPxProcessPxBaseCallback@3@@Z 1000abe0 f i ConvexMeshBuilder.obj
 0001:00009bf0       ??0HullLibrary@physx@@QAE@XZ 1000abf0 f   hulllib.obj
 0001:00009c30       ??1HullLibrary@physx@@QAE@XZ 1000ac30 f   hulllib.obj
 0001:00009c80       ?CreateConvexHull@HullLibrary@physx@@QAE?AW4HullError@2@ABVHullDesc@2@AAVHullResult@2@@Z 1000ac80 f   hulllib.obj
 0001:0000a0e0       ?ReleaseResult@HullLibrary@physx@@QAE?AW4HullError@2@AAVHullResult@2@@Z 1000b0e0 f   hulllib.obj
 0001:0000a120       ?CreateTriangleMesh@HullLibrary@physx@@QAE?AW4HullError@2@AAVHullResult@2@PAVConvexHullTriangleInterface@2@@Z 1000b120 f   hulllib.obj
 0001:0000a400       ?b2bfix@HullLibrary@physx@@AAEXPAVTri@2@0@Z 1000b400 f   hulllib.obj
 0001:0000a520       ?removeb2b@HullLibrary@physx@@AAEXPAVTri@2@0@Z 1000b520 f   hulllib.obj
 0001:0000a570       ?checkit@HullLibrary@physx@@ABEXPAVTri@2@@Z 1000b570 f   hulllib.obj
 0001:0000a580       ?extrude@HullLibrary@physx@@AAEXPAVTri@2@H@Z 1000b580 f   hulllib.obj
 0001:0000a8c0       ?extrudable@HullLibrary@physx@@ABEPAVTri@2@M@Z 1000b8c0 f   hulllib.obj
 0001:0000a910       ?calchullgen@HullLibrary@physx@@AAE?AW4HullError@2@PAVfloat3@2@HHM@Z 1000b910 f   hulllib.obj
 0001:0000b7b0       ?calchull@HullLibrary@physx@@AAE?AW4HullError@2@PAVfloat3@2@HAAPAHAAHAAPAV42@2HM@Z 1000c7b0 f   hulllib.obj
 0001:0000ba30       ?expandhull@HullLibrary@physx@@AAE?AW4HullError@2@PAVfloat3@2@HAAPAV42@AAHM@Z 1000ca30 f   hulllib.obj
 0001:0000c2d0       ?calchullpbev@HullLibrary@physx@@AAE?AW4HullError@2@PAVfloat3@2@HHAAV?$Array@VPlane@physx@@@hullLibArray@2@M@Z 1000d2d0 f   hulllib.obj
 0001:0000cfd0       ?ComputeHull@HullLibrary@physx@@AAE?AW4HullError@2@IPBMAAVPHullResult@2@IMM@Z 1000dfd0 f   hulllib.obj
 0001:0000d1f0       ?overhullv@HullLibrary@physx@@AAE?AW4HullError@2@PAVfloat3@2@HHAAPAV42@AAHAAPAH2MMHM@Z 1000e1f0 f   hulllib.obj
 0001:0000d440       ??0ConvexH@physx@@QAE@HHH@Z 1000e440 f   hulllib.obj
 0001:0000d4d0       ?neib@Tri@physx@@QAEAAHHH@Z 1000e4d0 f   hulllib.obj
 0001:0000d550       ??$Max@M@physx@@YAMABM0@Z  1000e550 f i hulllib.obj
 0001:0000d580       ??$Min@H@physx@@YAHABH0@Z  1000e580 f i hulllib.obj
 0001:0000d5a0       ??$Min@M@physx@@YAMABM0@Z  1000e5a0 f i hulllib.obj
 0001:0000d5d0       ??$Swap@H@physx@@YAXAAH0@Z 1000e5d0 f i hulllib.obj
 0001:0000d5f0       ??$__vcrt_va_start_verify_argument_type@QBD@@YAXXZ 1000e5f0 f i hulllib.obj
 0001:0000d600       ??$maxdir@Vfloat3@physx@@@physx@@YAHPBVfloat3@0@HABV10@@Z 1000e600 f i hulllib.obj
 0001:0000d6b0       ??$maxdirfiltered@Vfloat3@physx@@@physx@@YAHPBVfloat3@0@HABV10@PA_N@Z 1000e6b0 f i hulllib.obj
 0001:0000d770       ??$maxdirsterid@Vfloat3@physx@@@physx@@YAHPBVfloat3@0@HABV10@AAV?$Array@H@hullLibArray@0@@Z 1000e770 f i hulllib.obj
 0001:0000dbd0       ??0?$Array@H@hullLibArray@physx@@QAE@H@Z 1000ebd0 f i hulllib.obj
 0001:0000dc00       ??0?$Array@PAVTri@physx@@@hullLibArray@physx@@QAE@H@Z 1000ec00 f i hulllib.obj
 0001:0000dc30       ??0?$Array@UExpandPlane@physx@@@hullLibArray@physx@@QAE@H@Z 1000ec30 f i hulllib.obj
 0001:0000dc60       ??0?$Array@VHalfEdge@ConvexH@physx@@@hullLibArray@physx@@QAE@H@Z 1000ec60 f i hulllib.obj
 0001:0000dc90       ??0?$Array@VPlane@physx@@@hullLibArray@physx@@QAE@H@Z 1000ec90 f i hulllib.obj
 0001:0000dcc0       ??0?$Array@Vfloat3@physx@@@hullLibArray@physx@@QAE@H@Z 1000ecc0 f i hulllib.obj
 0001:0000dcf0       ??0?$Array@Vint3@physx@@@hullLibArray@physx@@QAE@H@Z 1000ecf0 f i hulllib.obj
 0001:0000dd20       ??0HalfEdge@ConvexH@physx@@QAE@XZ 1000ed20 f i hulllib.obj
 0001:0000dd30       ??0Plane@physx@@QAE@XZ     1000ed30 f i hulllib.obj
 0001:0000dd50       ??0Tri@physx@@QAE@HHHPAV?$Array@PAVTri@physx@@@hullLibArray@1@@Z 1000ed50 f i hulllib.obj
 0001:0000ddd0       ??0float3@physx@@QAE@XZ    1000edd0 f i hulllib.obj
 0001:0000ddf0       ??1?$Array@H@hullLibArray@physx@@QAE@XZ 1000edf0 f i hulllib.obj
 0001:0000de30       ??1?$Array@PAVTri@physx@@@hullLibArray@physx@@QAE@XZ 1000ee30 f i hulllib.obj
 0001:0000de70       ??1?$Array@UExpandPlane@physx@@@hullLibArray@physx@@QAE@XZ 1000ee70 f i hulllib.obj
 0001:0000deb0       ??1?$Array@VHalfEdge@ConvexH@physx@@@hullLibArray@physx@@QAE@XZ 1000eeb0 f i hulllib.obj
 0001:0000def0       ??1?$Array@VPlane@physx@@@hullLibArray@physx@@QAE@XZ 1000eef0 f i hulllib.obj
 0001:0000df30       ??1?$Array@Vfloat3@physx@@@hullLibArray@physx@@QAE@XZ 1000ef30 f i hulllib.obj
 0001:0000df70       ??1?$Array@Vint3@physx@@@hullLibArray@physx@@QAE@XZ 1000ef70 f i hulllib.obj
 0001:0000dfb0       ??1ConvexH@physx@@QAE@XZ   1000efb0 f i hulllib.obj
 0001:0000e040       ?Add@?$Array@H@hullLibArray@physx@@QAEAAHH@Z 1000f040 f i hulllib.obj
 0001:0000e080       ?Add@?$Array@PAVTri@physx@@@hullLibArray@physx@@QAEAAPAVTri@3@PAV43@@Z 1000f080 f i hulllib.obj
 0001:0000e0c0       ?Add@?$Array@UExpandPlane@physx@@@hullLibArray@physx@@QAEAAUExpandPlane@3@U43@@Z 1000f0c0 f i hulllib.obj
 0001:0000e120       ?Add@?$Array@VPlane@physx@@@hullLibArray@physx@@QAEAAVPlane@3@V43@@Z 1000f120 f i hulllib.obj
 0001:0000e170       ?Add@?$Array@Vfloat3@physx@@@hullLibArray@physx@@QAEAAVfloat3@3@V43@@Z 1000f170 f i hulllib.obj
 0001:0000e1d0       ?Add@?$Array@Vint3@physx@@@hullLibArray@physx@@QAEAAVint3@3@V43@@Z 1000f1d0 f i hulllib.obj
 0001:000104f0       ?SetSize@?$Array@PAVTri@physx@@@hullLibArray@physx@@QAEXH@Z 100114f0 f i hulllib.obj
 0001:00010530       ?SetSize@?$Array@Vint3@physx@@@hullLibArray@physx@@QAEXH@Z 10011530 f i hulllib.obj
 0001:000106c0       ?allocate@?$Array@H@hullLibArray@physx@@QAEXH@Z 100116c0 f i hulllib.obj
 0001:00010720       ?allocate@?$Array@PAVTri@physx@@@hullLibArray@physx@@QAEXH@Z 10011720 f i hulllib.obj
 0001:00010780       ?allocate@?$Array@UExpandPlane@physx@@@hullLibArray@physx@@QAEXH@Z 10011780 f i hulllib.obj
 0001:00010800       ?allocate@?$Array@VHalfEdge@ConvexH@physx@@@hullLibArray@physx@@QAEXH@Z 10011800 f i hulllib.obj
 0001:00010860       ?allocate@?$Array@VPlane@physx@@@hullLibArray@physx@@QAEXH@Z 10011860 f i hulllib.obj
 0001:000108c0       ?allocate@?$Array@Vfloat3@physx@@@hullLibArray@physx@@QAEXH@Z 100118c0 f i hulllib.obj
 0001:00010930       ?allocate@?$Array@Vint3@physx@@@hullLibArray@physx@@QAEXH@Z 10011930 f i hulllib.obj
 0001:000116e0       ___local_stdio_printf_options 100126e0 f i hulllib.obj
 0001:000116f0       _printf                    100126f0 f i hulllib.obj
 0001:00011720       ?computeVolumeIntegrals@physx@@YA_NABVPxSimpleTriangleMesh@1@MAAUPxIntegrals@1@@Z 10012720 f   VolumeIntegration.obj
 0001:00011790       ?computeVolumeIntegralsEberly@physx@@YA_NABVPxSimpleTriangleMesh@1@MAAUPxIntegrals@1@ABVPxVec3@1@@Z 10012790 f   VolumeIntegration.obj
 0001:00013170       ?ComputeNbBoundaryEdges@AdjTriangle@physx@@QBEIXZ 10014170 f   Adjacencies.obj
 0001:000131b0       ?ComputeNbNeighbors@AdjTriangle@physx@@QBEIXZ 100141b0 f   Adjacencies.obj
 0001:000131f0       ?HasNeighbor@AdjTriangle@physx@@QBE_NIPAI@Z 100141f0 f   Adjacencies.obj
 0001:00013270       ?Flip@AdjTriangle@physx@@QAEXXZ 10014270 f   Adjacencies.obj
 0001:00013280       ??0Adjacencies@physx@@QAE@XZ 10014280 f   Adjacencies.obj
 0001:00013290       ??1Adjacencies@physx@@QAE@XZ 10014290 f   Adjacencies.obj
 0001:000132c0       ?Load@Adjacencies@physx@@QAE_NAAVPxInputStream@2@@Z 100142c0 f   Adjacencies.obj
 0001:000133a0       ?Walk@Adjacencies@physx@@QAE_NP6AXABUCommonWalkParams@2@IIII@ZPAX@Z 100143a0 f   Adjacencies.obj
 0001:00013500       ?Walk2@Adjacencies@physx@@QAE_NP6AXABUCommonWalkParams@2@IIII@ZPAXPBVPxVec3@2@PBU?$TriangleT@I@Gu@2@@Z 10014500 f   Adjacencies.obj
 0001:00013660       ?ComputeNbBoundaryEdges@Adjacencies@physx@@QBEIXZ 10014660 f   Adjacencies.obj
 0001:000136c0       ?GetBoundaryVertices@Adjacencies@physx@@QBE_NIPA_NPBU?$TriangleT@I@Gu@2@@Z 100146c0 f   Adjacencies.obj
 0001:00013820       ?MakeLastRef@Adjacencies@physx@@QAE_NAAVAdjTriangle@2@IPAU?$TriangleT@I@Gu@2@@Z 10014820 f   Adjacencies.obj
 0001:000139e0       ?AssignNewEdgeCode@Adjacencies@physx@@AAEXIE@Z 100149e0 f   Adjacencies.obj
 0001:00013a20       ??0AdjacenciesBuilder@physx@@QAE@XZ 10014a20 f   Adjacencies.obj
 0001:00013a30       ??1AdjacenciesBuilder@physx@@QAE@XZ 10014a30 f   Adjacencies.obj
 0001:00013a60       ?Init@AdjacenciesBuilder@physx@@QAE_NABUADJACENCIESCREATE@2@@Z 10014a60 f   Adjacencies.obj
 0001:00013d40       ??0AdjEdge@@QAE@XZ         10014d40 f i Adjacencies.obj
 0001:00013d50       ??0AdjTriangle@physx@@QAE@XZ 10014d50 f i Adjacencies.obj
 0001:00013d60       ??1AdjEdge@@QAE@XZ         10014d60 f i Adjacencies.obj
 0001:00013d70       ??1AdjTriangle@physx@@QAE@XZ 10014d70 f i Adjacencies.obj
 0001:00013d80       ??_EAdjEdge@@QAEPAXI@Z     10014d80 f i Adjacencies.obj
 0001:00013df0       ??_EAdjTriangle@physx@@QAEPAXI@Z 10014df0 f i Adjacencies.obj
 0001:00013e60       ??_I@YGXPAXIIP6EX0@Z@Z     10014e60 f i Adjacencies.obj
 0001:00014780       _PxCreateCooking           10015780 f   Cooking.obj
 0001:00014830       ?release@Cooking@physx@@UAEXXZ 10015830 f   Cooking.obj
 0001:00014850       ?setParams@Cooking@physx@@UAEXABUPxCookingParams@2@@Z 10015850 f   Cooking.obj
 0001:000148b0       ?getParams@Cooking@physx@@UAEABUPxCookingParams@2@XZ 100158b0 f   Cooking.obj
 0001:000148c0       ?platformMismatch@Cooking@physx@@UAE_NXZ 100158c0 f   Cooking.obj
 0001:000148f0       ?cookTriangleMesh@Cooking@physx@@UAE_NABVPxTriangleMeshDesc@2@AAVPxOutputStream@2@@Z 100158f0 f   Cooking.obj
 0001:000149e0       ?createTriangleMesh@Cooking@physx@@UAEPAVPxTriangleMesh@2@ABVPxTriangleMeshDesc@2@AAVPxPhysicsInsertionCallback@2@@Z 100159e0 f   Cooking.obj
 0001:00014ab0       ?validateTriangleMesh@Cooking@physx@@UAE_NABVPxTriangleMeshDesc@2@@Z 10015ab0 f   Cooking.obj
 0001:00014b60       ?cookConvexMesh@Cooking@physx@@UAE_NABVPxConvexMeshDesc@2@AAVPxOutputStream@2@PAW4Enum@PxConvexMeshCookingResult@2@@Z 10015b60 f   Cooking.obj
 0001:00014e80       ?computeHullPolygons@Cooking@physx@@UAE_NABVPxSimpleTriangleMesh@2@AAVPxAllocatorCallback@2@AAIAAPAVPxVec3@2@2AAPAI2AAPAUPxHullPolygon@2@@Z 10015e80 f   Cooking.obj
 0001:00014fb0       ?cookHeightField@Cooking@physx@@UAE_NABVPxHeightFieldDesc@2@AAVPxOutputStream@2@@Z 10015fb0 f   Cooking.obj
 0001:00015110       ?createHeightField@Cooking@physx@@UAEPAVPxHeightField@2@ABVPxHeightFieldDesc@2@AAVPxPhysicsInsertionCallback@2@@Z 10016110 f   Cooking.obj
 0001:00015230       ?loadTriangleMeshDesc@Cooking@physx@@AAE_NABVPxTriangleMeshDesc@2@AAVTriangleMeshBuilder@2@@Z 10016230 f   Cooking.obj
 0001:00015300       ??1PxCooking@physx@@MAE@XZ 10016300 f i Cooking.obj
 0001:00015307       ??_ETriangleMeshBuilder@physx@@W7AEPAXI@Z 10016307 f i Cooking.obj
 0001:00015310       ??_GCooking@physx@@UAEPAXI@Z 10016310 f i Cooking.obj
 0001:00015310       ??_ECooking@physx@@UAEPAXI@Z 10016310 f i Cooking.obj
 0001:00015350       ??_GPxCooking@physx@@MAEPAXI@Z 10016350 f i Cooking.obj
 0001:00015350       ??_EPxCooking@physx@@MAEPAXI@Z 10016350 f i Cooking.obj
 0001:00015380       ??_GTriangleMeshBuilder@physx@@UAEPAXI@Z 10016380 f i Cooking.obj
 0001:00015380       ??_ETriangleMeshBuilder@physx@@UAEPAXI@Z 10016380 f i Cooking.obj
 0001:000153c0       ?requires@TriangleMesh@Gu@physx@@UAEXAAVPxProcessPxBaseCallback@3@@Z 100163c0 f i Cooking.obj
 0001:000153d0       ??0ReducedVertexCloud@physx@@QAE@PBVPxVec3@1@I@Z 100163d0 f   CookingUtils.obj
 0001:00015400       ??1ReducedVertexCloud@physx@@QAE@XZ 10016400 f   CookingUtils.obj
 0001:00015440       ?Clean@ReducedVertexCloud@physx@@QAEAAV12@XZ 10016440 f   CookingUtils.obj
 0001:00015480       ?Reduce@ReducedVertexCloud@physx@@QAE_NPAUREDUCEDCLOUD@2@@Z 10016480 f   CookingUtils.obj
 0001:000156f0       ??0EdgeList@Gu@physx@@QAE@XZ 100166f0 f   EdgeList.obj
 0001:00015720       ??1EdgeList@Gu@physx@@QAE@XZ 10016720 f   EdgeList.obj
 0001:00015770       ?Load@EdgeList@Gu@physx@@QAE_NAAVPxInputStream@3@@Z 10016770 f   EdgeList.obj
 0001:00015880       ??0EdgeListBuilder@Gu@physx@@QAE@XZ 10016880 f   EdgeList.obj
 0001:000158b0       ??1EdgeListBuilder@Gu@physx@@QAE@XZ 100168b0 f   EdgeList.obj
 0001:00015900       ?Init@EdgeListBuilder@Gu@physx@@QAE_NABUEDGELISTCREATE@23@@Z 10016900 f   EdgeList.obj
 0001:000159d0       ?CreateFacesToEdges@EdgeListBuilder@Gu@physx@@AAE_NIPBIPBG@Z 100169d0 f   EdgeList.obj
 0001:00015cd0       ?CreateEdgesToFaces@EdgeListBuilder@Gu@physx@@AAE_NIPBIPBG@Z 10016cd0 f   EdgeList.obj
 0001:00015e70       ?ComputeActiveEdges@EdgeListBuilder@Gu@physx@@AAE_NIPBIPBGPBVPxVec3@3@M@Z 10016e70 f   EdgeList.obj
 0001:00017660       ??$?_UUEdgeData@Gu@physx@@@@YAPAXIV?$ReflectionAllocator@UEdgeData@Gu@physx@@@shdfnd@physx@@PBDH@Z 10018660 f i EdgeList.obj
 0001:000176c0       ??$?_UUEdgeTriangleData@Gu@physx@@@@YAPAXIV?$ReflectionAllocator@UEdgeTriangleData@Gu@physx@@@shdfnd@physx@@PBDH@Z 100186c0 f i EdgeList.obj
 0001:00017720       ?OppositeVertex@@YAIIIIII@Z 10018720 f i EdgeList.obj
 0001:00017780       ??0InternalTriangleMeshBuilder@physx@@QAE@PAVInternalTriangleMesh@1@ABUPxCookingParams@1@@Z 10018780 f   InternalTriangleMeshBuilder.obj
 0001:000177a0       ??1InternalTriangleMeshBuilder@physx@@QAE@XZ 100187a0 f   InternalTriangleMeshBuilder.obj
 0001:000177d0       ?cleanMesh@InternalTriangleMeshBuilder@physx@@QAE_N_N@Z 100187d0 f   InternalTriangleMeshBuilder.obj
 0001:00017b60       ?fillRemapTable@InternalTriangleMeshBuilder@physx@@QAEXXZ 10018b60 f   InternalTriangleMeshBuilder.obj
 0001:00017c20       ?remapTopology@InternalTriangleMeshBuilder@physx@@QAEXPBI@Z 10018c20 f   InternalTriangleMeshBuilder.obj
 0001:00017e40       ?createRTree@InternalTriangleMeshBuilder@physx@@QAE_NXZ 10018e40 f   InternalTriangleMeshBuilder.obj
 0001:00017f00       ?createSharedEdgeData@InternalTriangleMeshBuilder@physx@@QAEX_N0@Z 10018f00 f   InternalTriangleMeshBuilder.obj
 0001:00018250       ?releaseEdgeList@InternalTriangleMeshBuilder@physx@@AAEXXZ 10019250 f   InternalTriangleMeshBuilder.obj
 0001:00018280       ?createEdgeList@InternalTriangleMeshBuilder@physx@@AAEXXZ 10019280 f   InternalTriangleMeshBuilder.obj
 0001:00018380       ??$?_UG@@YAPAXIV?$ReflectionAllocator@G@shdfnd@physx@@PBDH@Z 10019380 f i InternalTriangleMeshBuilder.obj
 0001:000183e0       ??1RemapCallback@RTreeCooker@physx@@UAE@XZ 100193e0 f i InternalTriangleMeshBuilder.obj
 0001:000183f0       ??_ERTreeCookerRemap@@UAEPAXI@Z 100193f0 f i InternalTriangleMeshBuilder.obj
 0001:000183f0       ??_GRTreeCookerRemap@@UAEPAXI@Z 100193f0 f i InternalTriangleMeshBuilder.obj
 0001:00018420       ??_ERemapCallback@RTreeCooker@physx@@UAEPAXI@Z 10019420 f i InternalTriangleMeshBuilder.obj
 0001:00018420       ??_GRemapCallback@RTreeCooker@physx@@UAEPAXI@Z 10019420 f i InternalTriangleMeshBuilder.obj
 0001:00018450       ?remap@RTreeCookerRemap@@UAEXPAIII@Z 10019450 f i InternalTriangleMeshBuilder.obj
 0001:00018470       ??0MeshCleaner@physx@@QAE@IPBVPxVec3@1@IPBIM@Z 10019470 f   MeshCleaner.obj
 0001:00018bf0       ??1MeshCleaner@physx@@QAE@XZ 10019bf0 f   MeshCleaner.obj
 0001:00018c32       _GetModuleFileNameA@12     10019c32 f   kernel32:KERNEL32.dll
 0001:00018c38       _LoadLibraryA@4            10019c38 f   kernel32:KERNEL32.dll
 0001:00018c3e       __imp_load_?writeWord@physx@@YAXG_NAAVPxOutputStream@1@@Z 10019c3e f   PhysX3Common_x86:PhysX3Common_x86.dll
 0001:00018c48       __tailMerge_PhysX3Common_x86_dll 10019c48 f i PhysX3Common_x86:PhysX3Common_x86.dll
 0001:00018c59       ?writeWord@physx@@YAXG_NAAVPxOutputStream@1@@Z 10019c59 f   PhysX3Common_x86:PhysX3Common_x86.dll
 0001:00018c5f       __imp_load_?writeDword@physx@@YAXI_NAAVPxOutputStream@1@@Z 10019c5f f   PhysX3Common_x86:PhysX3Common_x86.dll
 0001:00018c69       ?writeDword@physx@@YAXI_NAAVPxOutputStream@1@@Z 10019c69 f   PhysX3Common_x86:PhysX3Common_x86.dll
 0001:00018c6f       __imp_load_?writeFloat@physx@@YAXM_NAAVPxOutputStream@1@@Z 10019c6f f   PhysX3Common_x86:PhysX3Common_x86.dll
 0001:00018c79       ?writeFloat@physx@@YAXM_NAAVPxOutputStream@1@@Z 10019c79 f   PhysX3Common_x86:PhysX3Common_x86.dll
 0001:00018c7f       __imp_load_?writeHeader@physx@@YA_NCCCCI_NAAVPxOutputStream@1@@Z 10019c7f f   PhysX3Common_x86:PhysX3Common_x86.dll
 0001:00018c89       ?writeHeader@physx@@YA_NCCCCI_NAAVPxOutputStream@1@@Z 10019c89 f   PhysX3Common_x86:PhysX3Common_x86.dll
 0001:00018c8f       __imp_load__PxGetFoundation 10019c8f f   PhysX3Common_x86:PhysX3Common_x86.dll
 0001:00018c99       _PxGetFoundation           10019c99 f   PhysX3Common_x86:PhysX3Common_x86.dll
 0001:00018c9f       __imp_load_?getAllocator@shdfnd@physx@@YAAAVPxAllocatorCallback@2@XZ 10019c9f f   PhysX3Common_x86:PhysX3Common_x86.dll
 0001:00018ca9       ?getAllocator@shdfnd@physx@@YAAAVPxAllocatorCallback@2@XZ 10019ca9 f   PhysX3Common_x86:PhysX3Common_x86.dll
 0001:00018caf       __imp_load_?allocate@Allocator@shdfnd@physx@@QAEPAXIPBDH@Z 10019caf f   PhysX3Common_x86:PhysX3Common_x86.dll
 0001:00018cb9       ?allocate@Allocator@shdfnd@physx@@QAEPAXIPBDH@Z 10019cb9 f   PhysX3Common_x86:PhysX3Common_x86.dll
 0001:00018cbf       __imp_load_?allocate@TempAllocator@shdfnd@physx@@QAEPAXIPBDH@Z 10019cbf f   PhysX3Common_x86:PhysX3Common_x86.dll
 0001:00018cc9       ?allocate@TempAllocator@shdfnd@physx@@QAEPAXIPBDH@Z 10019cc9 f   PhysX3Common_x86:PhysX3Common_x86.dll
 0001:00018ccf       __imp_load_?deallocate@TempAllocator@shdfnd@physx@@QAEXPAX@Z 10019ccf f   PhysX3Common_x86:PhysX3Common_x86.dll
 0001:00018cd9       ?deallocate@TempAllocator@shdfnd@physx@@QAEXPAX@Z 10019cd9 f   PhysX3Common_x86:PhysX3Common_x86.dll
 0001:00018cdf       __imp_load_?computeBoundsAroundVertices@Gu@physx@@YAXAAVPxBounds3@2@IPIBVPxVec3@2@@Z 10019cdf f   PhysX3Common_x86:PhysX3Common_x86.dll
 0001:00018ce9       ?computeBoundsAroundVertices@Gu@physx@@YAXAAVPxBounds3@2@IPIBVPxVec3@2@@Z 10019ce9 f   PhysX3Common_x86:PhysX3Common_x86.dll
 0001:00018cef       __imp_load_?deallocate@Allocator@shdfnd@physx@@QAEXPAX@Z 10019cef f   PhysX3Common_x86:PhysX3Common_x86.dll
 0001:00018cf9       ?deallocate@Allocator@shdfnd@physx@@QAEXPAX@Z 10019cf9 f   PhysX3Common_x86:PhysX3Common_x86.dll
 0001:00018cff       __imp_load_?getInstance@Foundation@shdfnd@physx@@SAAAV123@XZ 10019cff f   PhysX3Common_x86:PhysX3Common_x86.dll
 0001:00018d09       ?getInstance@Foundation@shdfnd@physx@@SAAAV123@XZ 10019d09 f   PhysX3Common_x86:PhysX3Common_x86.dll
 0001:00018d0f       __imp_load_?error@Foundation@shdfnd@physx@@QAAXW4Enum@PxErrorCode@3@PBDH1ZZ 10019d0f f   PhysX3Common_x86:PhysX3Common_x86.dll
 0001:00018d19       ?error@Foundation@shdfnd@physx@@QAAXW4Enum@PxErrorCode@3@PBDH1ZZ 10019d19 f   PhysX3Common_x86:PhysX3Common_x86.dll
 0001:00018d1f       __imp_load_?save@RTree@Gu@physx@@QBE_NAAVPxOutputStream@3@@Z 10019d1f f   PhysX3Common_x86:PhysX3Common_x86.dll
 0001:00018d29       ?save@RTree@Gu@physx@@QBE_NAAVPxOutputStream@3@@Z 10019d29 f   PhysX3Common_x86:PhysX3Common_x86.dll
 0001:00018d2f       __imp_load_?release@InternalTriangleMesh@physx@@QAEXXZ 10019d2f f   PhysX3Common_x86:PhysX3Common_x86.dll
 0001:00018d39       ?release@InternalTriangleMesh@physx@@QAEXXZ 10019d39 f   PhysX3Common_x86:PhysX3Common_x86.dll
 0001:00018d3f       __imp_load_?allocateVertices@InternalTriangleMesh@physx@@QAEPAVPxVec3@2@I@Z 10019d3f f   PhysX3Common_x86:PhysX3Common_x86.dll
 0001:00018d49       ?allocateVertices@InternalTriangleMesh@physx@@QAEPAVPxVec3@2@I@Z 10019d49 f   PhysX3Common_x86:PhysX3Common_x86.dll
 0001:00018d4f       __imp_load_?allocateTriangles@InternalTriangleMesh@physx@@QAEPAXI_N@Z 10019d4f f   PhysX3Common_x86:PhysX3Common_x86.dll
 0001:00018d59       ?allocateTriangles@InternalTriangleMesh@physx@@QAEPAXI_N@Z 10019d59 f   PhysX3Common_x86:PhysX3Common_x86.dll
 0001:00018d5f       __imp_load_?allocateMaterials@InternalTriangleMesh@physx@@QAEPAGXZ 10019d5f f   PhysX3Common_x86:PhysX3Common_x86.dll
 0001:00018d69       ?allocateMaterials@InternalTriangleMesh@physx@@QAEPAGXZ 10019d69 f   PhysX3Common_x86:PhysX3Common_x86.dll
 0001:00018d6f       __imp_load_?writeWordBuffer@physx@@YAXPBGI_NAAVPxOutputStream@1@@Z 10019d6f f   PhysX3Common_x86:PhysX3Common_x86.dll
 0001:00018d79       ?writeWordBuffer@physx@@YAXPBGI_NAAVPxOutputStream@1@@Z 10019d79 f   PhysX3Common_x86:PhysX3Common_x86.dll
 0001:00018d7f       __imp_load_?writeFloatBuffer@physx@@YAXPBMI_NAAVPxOutputStream@1@@Z 10019d7f f   PhysX3Common_x86:PhysX3Common_x86.dll
 0001:00018d89       ?writeFloatBuffer@physx@@YAXPBMI_NAAVPxOutputStream@1@@Z 10019d89 f   PhysX3Common_x86:PhysX3Common_x86.dll
 0001:00018d8f       __imp_load_?computeMaxIndex@physx@@YAIPBII@Z 10019d8f f   PhysX3Common_x86:PhysX3Common_x86.dll
 0001:00018d99       ?computeMaxIndex@physx@@YAIPBII@Z 10019d99 f   PhysX3Common_x86:PhysX3Common_x86.dll
 0001:00018d9f       __imp_load_?storeIndices@physx@@YAXIIPBIAAVPxOutputStream@1@_N@Z 10019d9f f   PhysX3Common_x86:PhysX3Common_x86.dll
 0001:00018da9       ?storeIndices@physx@@YAXIIPBIAAVPxOutputStream@1@_N@Z 10019da9 f   PhysX3Common_x86:PhysX3Common_x86.dll
 0001:00018daf       __imp_load_?computeMaxIndex@physx@@YAGPBGI@Z 10019daf f   PhysX3Common_x86:PhysX3Common_x86.dll
 0001:00018db9       ?computeMaxIndex@physx@@YAGPBGI@Z 10019db9 f   PhysX3Common_x86:PhysX3Common_x86.dll
 0001:00018dbf       __imp_load_?WriteHeader@Gu@physx@@YA_NEEEEI_NAAVPxOutputStream@2@@Z 10019dbf f   PhysX3Common_x86:PhysX3Common_x86.dll
 0001:00018dc9       ?WriteHeader@Gu@physx@@YA_NEEEEI_NAAVPxOutputStream@2@@Z 10019dc9 f   PhysX3Common_x86:PhysX3Common_x86.dll
 0001:00018dcf       __imp_load_?StoreIndices@Gu@physx@@YAXGIPBGAAVPxOutputStream@2@_N@Z 10019dcf f   PhysX3Common_x86:PhysX3Common_x86.dll
 0001:00018dd9       ?StoreIndices@Gu@physx@@YAXGIPBGAAVPxOutputStream@2@_N@Z 10019dd9 f   PhysX3Common_x86:PhysX3Common_x86.dll
 0001:00018ddf       __imp_load_?CreateOffsets@BigConvexData@physx@@IAEXXZ 10019ddf f   PhysX3Common_x86:PhysX3Common_x86.dll
 0001:00018de9       ?CreateOffsets@BigConvexData@physx@@IAEXXZ 10019de9 f   PhysX3Common_x86:PhysX3Common_x86.dll
 0001:00018def       __imp_load_??0RadixSortBuffered@Gu@physx@@QAE@XZ 10019def f   PhysX3Common_x86:PhysX3Common_x86.dll
 0001:00018df9       ??0RadixSortBuffered@Gu@physx@@QAE@XZ 10019df9 f   PhysX3Common_x86:PhysX3Common_x86.dll
 0001:00018dff       __imp_load_??1RadixSortBuffered@Gu@physx@@UAE@XZ 10019dff f   PhysX3Common_x86:PhysX3Common_x86.dll
 0001:00018e09       ??1RadixSortBuffered@Gu@physx@@UAE@XZ 10019e09 f   PhysX3Common_x86:PhysX3Common_x86.dll
 0001:00018e0f       __imp_load_?Sort@RadixSortBuffered@Gu@physx@@QAEAAV123@PBIIW4RadixHint@23@@Z 10019e0f f   PhysX3Common_x86:PhysX3Common_x86.dll
 0001:00018e19       ?Sort@RadixSortBuffered@Gu@physx@@QAEAAV123@PBIIW4RadixHint@23@@Z 10019e19 f   PhysX3Common_x86:PhysX3Common_x86.dll
 0001:00018e1f       __imp_load_??0Container@Gu@physx@@QAE@XZ 10019e1f f   PhysX3Common_x86:PhysX3Common_x86.dll
 0001:00018e29       ??0Container@Gu@physx@@QAE@XZ 10019e29 f   PhysX3Common_x86:PhysX3Common_x86.dll
 0001:00018e2f       __imp_load_??0Container@Gu@physx@@QAE@ABV012@@Z 10019e2f f   PhysX3Common_x86:PhysX3Common_x86.dll
 0001:00018e39       ??0Container@Gu@physx@@QAE@ABV012@@Z 10019e39 f   PhysX3Common_x86:PhysX3Common_x86.dll
 0001:00018e3f       __imp_load_??1Container@Gu@physx@@QAE@XZ 10019e3f f   PhysX3Common_x86:PhysX3Common_x86.dll
 0001:00018e49       ??1Container@Gu@physx@@QAE@XZ 10019e49 f   PhysX3Common_x86:PhysX3Common_x86.dll
 0001:00018e4f       __imp_load_?Empty@Container@Gu@physx@@QAEAAV123@XZ 10019e4f f   PhysX3Common_x86:PhysX3Common_x86.dll
 0001:00018e59       ?Empty@Container@Gu@physx@@QAEAAV123@XZ 10019e59 f   PhysX3Common_x86:PhysX3Common_x86.dll
 0001:00018e5f       __imp_load_?Contains@Container@Gu@physx@@QBE_NIPAI@Z 10019e5f f   PhysX3Common_x86:PhysX3Common_x86.dll
 0001:00018e69       ?Contains@Container@Gu@physx@@QBE_NIPAI@Z 10019e69 f   PhysX3Common_x86:PhysX3Common_x86.dll
 0001:00018e6f       __imp_load_??4Container@Gu@physx@@QAEXABV012@@Z 10019e6f f   PhysX3Common_x86:PhysX3Common_x86.dll
 0001:00018e79       ??4Container@Gu@physx@@QAEXABV012@@Z 10019e79 f   PhysX3Common_x86:PhysX3Common_x86.dll
 0001:00018e7f       __imp_load_?Resize@Container@Gu@physx@@AAE_NI@Z 10019e7f f   PhysX3Common_x86:PhysX3Common_x86.dll
 0001:00018e89       ?Resize@Container@Gu@physx@@AAE_NI@Z 10019e89 f   PhysX3Common_x86:PhysX3Common_x86.dll
 0001:00018e8f       __imp_load_??0ConvexMesh@Gu@physx@@QAE@XZ 10019e8f f   PhysX3Common_x86:PhysX3Common_x86.dll
 0001:00018e99       ??0ConvexMesh@Gu@physx@@QAE@XZ 10019e99 f   PhysX3Common_x86:PhysX3Common_x86.dll
 0001:00018e9f       __imp_load_??1ConvexMesh@Gu@physx@@UAE@XZ 10019e9f f   PhysX3Common_x86:PhysX3Common_x86.dll
 0001:00018ea9       ??1ConvexMesh@Gu@physx@@UAE@XZ 10019ea9 f   PhysX3Common_x86:PhysX3Common_x86.dll
 0001:00018eaf       __imp_load_??0BigConvexData@physx@@QAE@XZ 10019eaf f   PhysX3Common_x86:PhysX3Common_x86.dll
 0001:00018eb9       ??0BigConvexData@physx@@QAE@XZ 10019eb9 f   PhysX3Common_x86:PhysX3Common_x86.dll
 0001:00018ebf       __imp_load_??1BigConvexData@physx@@QAE@XZ 10019ebf f   PhysX3Common_x86:PhysX3Common_x86.dll
 0001:00018ec9       ??1BigConvexData@physx@@QAE@XZ 10019ec9 f   PhysX3Common_x86:PhysX3Common_x86.dll
 0001:00018ecf       __imp_load_?exportExtraData@ConvexMesh@Gu@physx@@UAEXAAVPxSerializationContext@3@@Z 10019ecf f   PhysX3Common_x86:PhysX3Common_x86.dll
 0001:00018ed9       ?exportExtraData@ConvexMesh@Gu@physx@@UAEXAAVPxSerializationContext@3@@Z 10019ed9 f   PhysX3Common_x86:PhysX3Common_x86.dll
 0001:00018edf       __imp_load_?getConcreteTypeName@PxConvexMesh@physx@@UBEPBDXZ 10019edf f   PhysX3Common_x86:PhysX3Common_x86.dll
 0001:00018ee9       ?getConcreteTypeName@PxConvexMesh@physx@@UBEPBDXZ 10019ee9 f   PhysX3Common_x86:PhysX3Common_x86.dll
 0001:00018eef       __imp_load_?getIndexBuffer@ConvexMesh@Gu@physx@@UBEPBEXZ 10019eef f   PhysX3Common_x86:PhysX3Common_x86.dll
 0001:00018ef9       ?getIndexBuffer@ConvexMesh@Gu@physx@@UBEPBEXZ 10019ef9 f   PhysX3Common_x86:PhysX3Common_x86.dll
 0001:00018eff       __imp_load_?getLocalBounds@ConvexMesh@Gu@physx@@UBE?AVPxBounds3@3@XZ 10019eff f   PhysX3Common_x86:PhysX3Common_x86.dll
 0001:00018f09       ?getLocalBounds@ConvexMesh@Gu@physx@@UBE?AVPxBounds3@3@XZ 10019f09 f   PhysX3Common_x86:PhysX3Common_x86.dll
 0001:00018f0f       __imp_load_?getMassInformation@ConvexMesh@Gu@physx@@UBEXAAMAAVPxMat33@3@AAVPxVec3@3@@Z 10019f0f f   PhysX3Common_x86:PhysX3Common_x86.dll
 0001:00018f19       ?getMassInformation@ConvexMesh@Gu@physx@@UBEXAAMAAVPxMat33@3@AAVPxVec3@3@@Z 10019f19 f   PhysX3Common_x86:PhysX3Common_x86.dll
 0001:00018f1f       __imp_load_?getNbPolygons@ConvexMesh@Gu@physx@@UBEIXZ 10019f1f f   PhysX3Common_x86:PhysX3Common_x86.dll
 0001:00018f29       ?getNbPolygons@ConvexMesh@Gu@physx@@UBEIXZ 10019f29 f   PhysX3Common_x86:PhysX3Common_x86.dll
 0001:00018f2f       __imp_load_?getNbVertices@ConvexMesh@Gu@physx@@UBEIXZ 10019f2f f   PhysX3Common_x86:PhysX3Common_x86.dll
 0001:00018f39       ?getNbVertices@ConvexMesh@Gu@physx@@UBEIXZ 10019f39 f   PhysX3Common_x86:PhysX3Common_x86.dll
 0001:00018f3f       __imp_load_?getPolygonData@ConvexMesh@Gu@physx@@UBE_NIAAUPxHullPolygon@3@@Z 10019f3f f   PhysX3Common_x86:PhysX3Common_x86.dll
 0001:00018f49       ?getPolygonData@ConvexMesh@Gu@physx@@UBE_NIAAUPxHullPolygon@3@@Z 10019f49 f   PhysX3Common_x86:PhysX3Common_x86.dll
 0001:00018f4f       __imp_load_?getReferenceCount@ConvexMesh@Gu@physx@@UBEIXZ 10019f4f f   PhysX3Common_x86:PhysX3Common_x86.dll
 0001:00018f59       ?getReferenceCount@ConvexMesh@Gu@physx@@UBEIXZ 10019f59 f   PhysX3Common_x86:PhysX3Common_x86.dll
 0001:00018f5f       __imp_load_?getVertices@ConvexMesh@Gu@physx@@UBEPBVPxVec3@3@XZ 10019f5f f   PhysX3Common_x86:PhysX3Common_x86.dll
 0001:00018f69       ?getVertices@ConvexMesh@Gu@physx@@UBEPBVPxVec3@3@XZ 10019f69 f   PhysX3Common_x86:PhysX3Common_x86.dll
 0001:00018f6f       __imp_load_?isKindOf@PxConvexMesh@physx@@MBE_NPBD@Z 10019f6f f   PhysX3Common_x86:PhysX3Common_x86.dll
 0001:00018f79       ?isKindOf@PxConvexMesh@physx@@MBE_NPBD@Z 10019f79 f   PhysX3Common_x86:PhysX3Common_x86.dll
 0001:00018f7f       __imp_load_?onRefCountZero@ConvexMesh@Gu@physx@@UAEXXZ 10019f7f f   PhysX3Common_x86:PhysX3Common_x86.dll
 0001:00018f89       ?onRefCountZero@ConvexMesh@Gu@physx@@UAEXXZ 10019f89 f   PhysX3Common_x86:PhysX3Common_x86.dll
 0001:00018f8f       __imp_load_?release@ConvexMesh@Gu@physx@@UAEXXZ 10019f8f f   PhysX3Common_x86:PhysX3Common_x86.dll
 0001:00018f99       ?release@ConvexMesh@Gu@physx@@UAEXXZ 10019f99 f   PhysX3Common_x86:PhysX3Common_x86.dll
 0001:00018f9f       __imp_load_?readDword@physx@@YAI_NAAVPxInputStream@1@@Z 10019f9f f   PhysX3Common_x86:PhysX3Common_x86.dll
 0001:00018fa9       ?readDword@physx@@YAI_NAAVPxInputStream@1@@Z 10019fa9 f   PhysX3Common_x86:PhysX3Common_x86.dll
 0001:00018faf       __imp_load_?ReadHeader@Gu@physx@@YA_NEEEEAAIAA_NAAVPxInputStream@2@@Z 10019faf f   PhysX3Common_x86:PhysX3Common_x86.dll
 0001:00018fb9       ?ReadHeader@Gu@physx@@YA_NEEEEAAIAA_NAAVPxInputStream@2@@Z 10019fb9 f   PhysX3Common_x86:PhysX3Common_x86.dll
 0001:00018fbf       __imp_load_??0FPUGuard@shdfnd@physx@@QAE@XZ 10019fbf f   PhysX3Common_x86:PhysX3Common_x86.dll
 0001:00018fc9       ??0FPUGuard@shdfnd@physx@@QAE@XZ 10019fc9 f   PhysX3Common_x86:PhysX3Common_x86.dll
 0001:00018fcf       __imp_load_??1FPUGuard@shdfnd@physx@@QAE@XZ 10019fcf f   PhysX3Common_x86:PhysX3Common_x86.dll
 0001:00018fd9       ??1FPUGuard@shdfnd@physx@@QAE@XZ 10019fd9 f   PhysX3Common_x86:PhysX3Common_x86.dll
 0001:00018fdf       __imp_load_?incRefCount@Foundation@shdfnd@physx@@SAXXZ 10019fdf f   PhysX3Common_x86:PhysX3Common_x86.dll
 0001:00018fe9       ?incRefCount@Foundation@shdfnd@physx@@SAXXZ 10019fe9 f   PhysX3Common_x86:PhysX3Common_x86.dll
 0001:00018fef       __imp_load_?decRefCount@Foundation@shdfnd@physx@@SAXXZ 10019fef f   PhysX3Common_x86:PhysX3Common_x86.dll
 0001:00018ff9       ?decRefCount@Foundation@shdfnd@physx@@SAXXZ 10019ff9 f   PhysX3Common_x86:PhysX3Common_x86.dll
 0001:00018fff       __imp_load_??0TriangleMesh@Gu@physx@@QAE@XZ 10019fff f   PhysX3Common_x86:PhysX3Common_x86.dll
 0001:00019009       ??0TriangleMesh@Gu@physx@@QAE@XZ 1001a009 f   PhysX3Common_x86:PhysX3Common_x86.dll
 0001:0001900f       __imp_load_?checkMeshIndicesSize@TriangleMesh@Gu@physx@@QAEXXZ 1001a00f f   PhysX3Common_x86:PhysX3Common_x86.dll
 0001:00019019       ?checkMeshIndicesSize@TriangleMesh@Gu@physx@@QAEXXZ 1001a019 f   PhysX3Common_x86:PhysX3Common_x86.dll
 0001:0001901f       __imp_load_??1TriangleMesh@Gu@physx@@UAE@XZ 1001a01f f   PhysX3Common_x86:PhysX3Common_x86.dll
 0001:00019029       ??1TriangleMesh@Gu@physx@@UAE@XZ 1001a029 f   PhysX3Common_x86:PhysX3Common_x86.dll
 0001:0001902f       __imp_load_??0HeightField@Gu@physx@@QAE@PAVGuMeshFactory@2@@Z 1001a02f f   PhysX3Common_x86:PhysX3Common_x86.dll
 0001:00019039       ??0HeightField@Gu@physx@@QAE@PAVGuMeshFactory@2@@Z 1001a039 f   PhysX3Common_x86:PhysX3Common_x86.dll
 0001:0001903f       __imp_load_?loadFromDesc@HeightField@Gu@physx@@QAE_NABVPxHeightFieldDesc@3@_N@Z 1001a03f f   PhysX3Common_x86:PhysX3Common_x86.dll
 0001:00019049       ?loadFromDesc@HeightField@Gu@physx@@QAE_NABVPxHeightFieldDesc@3@_N@Z 1001a049 f   PhysX3Common_x86:PhysX3Common_x86.dll
 0001:0001904f       __imp_load_?releaseMemory@HeightField@Gu@physx@@QAEX_N@Z 1001a04f f   PhysX3Common_x86:PhysX3Common_x86.dll
 0001:00019059       ?releaseMemory@HeightField@Gu@physx@@QAEX_N@Z 1001a059 f   PhysX3Common_x86:PhysX3Common_x86.dll
 0001:0001905f       __imp_load_?exportExtraData@TriangleMesh@Gu@physx@@UAEXAAVPxSerializationContext@3@@Z 1001a05f f   PhysX3Common_x86:PhysX3Common_x86.dll
 0001:00019069       ?exportExtraData@TriangleMesh@Gu@physx@@UAEXAAVPxSerializationContext@3@@Z 1001a069 f   PhysX3Common_x86:PhysX3Common_x86.dll
 0001:0001906f       __imp_load_?getConcreteTypeName@PxTriangleMesh@physx@@UBEPBDXZ 1001a06f f   PhysX3Common_x86:PhysX3Common_x86.dll
 0001:00019079       ?getConcreteTypeName@PxTriangleMesh@physx@@UBEPBDXZ 1001a079 f   PhysX3Common_x86:PhysX3Common_x86.dll
 0001:0001907f       __imp_load_?getLocalBounds@TriangleMesh@Gu@physx@@UBE?AVPxBounds3@3@XZ 1001a07f f   PhysX3Common_x86:PhysX3Common_x86.dll
 0001:00019089       ?getLocalBounds@TriangleMesh@Gu@physx@@UBE?AVPxBounds3@3@XZ 1001a089 f   PhysX3Common_x86:PhysX3Common_x86.dll
 0001:0001908f       __imp_load_?getNbTriangles@TriangleMesh@Gu@physx@@UBEIXZ 1001a08f f   PhysX3Common_x86:PhysX3Common_x86.dll
 0001:00019099       ?getNbTriangles@TriangleMesh@Gu@physx@@UBEIXZ 1001a099 f   PhysX3Common_x86:PhysX3Common_x86.dll
 0001:0001909f       __imp_load_?getNbVertices@TriangleMesh@Gu@physx@@UBEIXZ 1001a09f f   PhysX3Common_x86:PhysX3Common_x86.dll
 0001:000190a9       ?getNbVertices@TriangleMesh@Gu@physx@@UBEIXZ 1001a0a9 f   PhysX3Common_x86:PhysX3Common_x86.dll
 0001:000190af       __imp_load_?getReferenceCount@TriangleMesh@Gu@physx@@UBEIXZ 1001a0af f   PhysX3Common_x86:PhysX3Common_x86.dll
 0001:000190b9       ?getReferenceCount@TriangleMesh@Gu@physx@@UBEIXZ 1001a0b9 f   PhysX3Common_x86:PhysX3Common_x86.dll
 0001:000190bf       __imp_load_?getTriangleMaterialIndex@TriangleMesh@Gu@physx@@UBEGI@Z 1001a0bf f   PhysX3Common_x86:PhysX3Common_x86.dll
 0001:000190c9       ?getTriangleMaterialIndex@TriangleMesh@Gu@physx@@UBEGI@Z 1001a0c9 f   PhysX3Common_x86:PhysX3Common_x86.dll
 0001:000190cf       __imp_load_?getTriangleMeshFlags@TriangleMesh@Gu@physx@@UBE?AV?$PxFlags@W4Enum@PxTriangleMeshFlag@physx@@E@3@XZ 1001a0cf f   PhysX3Common_x86:PhysX3Common_x86.dll
 0001:000190d9       ?getTriangleMeshFlags@TriangleMesh@Gu@physx@@UBE?AV?$PxFlags@W4Enum@PxTriangleMeshFlag@physx@@E@3@XZ 1001a0d9 f   PhysX3Common_x86:PhysX3Common_x86.dll
 0001:000190df       __imp_load_?getTriangles@TriangleMesh@Gu@physx@@UBEPBXXZ 1001a0df f   PhysX3Common_x86:PhysX3Common_x86.dll
 0001:000190e9       ?getTriangles@TriangleMesh@Gu@physx@@UBEPBXXZ 1001a0e9 f   PhysX3Common_x86:PhysX3Common_x86.dll
 0001:000190ef       __imp_load_?getTrianglesRemap@TriangleMesh@Gu@physx@@UBEPBIXZ 1001a0ef f   PhysX3Common_x86:PhysX3Common_x86.dll
 0001:000190f9       ?getTrianglesRemap@TriangleMesh@Gu@physx@@UBEPBIXZ 1001a0f9 f   PhysX3Common_x86:PhysX3Common_x86.dll
 0001:000190ff       __imp_load_?getVertices@TriangleMesh@Gu@physx@@UBEPBVPxVec3@3@XZ 1001a0ff f   PhysX3Common_x86:PhysX3Common_x86.dll
 0001:00019109       ?getVertices@TriangleMesh@Gu@physx@@UBEPBVPxVec3@3@XZ 1001a109 f   PhysX3Common_x86:PhysX3Common_x86.dll
 0001:0001910f       __imp_load_?isKindOf@PxTriangleMesh@physx@@MBE_NPBD@Z 1001a10f f   PhysX3Common_x86:PhysX3Common_x86.dll
 0001:00019119       ?isKindOf@PxTriangleMesh@physx@@MBE_NPBD@Z 1001a119 f   PhysX3Common_x86:PhysX3Common_x86.dll
 0001:0001911f       __imp_load_?onRefCountZero@TriangleMesh@Gu@physx@@UAEXXZ 1001a11f f   PhysX3Common_x86:PhysX3Common_x86.dll
 0001:00019129       ?onRefCountZero@TriangleMesh@Gu@physx@@UAEXXZ 1001a129 f   PhysX3Common_x86:PhysX3Common_x86.dll
 0001:0001912f       __imp_load_?release@TriangleMesh@Gu@physx@@UAEXXZ 1001a12f f   PhysX3Common_x86:PhysX3Common_x86.dll
 0001:00019139       ?release@TriangleMesh@Gu@physx@@UAEXXZ 1001a139 f   PhysX3Common_x86:PhysX3Common_x86.dll
 0001:0001913f       __imp_load_?setupMeshInterface@InternalTriangleMesh@physx@@QAEXXZ 1001a13f f   PhysX3Common_x86:PhysX3Common_x86.dll
 0001:00019149       ?setupMeshInterface@InternalTriangleMesh@physx@@QAEXXZ 1001a149 f   PhysX3Common_x86:PhysX3Common_x86.dll
 0001:0001914f       ??$PFromRva@PAP6GHXZ@@YGPAP6GHXZK@Z 1001a14f f i delayimp:delayhlp.obj
 0001:00019161       ??$PFromRva@PAPAUHINSTANCE__@@@@YGPAPAUHINSTANCE__@@K@Z 1001a161 f i delayimp:delayhlp.obj
 0001:00019173       ??$PFromRva@PAU_IMAGE_IMPORT_BY_NAME@@@@YGPAU_IMAGE_IMPORT_BY_NAME@@K@Z 1001a173 f i delayimp:delayhlp.obj
 0001:00019185       ??$PFromRva@PAU_IMAGE_THUNK_DATA32@@@@YGPAU_IMAGE_THUNK_DATA32@@K@Z 1001a185 f i delayimp:delayhlp.obj
 0001:00019197       ??$PFromRva@PBD@@YGPBDK@Z  1001a197 f i delayimp:delayhlp.obj
 0001:000191a9       ??$PFromRva@PBUImgDelayDescr@@@@YGPBUImgDelayDescr@@K@Z 1001a1a9 f i delayimp:delayhlp.obj
 0001:000191bb       ??$PFromRva@PBU_IMAGE_THUNK_DATA32@@@@YGPBU_IMAGE_THUNK_DATA32@@K@Z 1001a1bb f i delayimp:delayhlp.obj
 0001:000191cd       ?CountOfImports@@YGIPBU_IMAGE_THUNK_DATA32@@@Z 1001a1cd f i delayimp:delayhlp.obj
 0001:000191e8       ?DloadAcquireSectionWriteAccess@@YGXXZ 1001a1e8 f i delayimp:delayhlp.obj
 0001:0001921b       ?DloadGetSRWLockFunctionPointers@@YGEXZ 1001a21b f i delayimp:delayhlp.obj
 0001:00019296       ?DloadLock@@YGXXZ          1001a296 f i delayimp:delayhlp.obj
 0001:000192f3       ?DloadMakePermanentImageCommit@@YGXPAXK@Z 1001a2f3 f i delayimp:delayhlp.obj
 0001:00019365       ?DloadObtainSection@@YGPAXPAK0@Z 1001a365 f i delayimp:delayhlp.obj
 0001:000193e8       ?DloadProtectSection@@YGXKPAK@Z 1001a3e8 f i delayimp:delayhlp.obj
 0001:00019458       ?DloadReleaseSectionWriteAccess@@YGXXZ 1001a458 f i delayimp:delayhlp.obj
 0001:00019490       ?DloadUnlock@@YGXXZ        1001a490 f i delayimp:delayhlp.obj
 0001:000194f1       ?IndexFromPImgThunkData@@YGIPBU_IMAGE_THUNK_DATA32@@0@Z 1001a4f1 f i delayimp:delayhlp.obj
 0001:00019653       _HRESULT_FROM_WIN32@4      1001a653 f i delayimp:delayhlp.obj
 0001:0001966b       _ReadAcquire@4             1001a66b f i delayimp:delayhlp.obj
 0001:00019679       _ReadPointerAcquire@4      1001a679 f i delayimp:delayhlp.obj
 0001:00019687       _WritePointerRelease@8     1001a687 f i delayimp:delayhlp.obj
 0001:00019698       _WriteRelease@8            1001a698 f i delayimp:delayhlp.obj
 0001:000196a9       __InlineInterlockedCompareExchangePointer@12 1001a6a9 f i delayimp:delayhlp.obj
 0001:000196bf       ___FUnloadDelayLoadedDLL2@4 1001a6bf f   delayimp:delayhlp.obj
 0001:00019745       ___HrLoadAllImportsForDll@4 1001a745 f   delayimp:delayhlp.obj
 0001:000197a8       ___delayLoadHelper2@8      1001a7a8 f   delayimp:delayhlp.obj
 0001:00019a2d       ??_U@YAPAXI@Z              1001aa2d f   LIBCMT:new_array.obj
 0001:00019a36       ??_V@YAXPAX@Z              1001aa36 f   LIBCMT:delete_array.obj
 0001:00019a40       __alloca_probe_16          1001aa40 f   LIBCMT:alloca16.obj
 0001:00019a56       __alloca_probe_8           1001aa56     LIBCMT:alloca16.obj
 0001:00019a70       __ftoui3                   1001aa70 f   LIBCMT:_ftol3_.obj
 0001:00019a7f       __ftoul3                   1001aa7f f   LIBCMT:_ftol3_.obj
 0001:00019a8e       __ftol3                    1001aa8e f   LIBCMT:_ftol3_.obj
 0001:00019a9b       __ftol3_NaN                1001aa9b f   LIBCMT:_ftol3_.obj
 0001:00019ab3       __ftol3_work               1001aab3 f   LIBCMT:_ftol3_.obj
 0001:00019b39       __ftol3_common             1001ab39 f   LIBCMT:_ftol3_.obj
 0001:00019bfb       __ftol3_arg_error          1001abfb f   LIBCMT:_ftol3_.obj
 0001:00019c0d       __ftol3_except             1001ac0d f   LIBCMT:_ftol3_.obj
 0001:00019c51       __dtoui3                   1001ac51 f   LIBCMT:_ftol3_.obj
 0001:00019c60       __dtoul3                   1001ac60 f   LIBCMT:_ftol3_.obj
 0001:00019c6f       __dtol3                    1001ac6f f   LIBCMT:_ftol3_.obj
 0001:00019c7c       __dtol3_NaN                1001ac7c f   LIBCMT:_ftol3_.obj
 0001:00019c99       __dtol3_work               1001ac99 f   LIBCMT:_ftol3_.obj
 0001:00019d80       __ultod3                   1001ad80 f   LIBCMT:_ftol3_.obj
 0001:00019dc0       __ltod3                    1001adc0 f   LIBCMT:_ftol3_.obj
 0001:00019de7       ?__scrt_initialize_type_info@@YAXXZ 1001ade7 f   LIBCMT:tncleanup.obj
 0001:00019df3       ?__scrt_uninitialize_type_info@@YAXXZ 1001adf3 f   LIBCMT:tncleanup.obj
 0001:00019dff       ??1type_info@@UAE@XZ       1001adff f   LIBCMT:std_type_info_static.obj
 0001:00019e06       ??_Gtype_info@@UAEPAXI@Z   1001ae06 f i LIBCMT:std_type_info_static.obj
 0001:00019e06       ??_Etype_info@@UAEPAXI@Z   1001ae06 f i LIBCMT:std_type_info_static.obj
 0001:00019e29       ??3@YAXPAXI@Z              1001ae29 f   LIBCMT:delete_scalar_size.obj
 0001:00019e40       __alloca_probe             1001ae40 f   LIBCMT:chkstk.obj
 0001:00019e40       __chkstk                   1001ae40 f   LIBCMT:chkstk.obj
 0001:0001a183       __CRT_INIT@12              1001b183 f   LIBCMT:dll_dllmain.obj
 0001:0001a18c       __DllMainCRTStartup@12     1001b18c f   LIBCMT:dll_dllmain.obj
 0001:0001a1af       @__security_check_cookie@4 1001b1af f   LIBCMT:_secchk_.obj
 0001:0001a1c0       @_guard_check_icall_nop@4  1001b1c0 f i LIBCMT:guard_support.obj
 0001:0001a1c1       __guard_icall_checks_enforced 1001b1c1 f i LIBCMT:guard_support.obj
 0001:0001a1d3       ??2@YAPAXI@Z               1001b1d3 f   LIBCMT:new_scalar.obj
 0001:0001a206       ??3@YAXPAX@Z               1001b206 f   LIBCMT:delete_scalar.obj
 0001:0001a20b       ??$__crt_fast_decode_pointer@PAP6AXXZ@@YAPAP6AXXZQAP6AXXZ@Z 1001b20b f i LIBCMT:utility.obj
 0001:0001a21f       ??$__crt_fast_encode_pointer@PAP6AXXZ@@YAPAP6AXXZQAP6AXXZ@Z 1001b21f f i LIBCMT:utility.obj
 0001:0001a23c       ?__crt_rotate_pointer_value@@YAIIH@Z 1001b23c f i LIBCMT:utility.obj
 0001:0001a2c0       _NtCurrentTeb              1001b2c0 f i LIBCMT:utility.obj
 0001:0001a2c7       ___scrt_acquire_startup_lock 1001b2c7 f   LIBCMT:utility.obj
 0001:0001a2fc       ___scrt_dllmain_after_initialize_c 1001b2fc f   LIBCMT:utility.obj
 0001:0001a314       ___scrt_dllmain_before_initialize_c 1001b314 f   LIBCMT:utility.obj
 0001:0001a322       ___scrt_dllmain_crt_thread_attach 1001b322 f   LIBCMT:utility.obj
 0001:0001a341       ___scrt_dllmain_crt_thread_detach 1001b341 f   LIBCMT:utility.obj
 0001:0001a34e       ___scrt_dllmain_exception_filter 1001b34e f   LIBCMT:utility.obj
 0001:0001a381       ___scrt_dllmain_uninitialize_c 1001b381 f   LIBCMT:utility.obj
 0001:0001a3a4       ___scrt_dllmain_uninitialize_critical 1001b3a4 f   LIBCMT:utility.obj
 0001:0001a3b1       ___scrt_initialize_crt     1001b3b1 f   LIBCMT:utility.obj
 0001:0001a3ea       ___scrt_initialize_onexit_tables 1001b3ea f   LIBCMT:utility.obj
 0001:0001a481       ___scrt_is_nonwritable_in_current_image 1001b481 f   LIBCMT:utility.obj
 0001:0001a50e       ___scrt_release_startup_lock 1001b50e f   LIBCMT:utility.obj
 0001:0001a52b       ___scrt_uninitialize_crt   1001b52b f   LIBCMT:utility.obj
 0001:0001a553       __onexit                   1001b553 f   LIBCMT:utility.obj
 0001:0001a58e       _at_quick_exit             1001b58e f   LIBCMT:utility.obj
 0001:0001a5bf       _atexit                    1001b5bf f   LIBCMT:utility.obj
 0001:0001a5d4       ___security_init_cookie    1001b5d4 f   LIBCMT:gs_support.obj
 0001:0001a670       _DllMain@12                1001b670 f   LIBCMT:dll_dllmain_stub.obj
 0001:0001a676       ___local_stdio_scanf_options 1001b676 f i LIBCMT:default_local_stdio_options.obj
 0001:0001a67c       ___scrt_initialize_default_local_stdio_options 1001b67c f   LIBCMT:default_local_stdio_options.obj
 0001:0001a699       ___scrt_get_dyn_tls_init_callback 1001b699 f   LIBCMT:dyn_tls_init.obj
 0001:0001a69f       ___scrt_fastfail           1001b69f f   LIBCMT:utility_desktop.obj
 0001:0001a7ba       ___scrt_get_show_window_mode 1001b7ba f   LIBCMT:utility_desktop.obj
 0001:0001a7ed       ___scrt_initialize_winrt   1001b7ed f   LIBCMT:utility_desktop.obj
 0001:0001a7f0       ___scrt_is_managed_app     1001b7f0 f   LIBCMT:utility_desktop.obj
 0001:0001a834       ___scrt_set_unhandled_exception_filter 1001b834 f   LIBCMT:utility_desktop.obj
 0001:0001a840       ___scrt_unhandled_exception_filter@4 1001b840 f   LIBCMT:utility_desktop.obj
 0001:0001a881       __crt_debugger_hook        1001b881 f   LIBCMT:utility_desktop.obj
 0001:0001a889       __RTC_Initialize           1001b889 f   LIBCMT:_initsect_.obj
 0001:0001a8b4       __RTC_Terminate            1001b8b4 f   LIBCMT:_initsect_.obj
 0001:0001a8df       @_guard_check_icall@4      1001b8df f i LIBCMT:checkcfg.obj
 0001:0001a8f0       __SEH_prolog4              1001b8f0 f   LIBCMT:_sehprolg4_.obj
 0001:0001a936       __SEH_epilog4              1001b936 f   LIBCMT:_sehprolg4_.obj
 0001:0001a94b       ___raise_securityfailure   1001b94b f   LIBCMT:gs_report.obj
 0001:0001a973       ___report_gsfailure        1001b973 f   LIBCMT:gs_report.obj
 0001:0001aa6e       ___report_rangecheckfailure 1001ba6e f   LIBCMT:gs_report.obj
 0001:0001aa7a       ___report_securityfailure  1001ba7a f   LIBCMT:gs_report.obj
 0001:0001ab4a       ___report_securityfailureEx 1001bb4a f   LIBCMT:gs_report.obj
 0001:0001ac60       ??0bad_alloc@std@@AAE@QBD@Z 1001bc60 f i LIBCMT:throw_bad_alloc.obj
 0001:0001ac7d       ??0bad_alloc@std@@QAE@ABV01@@Z 1001bc7d f i LIBCMT:throw_bad_alloc.obj
 0001:0001ac9e       ??0bad_alloc@std@@QAE@XZ   1001bc9e f i LIBCMT:throw_bad_alloc.obj
 0001:0001acb6       ??0bad_array_new_length@std@@QAE@ABV01@@Z 1001bcb6 f i LIBCMT:throw_bad_alloc.obj
 0001:0001acd7       ??0bad_array_new_length@std@@QAE@XZ 1001bcd7 f i LIBCMT:throw_bad_alloc.obj
 0001:0001acef       ??0exception@std@@QAE@ABV01@@Z 1001bcef f i LIBCMT:throw_bad_alloc.obj
 0001:0001ad1b       ??0exception@std@@QAE@QBDH@Z 1001bd1b f i LIBCMT:throw_bad_alloc.obj
 0001:0001ad38       ??1bad_alloc@std@@UAE@XZ   1001bd38 f i LIBCMT:throw_bad_alloc.obj
 0001:0001ad49       ??1bad_array_new_length@std@@UAE@XZ 1001bd49 f i LIBCMT:throw_bad_alloc.obj
 0001:0001ad5a       ??1exception@std@@UAE@XZ   1001bd5a f i LIBCMT:throw_bad_alloc.obj
 0001:0001ad6b       ??_Ebad_alloc@std@@UAEPAXI@Z 1001bd6b f i LIBCMT:throw_bad_alloc.obj
 0001:0001ad6b       ??_Gbad_alloc@std@@UAEPAXI@Z 1001bd6b f i LIBCMT:throw_bad_alloc.obj
 0001:0001ad98       ??_Ebad_array_new_length@std@@UAEPAXI@Z 1001bd98 f i LIBCMT:throw_bad_alloc.obj
 0001:0001ad98       ??_Gbad_array_new_length@std@@UAEPAXI@Z 1001bd98 f i LIBCMT:throw_bad_alloc.obj
 0001:0001adc5       ??_Gexception@std@@UAEPAXI@Z 1001bdc5 f i LIBCMT:throw_bad_alloc.obj
 0001:0001adc5       ??_Eexception@std@@UAEPAXI@Z 1001bdc5 f i LIBCMT:throw_bad_alloc.obj
 0001:0001adf2       ?__scrt_throw_std_bad_alloc@@YAXXZ 1001bdf2 f   LIBCMT:throw_bad_alloc.obj
 0001:0001ae0f       ?__scrt_throw_std_bad_array_new_length@@YAXXZ 1001be0f f   LIBCMT:throw_bad_alloc.obj
 0001:0001ae2c       ?what@exception@std@@UBEPBDXZ 1001be2c f i LIBCMT:throw_bad_alloc.obj
 0001:0001ae39       ___isa_available_init      1001be39 f   LIBCMT:_cpu_disp_.obj
 0001:0001afda       ___scrt_is_ucrt_dll_in_use 1001bfda f   LIBCMT:ucrt_detection.obj
 0001:0001b000       _strstr                    1001c000 f   libvcruntime:strstr.obj
 0001:0001b270       _memset                    1001c270 f   libvcruntime:memset.obj
 0001:0001b3d8       ??$?RD@__crt_internal_free_policy@@QBEXQBD@Z 1001c3d8 f i libvcruntime:std_type_info.obj
 0001:0001b3e8       ??$?RX@__crt_internal_free_policy@@QBEXQBX@Z 1001c3e8 f i libvcruntime:std_type_info.obj
 0001:0001b3f8       ??$__crt_interlocked_compare_exchange_pointer@$$CBD$$T$$T@@YAPBDPDSBD$$T1@Z 1001c3f8 f i libvcruntime:std_type_info.obj
 0001:0001b40a       ??$__crt_interlocked_compare_exchange_pointer@$$CBDPAD$$T@@YAPBDPDSBDQAD$$T@Z 1001c40a f i libvcruntime:std_type_info.obj
 0001:0001b41c       ??$__crt_interlocked_read_pointer@$$CBD@@YAPBDPDSBD@Z 1001c41c f i libvcruntime:std_type_info.obj
 0001:0001b42c       ??0?$__crt_unique_heap_ptr@DU__crt_internal_free_policy@@@@QAE@QAD@Z 1001c42c f i libvcruntime:std_type_info.obj
 0001:0001b43a       ??0?$__crt_unique_heap_ptr@XU__crt_internal_free_policy@@@@QAE@QAX@Z 1001c43a f i libvcruntime:std_type_info.obj
 0001:0001b448       ??1?$__crt_unique_heap_ptr@DU__crt_internal_free_policy@@@@QAE@XZ 1001c448 f i libvcruntime:std_type_info.obj
 0001:0001b458       ??1?$__crt_unique_heap_ptr@XU__crt_internal_free_policy@@@@QAE@XZ 1001c458 f i libvcruntime:std_type_info.obj
 0001:0001b474       ??B?$__crt_unique_heap_ptr@DU__crt_internal_free_policy@@@@QBE_NXZ 1001c474 f i libvcruntime:std_type_info.obj
 0001:0001b47c       ??B?$__crt_unique_heap_ptr@XU__crt_internal_free_policy@@@@QBE_NXZ 1001c47c f i libvcruntime:std_type_info.obj
 0001:0001b4a4       ?detach@?$__crt_unique_heap_ptr@XU__crt_internal_free_policy@@@@QAEPAXXZ 1001c4a4 f i libvcruntime:std_type_info.obj
 0001:0001b4aa       ?get@?$__crt_unique_heap_ptr@DU__crt_internal_free_policy@@@@QBEPADXZ 1001c4aa f i libvcruntime:std_type_info.obj
 0001:0001b4ad       ?get@?$__crt_unique_heap_ptr@XU__crt_internal_free_policy@@@@QBEPAXXZ 1001c4ad f i libvcruntime:std_type_info.obj
 0001:0001b4b0       ?is_valid@?$__crt_unique_heap_ptr@DU__crt_internal_free_policy@@@@QBE_NXZ 1001c4b0 f i libvcruntime:std_type_info.obj
 0001:0001b4b8       ?is_valid@?$__crt_unique_heap_ptr@XU__crt_internal_free_policy@@@@QBE_NXZ 1001c4b8 f i libvcruntime:std_type_info.obj
 0001:0001b4c0       ?release@?$__crt_unique_heap_ptr@DU__crt_internal_free_policy@@@@QAEXXZ 1001c4c0 f i libvcruntime:std_type_info.obj
 0001:0001b4d0       ?release@?$__crt_unique_heap_ptr@XU__crt_internal_free_policy@@@@QAEXXZ 1001c4d0 f i libvcruntime:std_type_info.obj
 0001:0001b4e0       ___std_type_info_compare   1001c4e0 f   libvcruntime:std_type_info.obj
 0001:0001b51c       ___std_type_info_destroy_list 1001c51c f   libvcruntime:std_type_info.obj
 0001:0001b53f       ___std_type_info_hash      1001c53f f   libvcruntime:std_type_info.obj
 0001:0001b565       ___std_type_info_name      1001c565 f   libvcruntime:std_type_info.obj
 0001:0001b630       _memcpy                    1001c630 f   libvcruntime:memcpy.obj
 0001:0001bba4       ??$__crt_fast_decode_pointer@P6AXXZ@@YAP6AXXZQ6AXXZ@Z 1001cba4 f i libvcruntime:purevirt.obj
 0001:0001bbb8       ??$__crt_fast_encode_pointer@P6AXXZ@@YAP6AXXZQ6AXXZ@Z 1001cbb8 f i libvcruntime:purevirt.obj
 0001:0001bbd5       ??$__crt_interlocked_compare_exchange_pointer@$$A6AXXZ$$T$$T@@YAP6AXXZPDS6AXXZ$$T1@Z 1001cbd5 f i libvcruntime:purevirt.obj
 0001:0001bbe7       ??$__crt_interlocked_exchange_pointer@$$A6AXXZP6AXXZ@@YAP6AXXZPDS6AXXZQ6AXXZ@Z 1001cbe7 f i libvcruntime:purevirt.obj
 0001:0001bbf4       ??$__crt_interlocked_read_pointer@$$A6AXXZ@@YAP6AXXZPDS6AXXZ@Z 1001cbf4 f i libvcruntime:purevirt.obj
 0001:0001bc04       __get_purecall_handler     1001cc04 f   libvcruntime:purevirt.obj
 0001:0001bc23       __purecall                 1001cc23 f   libvcruntime:purevirt.obj
 0001:0001bc3e       __set_purecall_handler     1001cc3e f   libvcruntime:purevirt.obj
 0001:0001bc9e       _EventDataDescCreate       1001cc9e f i libvcruntime:telemetry.obj
 0001:0001bcb9       _HRESULT_FROM_WIN32        1001ccb9 f i libvcruntime:telemetry.obj
 0001:0001bccd       ___telemetry_main_invoke_trigger 1001cccd f   libvcruntime:telemetry.obj
 0001:0001bd69       ___telemetry_main_return_trigger 1001cd69 f   libvcruntime:telemetry.obj
 0001:0001be05       ___vcrt_initialize_telemetry_provider 1001ce05 f   libvcruntime:telemetry.obj
 0001:0001be18       ___vcrt_uninitialize_telemetry_provider 1001ce18 f   libvcruntime:telemetry.obj
 0001:0001be70       __except_handler4          1001ce70 f   libvcruntime:_chandler4_.obj
 0001:0001bfca       ___vcrt_initialize         1001cfca f   libvcruntime:initialization.obj
 0001:0001bff8       ___vcrt_thread_attach      1001cff8 f   libvcruntime:initialization.obj
 0001:0001c003       ___vcrt_thread_detach      1001d003 f   libvcruntime:initialization.obj
 0001:0001c00e       ___vcrt_uninitialize       1001d00e f   libvcruntime:initialization.obj
 0001:0001c032       ___vcrt_uninitialize_critical 1001d032 f   libvcruntime:initialization.obj
 0001:0001c03b       ??$?RD@__crt_public_free_policy@@QBEXQBD@Z 1001d03b f i libvcruntime:std_exception.obj
 0001:0001c04b       ??0?$__crt_unique_heap_ptr@DU__crt_public_free_policy@@@@QAE@QAD@Z 1001d04b f i libvcruntime:std_exception.obj
 0001:0001c059       ??1?$__crt_unique_heap_ptr@DU__crt_public_free_policy@@@@QAE@XZ 1001d059 f i libvcruntime:std_exception.obj
 0001:0001c069       ??B?$__crt_unique_heap_ptr@DU__crt_public_free_policy@@@@QBE_NXZ 1001d069 f i libvcruntime:std_exception.obj
 0001:0001c071       ?detach@?$__crt_unique_heap_ptr@DU__crt_public_free_policy@@@@QAEPADXZ 1001d071 f i libvcruntime:std_exception.obj
 0001:0001c077       ?get@?$__crt_unique_heap_ptr@DU__crt_public_free_policy@@@@QBEPADXZ 1001d077 f i libvcruntime:std_exception.obj
 0001:0001c07a       ?is_valid@?$__crt_unique_heap_ptr@DU__crt_public_free_policy@@@@QBE_NXZ 1001d07a f i libvcruntime:std_exception.obj
 0001:0001c082       ?release@?$__crt_unique_heap_ptr@DU__crt_public_free_policy@@@@QAEXXZ 1001d082 f i libvcruntime:std_exception.obj
 0001:0001c092       ___std_exception_copy      1001d092 f   libvcruntime:std_exception.obj
 0001:0001c0f5       ___std_exception_destroy   1001d0f5 f   libvcruntime:std_exception.obj
 0001:0001c114       __CxxThrowException@8      1001d114 f   libvcruntime:throw.obj
 0001:0001c190       _strchr                    1001d190 f   libvcruntime:strchr.obj
 0001:0001c1fe       ___from_strstr_to_strchr   1001d1fe     libvcruntime:strchr.obj
 0001:0001c2bb       ??0Block@_HeapManager@@QAE@XZ 1001d2bb f i libvcruntime:undname.obj
 0001:0001c2c1       ??0DName@@QAE@AAPBDD@Z     1001d2c1 f   libvcruntime:undname.obj
 0001:0001c37a       ??0DName@@QAE@ABV0@@Z      1001d37a f i libvcruntime:undname.obj
 0001:0001c390       ??0DName@@QAE@D@Z          1001d390 f   libvcruntime:undname.obj
 0001:0001c3bc       ??0DName@@QAE@PAV0@@Z      1001d3bc f   libvcruntime:undname.obj
 0001:0001c409       ??0DName@@QAE@PBD@Z        1001d409 f   libvcruntime:undname.obj
 0001:0001c443       ??0DName@@QAE@W4DNameStatus@@@Z 1001d443 f   libvcruntime:undname.obj
 0001:0001c486       ??0DName@@QAE@XZ           1001d486 f i libvcruntime:undname.obj
 0001:0001c497       ??0DName@@QAE@_J@Z         1001d497 f   libvcruntime:undname.obj
 0001:0001c52c       ??0DName@@QAE@_K@Z         1001d52c f   libvcruntime:undname.obj
 0001:0001c59b       ??0DNameNode@@IAE@XZ       1001d59b f   libvcruntime:undname.obj
 0001:0001c5a4       ??0DNameStatusNode@@AAE@W4DNameStatus@@@Z 1001d5a4 f   libvcruntime:undname.obj
 0001:0001c5c7       ??0Replicator@@QAE@XZ      1001d5c7 f i libvcruntime:undname.obj
 0001:0001c5cd       ??0UnDecorator@@QAE@PADPBDHP6APADJ@ZK@Z 1001d5cd f i libvcruntime:undname.obj
 0001:0001c636       ??0charNode@@QAE@D@Z       1001d636 f   libvcruntime:undname.obj
 0001:0001c64b       ??0pDNameNode@@QAE@PAVDName@@@Z 1001d64b f   libvcruntime:undname.obj
 0001:0001c673       ??0pairNode@@QAE@PAVDNameNode@@0@Z 1001d673 f   libvcruntime:undname.obj
 0001:0001c692       ??0pcharNode@@QAE@PBDH@Z   1001d692 f   libvcruntime:undname.obj
 0001:0001c6eb       ??2@YAPAXIAAV_HeapManager@@H@Z 1001d6eb f i libvcruntime:undname.obj
 0001:0001c700       ??4DName@@QAEAAV0@ABV0@@Z  1001d700 f   libvcruntime:undname.obj
 0001:0001c716       ??4DName@@QAEAAV0@D@Z      1001d716 f i libvcruntime:undname.obj
 0001:0001c742       ??4DName@@QAEAAV0@PAV0@@Z  1001d742 f   libvcruntime:undname.obj
 0001:0001c78b       ??4DName@@QAEAAV0@PBD@Z    1001d78b f   libvcruntime:undname.obj
 0001:0001c7bd       ??4DName@@QAEAAV0@W4DNameStatus@@@Z 1001d7bd f   libvcruntime:undname.obj
 0001:0001c7f2       ??AReplicator@@QBE?AVDName@@H@Z 1001d7f2 f   libvcruntime:undname.obj
 0001:0001c82e       ??BUnDecorator@@QAEPADXZ   1001d82e f i libvcruntime:undname.obj
 0001:0001c9a9       ??H@YA?AVDName@@DABV0@@Z   1001d9a9 f i libvcruntime:undname.obj
 0001:0001c9cd       ??H@YA?AVDName@@PBDABV0@@Z 1001d9cd f i libvcruntime:undname.obj
 0001:0001c9f1       ??H@YA?AVDName@@W4DNameStatus@@ABV0@@Z 1001d9f1 f i libvcruntime:undname.obj
 0001:0001ca15       ??HDName@@QBE?AV0@ABV0@@Z  1001da15 f   libvcruntime:undname.obj
 0001:0001ca37       ??HDName@@QBE?AV0@D@Z      1001da37 f   libvcruntime:undname.obj
 0001:0001ca59       ??HDName@@QBE?AV0@PAV0@@Z  1001da59 f   libvcruntime:undname.obj
 0001:0001ca7b       ??HDName@@QBE?AV0@PBD@Z    1001da7b f   libvcruntime:undname.obj
 0001:0001ca9d       ??HDName@@QBE?AV0@W4DNameStatus@@@Z 1001da9d f   libvcruntime:undname.obj
 0001:0001cabf       ??YDName@@QAEAAV0@ABV0@@Z  1001dabf f   libvcruntime:undname.obj
 0001:0001cb02       ??YDName@@QAEAAV0@D@Z      1001db02 f   libvcruntime:undname.obj
 0001:0001cb52       ??YDName@@QAEAAV0@PAV0@@Z  1001db52 f   libvcruntime:undname.obj
 0001:0001cbb7       ??YDName@@QAEAAV0@PBD@Z    1001dbb7 f   libvcruntime:undname.obj
 0001:0001cc18       ??YDName@@QAEAAV0@W4DNameStatus@@@Z 1001dc18 f   libvcruntime:undname.obj
 0001:0001cc58       ??YReplicator@@QAEAAV0@ABVDName@@@Z 1001dc58 f   libvcruntime:undname.obj
 0001:0001cca2       ??_5DName@@QAEAAV0@ABV0@@Z 1001dca2 f   libvcruntime:undname.obj
 0001:0001ccbe       ?Constructor@_HeapManager@@QAEXP6APAXI@ZP6AXPAX@Z@Z 1001dcbe f i libvcruntime:undname.obj
 0001:0001ccdb       ?Destructor@_HeapManager@@QAEXXZ 1001dcdb f i libvcruntime:undname.obj
 0001:0001cd14       ?UScore@UnDecorator@@SAPBDW4Tokens@@@Z 1001dd14 f   libvcruntime:undname.obj
 0001:0001cd31       ?append@DName@@AAEXPAVDNameNode@@@Z 1001dd31 f   libvcruntime:undname.obj
 0001:0001cd77       ?composeDeclaration@UnDecorator@@CA?AVDName@@ABV2@@Z 1001dd77 f i libvcruntime:undname.obj
 0001:0001da99       ?doAccessSpecifiers@UnDecorator@@SAHXZ 1001ea99 f i libvcruntime:undname.obj
 0001:0001daa7       ?doAllocationLanguage@UnDecorator@@SAHXZ 1001eaa7 f i libvcruntime:undname.obj
 0001:0001dab5       ?doAllocationModel@UnDecorator@@SAHXZ 1001eab5 f i libvcruntime:undname.obj
 0001:0001dac3       ?doEcsu@UnDecorator@@SAHXZ 1001eac3 f i libvcruntime:undname.obj
 0001:0001dad1       ?doEllipsis@UnDecorator@@SAHXZ 1001ead1 f i libvcruntime:undname.obj
 0001:0001dadf       ?doFunctionReturns@UnDecorator@@SAHXZ 1001eadf f i libvcruntime:undname.obj
 0001:0001daed       ?doMSKeywords@UnDecorator@@SAHXZ 1001eaed f i libvcruntime:undname.obj
 0001:0001dafa       ?doMemberTypes@UnDecorator@@SAHXZ 1001eafa f i libvcruntime:undname.obj
 0001:0001db08       ?doNameOnly@UnDecorator@@SAHXZ 1001eb08 f i libvcruntime:undname.obj
 0001:0001db13       ?doNoIdentCharCheck@UnDecorator@@SAHXZ 1001eb13 f i libvcruntime:undname.obj
 0001:0001db1e       ?doPchar@DName@@AAEXPBDH@Z 1001eb1e f   libvcruntime:undname.obj
 0001:0001dba8       ?doPtr64@UnDecorator@@SAHXZ 1001eba8 f i libvcruntime:undname.obj
 0001:0001dbb6       ?doRestrictionSpec@UnDecorator@@SAHXZ 1001ebb6 f i libvcruntime:undname.obj
 0001:0001dbc4       ?doThisTypes@UnDecorator@@SAHXZ 1001ebc4 f i libvcruntime:undname.obj
 0001:0001dbd6       ?doThrowTypes@UnDecorator@@SAHXZ 1001ebd6 f i libvcruntime:undname.obj
 0001:0001dbe4       ?doTypeOnly@UnDecorator@@SAHXZ 1001ebe4 f i libvcruntime:undname.obj
 0001:0001dbef       ?doUnderScore@UnDecorator@@SAHXZ 1001ebef f i libvcruntime:undname.obj
 0001:0001dbfa       ?getArgumentList@UnDecorator@@CA?AVDName@@XZ 1001ebfa f   libvcruntime:undname.obj
 0001:0001dd06       ?getArgumentTypes@UnDecorator@@CA?AVDName@@XZ 1001ed06 f   libvcruntime:undname.obj
 0001:0001dde6       ?getArrayType@UnDecorator@@CA?AVDName@@ABV2@@Z 1001ede6 f i libvcruntime:undname.obj
 0001:0001dfe8       ?getBasedType@UnDecorator@@CA?AVDName@@XZ 1001efe8 f   libvcruntime:undname.obj
 0001:0001e081       ?getBasicDataType@UnDecorator@@CA?AVDName@@ABV2@@Z 1001f081 f   libvcruntime:undname.obj
 0001:0001e46c       ?getCallIndex@UnDecorator@@CA?AVDName@@XZ 1001f46c f i libvcruntime:undname.obj
 0001:0001e480       ?getCallingConvention@UnDecorator@@CA?AVDName@@XZ 1001f480 f   libvcruntime:undname.obj
 0001:0001e53f       ?getDataIndirectType@UnDecorator@@CA?AVDName@@ABV2@PBD0H@Z 1001f53f f   libvcruntime:undname.obj
 0001:0001eb61       ?getDataIndirectType@UnDecorator@@CA?AVDName@@XZ 1001fb61 f i libvcruntime:undname.obj
 0001:0001eb9a       ?getDataType@UnDecorator@@CA?AVDName@@PAV2@@Z 1001fb9a f   libvcruntime:undname.obj
 0001:0001ec6c       ?getDecoratedName@UnDecorator@@CA?AVDName@@XZ 1001fc6c f   libvcruntime:undname.obj
 0001:0001eeb8       ?getDimension@UnDecorator@@CA?AVDName@@_N@Z 1001feb8 f   libvcruntime:undname.obj
 0001:0001efef       ?getDispatchTarget@UnDecorator@@CA?AVDName@@XZ 1001ffef f   libvcruntime:undname.obj
 0001:0001f04a       ?getDisplacement@UnDecorator@@CA?AVDName@@XZ 1002004a f i libvcruntime:undname.obj
 0001:0001f05e       ?getECSUDataType@UnDecorator@@CA?AVDName@@XZ 1002005e f   libvcruntime:undname.obj
 0001:0001f17b       ?getECSUName@UnDecorator@@CA?AVDName@@XZ 1002017b f i libvcruntime:undname.obj
 0001:0001f18c       ?getEnumType@UnDecorator@@CA?AVDName@@XZ 1002018c f i libvcruntime:undname.obj
 0001:0001f278       ?getExtendedDataIndirectType@UnDecorator@@CA?AVDName@@AAPBDAA_NH@Z 10020278 f   libvcruntime:undname.obj
 0001:0001f421       ?getExternalDataType@UnDecorator@@CA?AVDName@@ABV2@@Z 10020421 f i libvcruntime:undname.obj
 0001:0001f49a       ?getFunctionIndirectType@UnDecorator@@CA?AVDName@@ABV2@@Z 1002049a f   libvcruntime:undname.obj
 0001:0001f8a3       ?getGuardNumber@UnDecorator@@CA?AVDName@@XZ 100208a3 f i libvcruntime:undname.obj
 0001:0001f8b7       ?getLastChar@DName@@QBEDXZ 100208b7 f i libvcruntime:undname.obj
 0001:0001f8d6       ?getLastChar@DNameStatusNode@@UBEDXZ 100208d6 f i libvcruntime:undname.obj
 0001:0001f8e2       ?getLastChar@charNode@@UBEDXZ 100208e2 f i libvcruntime:undname.obj
 0001:0001f8e6       ?getLastChar@pDNameNode@@UBEDXZ 100208e6 f i libvcruntime:undname.obj
 0001:0001f8f4       ?getLastChar@pairNode@@UBEDXZ 100208f4 f i libvcruntime:undname.obj
 0001:0001f927       ?getLastChar@pcharNode@@UBEDXZ 10020927 f i libvcruntime:undname.obj
 0001:0001f939       ?getLexicalFrame@UnDecorator@@CA?AVDName@@XZ 10020939 f i libvcruntime:undname.obj
 0001:0001f976       ?getMemory@_HeapManager@@QAEPAXIH@Z 10020976 f   libvcruntime:undname.obj
 0001:0001fa04       ?getNumberOfDimensions@UnDecorator@@CAHXZ 10020a04 f   libvcruntime:undname.obj
 0001:0001fa65       ?getOperatorName@UnDecorator@@CA?AVDName@@_NPA_N@Z 10020a65 f i libvcruntime:undname.obj
 0001:0002008b       ?getPointerType@UnDecorator@@CA?AVDName@@ABV2@0@Z 1002108b f i libvcruntime:undname.obj
 0001:000200a9       ?getPointerTypeArray@UnDecorator@@CA?AVDName@@ABV2@0@Z 100210a9 f i libvcruntime:undname.obj
 0001:000200c7       ?getPrimaryDataType@UnDecorator@@CA?AVDName@@ABV2@@Z 100210c7 f   libvcruntime:undname.obj
 0001:000202a2       ?getPtrRefDataType@UnDecorator@@CA?AVDName@@ABV2@H@Z 100212a2 f   libvcruntime:undname.obj
 0001:000203a4       ?getPtrRefType@UnDecorator@@CA?AVDName@@ABV2@0PBD@Z 100213a4 f   libvcruntime:undname.obj
 0001:000204a0       ?getReferenceType@UnDecorator@@CA?AVDName@@ABV2@0PBD@Z 100214a0 f i libvcruntime:undname.obj
 0001:000204bc       ?getRestrictionSpec@UnDecorator@@CA?AVDName@@XZ 100214bc f   libvcruntime:undname.obj
 0001:000205ae       ?getReturnType@UnDecorator@@CA?AVDName@@PAV2@@Z 100215ae f   libvcruntime:undname.obj
[...]
 0002:0000a8b8       __sehtable$??$?RV<lambda_5b71d36f03204c0beab531769a5b5694>@@AAV<lambda_be2b3da3f62db62e9dad5dc70221a656>@@V<lambda_8f9ce462984622f9bf76b59e2aaaf805>@@@?$__crt_seh_guarded_call@X@@QAEX$$QAV<lambda_5b71d36f03204c0beab531769a5b5694>@@AAV<lambda_be2b3da3f62db62e9dad5dc70221a656>@@$$QAV<lambda_8f9ce462984622f9bf76b59e2aaaf805>@@@Z 1005f8b8     libucrt:per_thread_data.obj
 0002:0000a8d8       __sehtable$_fputwc         1005f8d8     libucrt:fputwc.obj
 0002:0000a8f8       __sehtable$_fputc          1005f8f8     libucrt:fputc.obj
 0002:0000a918       __sehtable$__free_locale   1005f918     libucrt:wsetlocale.obj
 0002:0000a940       __sehtable$___acrt_uninitialize_locale 1005f940     libucrt:wsetlocale.obj
 0002:0000a960       __sehtable$??$?RV<lambda_76aaead6e312921abc834cb00a638bdd>@@AAV<lambda_176e34f99554166dd2fac165c457248c>@@V<lambda_998ee1c9f4290b119b936bcd6215875a>@@@?$__crt_seh_guarded_call@X@@QAEX$$QAV<lambda_76aaead6e312921abc834cb00a638bdd>@@AAV<lambda_176e34f99554166dd2fac165c457248c>@@$$QAV<lambda_998ee1c9f4290b119b936bcd6215875a>@@@Z 1005f960     libucrt:wsetlocale.obj
 0002:0000a980       __sehtable$??$?RV<lambda_c9469061b39d205f0f236529d4a41659>@@AAV<lambda_b7fb1a997d3ebc0cc0186c5835178808>@@V<lambda_14b92c79d699846b5cc916cd4cf280e4>@@@?$__crt_seh_guarded_call@X@@QAEX$$QAV<lambda_c9469061b39d205f0f236529d4a41659>@@AAV<lambda_b7fb1a997d3ebc0cc0186c5835178808>@@$$QAV<lambda_14b92c79d699846b5cc916cd4cf280e4>@@@Z 1005f980     libucrt:wsetlocale.obj
 0002:0000a9a0       __sehtable$??$?RV<lambda_70818de7b02deff9841e8b0962a60ed9>@@AAV<lambda_2af78c5f5901b1372d98f9ab3177dfa6>@@AAV<lambda_f51fe5fd7c79a33db34fc9310f277369>@@@?$__crt_seh_guarded_call@X@@QAEX$$QAV<lambda_70818de7b02deff9841e8b0962a60ed9>@@AAV<lambda_2af78c5f5901b1372d98f9ab3177dfa6>@@AAV<lambda_f51fe5fd7c79a33db34fc9310f277369>@@@Z 1005f9a0     libucrt:wsetlocale.obj
 0002:0000a9c0       __sehtable$??$?RV<lambda_c76fdea48760d5f9368b465f31df4405>@@AAV<lambda_e378711a6f6581bf7f0efd7cdf97f5d9>@@V<lambda_e927a58b2a85c081d733e8c6192ae2d2>@@@?$__crt_seh_guarded_call@X@@QAEX$$QAV<lambda_c76fdea48760d5f9368b465f31df4405>@@AAV<lambda_e378711a6f6581bf7f0efd7cdf97f5d9>@@$$QAV<lambda_e927a58b2a85c081d733e8c6192ae2d2>@@@Z 1005f9c0     libucrt:wsetlocale.obj
 0002:0000a9e0       __sehtable$___acrt_update_thread_multibyte_data 1005f9e0     libucrt:mbctype.obj
 0002:0000aa00       __sehtable$??$?RV<lambda_978dc153c237d78434369da87b74ff60>@@AAV<lambda_ad1ced32f4ac17aa236e5ef05d6b3b7c>@@V<lambda_4a8533e2866a575feecb8298ce776b0d>@@@?$__crt_seh_guarded_call@X@@QAEX$$QAV<lambda_978dc153c237d78434369da87b74ff60>@@AAV<lambda_ad1ced32f4ac17aa236e5ef05d6b3b7c>@@$$QAV<lambda_4a8533e2866a575feecb8298ce776b0d>@@@Z 1005fa00     libucrt:mbctype.obj
 0002:0000aa20       __sehtable$_signal         1005fa20     libucrt:signal.obj
 0002:0000aa40       __sehtable$_raise          1005fa40     libucrt:signal.obj
 0002:0000aa60       __sehtable$?ctrlevent_capture@@YGHK@Z 1005fa60     libucrt:signal.obj
 0002:0000aa80       __sehtable$??$?RV<lambda_a048d3beccc847880fc8490e18b82769>@@AAV<lambda_ec61778202f4f5fc7e7711acc23c3bca>@@V<lambda_f7496a158712204296dd6628a163878e>@@@?$__crt_seh_guarded_call@P6AXH@Z@@QAEP6AXH@Z$$QAV<lambda_a048d3beccc847880fc8490e18b82769>@@AAV<lambda_ec61778202f4f5fc7e7711acc23c3bca>@@$$QAV<lambda_f7496a158712204296dd6628a163878e>@@@Z 1005fa80     libucrt:signal.obj
 0002:0000aaa0       __sehtable$_fclose         1005faa0     libucrt:fclose.obj
 0002:0000aac0       __sehtable$??$?RV<lambda_61cee617f5178ae960314fd4d05640a0>@@AAV<lambda_6978c1fb23f02e42e1d9e99668cc68aa>@@V<lambda_9cd88cf8ad10232537feb2133f08c833>@@@?$__crt_seh_guarded_call@H@@QAEH$$QAV<lambda_61cee617f5178ae960314fd4d05640a0>@@AAV<lambda_6978c1fb23f02e42e1d9e99668cc68aa>@@$$QAV<lambda_9cd88cf8ad10232537feb2133f08c833>@@@Z 1005fac0     libucrt:commit.obj
 0002:0000aae0       __sehtable$__write         1005fae0     libucrt:write.obj
 0002:0000ab00       __sehtable$__open_osfhandle 1005fb00     libucrt:osfinfo.obj
 0002:0000ab20       __sehtable$__alloc_osfhnd  1005fb20     libucrt:osfinfo.obj
 0002:0000ab40       __sehtable$___acrt_lowio_ensure_fh_exists 1005fb40     libucrt:osfinfo.obj
 0002:0000ab60       __sehtable$___acrt_update_thread_locale_data 1005fb60     libucrt:locale_refcounting.obj
 0002:0000ab80       __sehtable$??$?RV<lambda_123407a5e2ac06da108355a851863b7a>@@AAV<lambda_2fe9b910cf3cbf4a0ab98a02ba45b3ec>@@V<lambda_ae55bdf541ad94d75914d381c370e64d>@@@?$__crt_seh_guarded_call@H@@QAEH$$QAV<lambda_123407a5e2ac06da108355a851863b7a>@@AAV<lambda_2fe9b910cf3cbf4a0ab98a02ba45b3ec>@@$$QAV<lambda_ae55bdf541ad94d75914d381c370e64d>@@@Z 1005fb80     libucrt:close.obj
 0002:0000aba0       __sehtable$?__acrt_stdio_allocate_stream@@YA?AV__crt_stdio_stream@@XZ 1005fba0     libucrt:stream.obj
 0002:0000abc0       __sehtable$??$common_lseek@J@@YAJHJH@Z 1005fbc0     libucrt:lseek.obj
 0002:0000abe0       __sehtable$??$common_lseek@_J@@YA_JH_JH@Z 1005fbe0     libucrt:lseek.obj
 0002:0000ac00       __sehtable$??$?RV<lambda_4980db0136e49a56f91ef52c46ca659a>@@AAV<lambda_6e3e78bb6855d1e4040e022c1b427e22>@@V<lambda_9c074eaf62197b4fd0274ed9e7824161>@@@?$__crt_seh_guarded_call@G@@QAEG$$QAV<lambda_4980db0136e49a56f91ef52c46ca659a>@@AAV<lambda_6e3e78bb6855d1e4040e022c1b427e22>@@$$QAV<lambda_9c074eaf62197b4fd0274ed9e7824161>@@@Z 1005fc00     libucrt:putwch.obj
 0002:0000ac20       __sehtable$__IsNonwritableInCurrentImage 1005fc20     LIBCMT:pesect.obj
 0002:0000bef0       .edata                     10060ef0     PhysX3Cooking_x86.exp
 0002:0000bf18       rgpv                       10060f18     PhysX3Cooking_x86.exp
 0002:0000bf20       rgszName                   10060f20     PhysX3Cooking_x86.exp
 0002:0000bf28       rgwOrd                     10060f28     PhysX3Cooking_x86.exp
 0002:0000bf2c       szName                     10060f2c     PhysX3Cooking_x86.exp
 0002:0000bf42       $N00001                    10060f42     PhysX3Cooking_x86.exp
 0002:0000bf52       $N00002                    10060f52     PhysX3Cooking_x86.exp
 0002:0000c132       .idata$6                   10061132     kernel32:KERNEL32.dll
 0002:0000c76c       .idata$6                   1006176c     advapi32:ADVAPI32.dll
 0003:00000004       ?physXCommonDebugx64@shdfnd@physx@@3PBDB 10062004     WindowsCookingDelayLoadHook.obj
 0003:00000008       ?physXCommonCheckedx64@shdfnd@physx@@3PBDB 10062008     WindowsCookingDelayLoadHook.obj
 0003:0000000c       ?physXCommonProfilex64@shdfnd@physx@@3PBDB 1006200c     WindowsCookingDelayLoadHook.obj
 0003:00000010       ?physXCommonReleasex64@shdfnd@physx@@3PBDB 10062010     WindowsCookingDelayLoadHook.obj
 0003:00000014       ?physXCommonDebugx86@shdfnd@physx@@3PBDB 10062014     WindowsCookingDelayLoadHook.obj
 0003:00000018       ?physXCommonCheckedx86@shdfnd@physx@@3PBDB 10062018     WindowsCookingDelayLoadHook.obj
 0003:0000001c       ?physXCommonProfilex86@shdfnd@physx@@3PBDB 1006201c     WindowsCookingDelayLoadHook.obj
 0003:00000020       ?physXCommonReleasex86@shdfnd@physx@@3PBDB 10062020     WindowsCookingDelayLoadHook.obj
 0003:00000024       ?physXCommonDebugARM@shdfnd@physx@@3PBDB 10062024     WindowsCookingDelayLoadHook.obj
 0003:00000028       ?physXCommonCheckedARM@shdfnd@physx@@3PBDB 10062028     WindowsCookingDelayLoadHook.obj
 0003:0000002c       ?physXCommonProfileARM@shdfnd@physx@@3PBDB 1006202c     WindowsCookingDelayLoadHook.obj
 0003:00000030       ?physXCommonReleaseARM@shdfnd@physx@@3PBDB 10062030     WindowsCookingDelayLoadHook.obj
 0003:00000038       ?er@?1??neib@Tri@physx@@QAEAAHHH@Z@4HA 10062038     hulllib.obj
 0003:00000060       ?_Tlg_Microsoft_CRTProviderProv@@3U_TlgProvider_t@__vcrt_trace_logging_provider@@A 10062060     libvcruntime:telemetry.obj
 0003:000000a0       ?__vcrt_flsindex@@3KA      100620a0     libvcruntime:per_thread_data.obj
 0003:00000168       ?global_msvcrt_heap_handle_cache@?1??__acrt_get_msvcrt_heap_handle@@9@4PAXA 10062168     libucrt:free_base.obj
 0003:00000170       ?__DAZ_ENABLED@?1??__set_fpsr_sse2@@9@9 10062170     libucrt:fpctrl.obj
 0003:00000174       _errno_no_memory           10062174     libucrt:errno.obj
 0003:00000178       _doserrno_no_memory        10062178     libucrt:errno.obj
 0003:000001b0       ___acrt_flsindex           100621b0     libucrt:per_thread_data.obj
 0003:000001b4       __ctype_loc_style          100621b4     libucrt:wsetlocale.obj
 0003:00000290       ___rgctypeflag             10062290     libucrt:mbctype.obj
 0003:00000298       ___rgcode_page_info        10062298     libucrt:mbctype.obj
 0003:00000d30       ?gDelayLoadHook@@3PBVPxDelayLoadHook@physx@@B 10062d30     WindowsCookingDelayLoadHook.obj
 0003:00000d40       ?maxV3Error@_VecMathTests@aos@shdfnd@physx@@3T__m128@@B 10062d40     RTreeCooking.obj
 0003:00000d50       ?minFError@_VecMathTests@aos@shdfnd@physx@@3T__m128@@B 10062d50     RTreeCooking.obj
 0003:00000d60       ?maxV4Error@_VecMathTests@aos@shdfnd@physx@@3T__m128@@B 10062d60     RTreeCooking.obj
 0003:00000d70       ?minV4Error@_VecMathTests@aos@shdfnd@physx@@3T__m128@@B 10062d70     RTreeCooking.obj
 0003:00000d80       ?minV3Error@_VecMathTests@aos@shdfnd@physx@@3T__m128@@B 10062d80     RTreeCooking.obj
 0003:00000d90       ?maxFError@_VecMathTests@aos@shdfnd@physx@@3T__m128@@B 10062d90     RTreeCooking.obj
 0003:00000da0       ?maxV3Error@_VecMathTests@aos@shdfnd@physx@@3T__m128@@B 10062da0     TriangleMeshBuilder.obj
 0003:00000db0       ?minFError@_VecMathTests@aos@shdfnd@physx@@3T__m128@@B 10062db0     TriangleMeshBuilder.obj
 0003:00000dc0       ?maxV4Error@_VecMathTests@aos@shdfnd@physx@@3T__m128@@B 10062dc0     TriangleMeshBuilder.obj
 0003:00000dd0       ?minV4Error@_VecMathTests@aos@shdfnd@physx@@3T__m128@@B 10062dd0     TriangleMeshBuilder.obj
 0003:00000de0       ?minV3Error@_VecMathTests@aos@shdfnd@physx@@3T__m128@@B 10062de0     TriangleMeshBuilder.obj
 0003:00000df0       ?maxFError@_VecMathTests@aos@shdfnd@physx@@3T__m128@@B 10062df0     TriangleMeshBuilder.obj
 0003:00000e00       ?maxV3Error@_VecMathTests@aos@shdfnd@physx@@3T__m128@@B 10062e00     ConvexMeshBuilder.obj
 0003:00000e10       ?minFError@_VecMathTests@aos@shdfnd@physx@@3T__m128@@B 10062e10     ConvexMeshBuilder.obj
 0003:00000e20       ?maxV4Error@_VecMathTests@aos@shdfnd@physx@@3T__m128@@B 10062e20     ConvexMeshBuilder.obj
 0003:00000e30       ?minV4Error@_VecMathTests@aos@shdfnd@physx@@3T__m128@@B 10062e30     ConvexMeshBuilder.obj
 0003:00000e40       ?minV3Error@_VecMathTests@aos@shdfnd@physx@@3T__m128@@B 10062e40     ConvexMeshBuilder.obj
 0003:00000e50       ?maxFError@_VecMathTests@aos@shdfnd@physx@@3T__m128@@B 10062e50     ConvexMeshBuilder.obj
 0003:00000e98       ?__proc_attached@@3HA      10062e98     LIBCMT:dll_dllmain.obj
 0003:00000ea4       ?module_local_atexit_table@@3U_onexit_table_t@@A 10062ea4     LIBCMT:utility.obj
 0003:00000eb0       ?module_local_at_quick_exit_table@@3U_onexit_table_t@@A 10062eb0     LIBCMT:utility.obj
 0003:00000ebc       ?is_initialized_as_dll@@3_NA 10062ebc     LIBCMT:utility.obj
 0003:00000ed0       _GS_ExceptionRecord        10062ed0     LIBCMT:gs_report.obj
 0003:00000f20       _GS_ContextRecord          10062f20     LIBCMT:gs_report.obj
 0003:0000121c       ?heap@@3V_HeapManager@@A   1006321c     libvcruntime:undname.obj
 0003:00001268       ?module_handles@@3PAPAUHINSTANCE__@@A 10063268     libvcruntime:winapi_downlevel.obj
 0003:00001278       ?encoded_function_pointers@@3PAPAXA 10063278     libvcruntime:winapi_downlevel.obj
 0003:0000129c       ?__vcrt_startup_thread_ptd@@3U__vcrt_ptd@@A 1006329c     libvcruntime:per_thread_data.obj
 0003:000012c4       ___vcrt_lock_table         100632c4     libvcruntime:locks.obj
 0003:000012dc       ___vcrt_locks_initialized  100632dc     libvcruntime:locks.obj
 0003:000012ec       ___acrt_new_handler        100632ec     libucrt:new_handler.obj
 0003:000012f0       _c_termination_complete    100632f0     libucrt:exit.obj
 0003:000012f4       _thread_local_exit_callback_func 100632f4     libucrt:exit.obj
 0003:000012f8       ?c_exit_complete@?5??common_exit@@YAXHW4_crt_exit_cleanup_mode@@W4_crt_exit_return_mode@@@Z@4_NA 100632f8     libucrt:exit.obj
 0003:00001324       ___acrt_invalid_parameter_handler 10063324     libucrt:invalid_parameter.obj
 0003:00001328       _module_handles            10063328     libucrt:winapi_thunks.obj
 0003:00001378       _encoded_function_pointers 10063378     libucrt:winapi_thunks.obj
 0003:000013f8       ?static_enum_proc@?1??enum_system_locales_ex_nolock@@YAHQ6GHPA_WKJ@Z@Z@4P6GH0KJ@ZA 100633f8     libucrt:winapi_thunks.obj
 0003:000013fc       ?state_cache@?1??__acrt_is_packaged_app@@9@4JA 100633fc     libucrt:winapi_thunks.obj
 0003:00001604       _enable_percent_n          10063604     libucrt:printf_count_output.obj
 0003:00001618       _user_matherr              10063618     libucrt:matherr.obj
 0003:00001620       ___acrt_lock_table         10063620     libucrt:locks.obj
 0003:00001758       ___acrt_locks_initialized  10063758     libucrt:locks.obj
 0003:00001774       _fSystemSet                10063774     libucrt:mbctype.obj
 0003:00001778       ?initialized@?1??__acrt_initialize_multibyte@@9@4_NA 10063778     libucrt:mbctype.obj
 0003:0000179c       _console_ctrl_handler_installed 1006379c     libucrt:signal.obj
 0003:000017a0       _ctrlc_action              100637a0     libucrt:signal.obj
 0003:000017a4       _ctrlbreak_action          100637a4     libucrt:signal.obj
 0003:000017a8       _abort_action              100637a8     libucrt:signal.obj
 0003:000017ac       _term_action               100637ac     libucrt:signal.obj
 0003:000017b0       ___acrt_global_new_mode    100637b0     libucrt:new_mode.obj
 0003:000017c0       ___acrt_app_type           100637c0     libucrt:report_runtime_error.obj
 0003:000017c8       ?outmsg@?9??__acrt_report_runtime_error@@9@4PA_WA 100637c8     libucrt:report_runtime_error.obj
 0003:00001df0       ___acrt_error_mode         10063df0     libucrt:set_error_mode.obj
 0003:00001df4       __pmatherr_set             10063df4     libucrt:libm_error.obj
 0004:00000000       __guard_fids____dcrt_uninitialize_environments_nolock 10064000     libucrt:environment_initialization.obj
 0004:00000008       __guard_fids__             10064008     libucrt:initialization.obj
 0004:00000068       __guard_fids__set_terminate 10064068     libucrt:terminate.obj
 0004:0000006c       __guard_fids___get_terminate 1006406c     libucrt:terminate.obj
 0004:00000070       __guard_fids_?get_terminate_or_default@@YAP6AXXZQBU__acrt_ptd@@@Z 10064070     libucrt:terminate.obj
 0004:00000074       __guard_fids__             10064074     libucrt:stdio_initializer.obj
 0004:00000078       __guard_fids__             10064078     libucrt:stdio_initializer.obj
 0004:0000007c       __guard_fids_?enum_system_locales_ex_nolock@@YAHQ6GHPA_WKJ@Z@Z 1006407c     libucrt:winapi_thunks.obj
 0004:00000080       __guard_fids_??B<lambda_5a01b672d24c8480ee9d6bdb50dd3881>@@QBEP6GHPA_W@ZXZ 10064080     libucrt:winapi_thunks.obj
 0004:00000084       __guard_fids_??R<lambda_a463b7b0560cfcaf9b17f27c6ef46564>@@QBEHXZ 10064084     libucrt:winapi_thunks.obj
 0004:00000088       __guard_fids_??$?RV<lambda_9227be29367c048ad7fd93a717dcb1a1>@@AAV<lambda_a463b7b0560cfcaf9b17f27c6ef46564>@@V<lambda_ccea11b5727ccf69be64f5f5d9a08d9f>@@@?$__crt_seh_guarded_call@H@@QAEH$$QAV<lambda_9227be29367c048ad7fd93a717dcb1a1>@@AAV<lambda_a463b7b0560cfcaf9b17f27c6ef46564>@@$$QAV<lambda_ccea11b5727ccf69be64f5f5d9a08d9f>@@@Z 10064088     libucrt:winapi_thunks.obj
 0004:0000008c       __guard_fids____acrt_initialize_ptd 1006408c     libucrt:per_thread_data.obj
 0004:00000090       __guard_fids__             10064090     libucrt:wsetlocale.obj
 0004:000000a8       __guard_fids__signal       100640a8     libucrt:signal.obj
 0004:000000ac       __guard_fids__             100640ac     libucrt:locale_initializer.obj
 0004:000000b0       __guard_fids__GetLocaleNameFromLangCountry 100640b0     libucrt:get_qualified_locale.obj
 0004:000000b4       __guard_fids__GetLocaleNameFromLanguage 100640b4     libucrt:get_qualified_locale.obj
 0004:000000b8       __guard_fids__GetLcidFromLangCountry 100640b8     libucrt:getqloc_downlevel.obj
 0004:000000bc       __guard_fids__GetLcidFromLanguage 100640bc     libucrt:getqloc_downlevel.obj
 0004:000000c0       __guard_fids__GetLcidFromCountry 100640c0     libucrt:getqloc_downlevel.obj
 0004:000000c4       __guard_fids__             100640c4     libucrt:multibyte_initializer.obj
 0004:000000c8       __guard_fids__             100640c8     libucrt:sse2_initializer.obj
 0004:000000cc       __guard_fids_??$common_show_message_box@D@@YAHQBD0I@Z 100640cc     libucrt:crtmbox.obj
 0004:000000d0       __guard_fids_??$common_show_message_box@_W@@YAHQB_W0I@Z 100640d0     libucrt:crtmbox.obj
 0004:000000d4       __guard_fids____libm_error_support 100640d4     libucrt:libm_error.obj
 0004:000000d8       __guard_fids__             100640d8     libucrt:console_output_initializer.obj
 0004:000000dc       __guard_fids__             100640dc     LIBCMT:std_type_info_static.obj
 0004:000000e0       __guard_fids_?dllmain_crt_process_attach@@YAHQAUHINSTANCE__@@QAX@Z 100640e0     LIBCMT:dll_dllmain.obj
 0004:000000e8       __guard_fids_?dllmain_dispatch@@YAHQAUHINSTANCE__@@KQAX@Z 100640e8     LIBCMT:dll_dllmain.obj
 0004:000000ec       __guard_fids__             100640ec     LIBCMT:guard_support.obj
 0004:000000f0       __guard_fids___guard_icall_checks_enforced 100640f0     LIBCMT:guard_support.obj
 0004:000000f4       __guard_fids____scrt_set_unhandled_exception_filter 100640f4     LIBCMT:utility_desktop.obj
 0004:000000f8       __guard_fids__             100640f8     LIBCMT:throw_bad_alloc.obj
 0004:00000100       __guard_fids__             10064100     LIBCMT:throw_bad_alloc.obj
 0004:00000108       __guard_fids__             10064108     LIBCMT:throw_bad_alloc.obj
 0004:00000110       __guard_fids__             10064110     LIBCMT:throw_bad_alloc.obj
 0004:00000114       __guard_fids__             10064114     LIBCMT:throw_bad_alloc.obj
 0004:00000118       __guard_fids__             10064118     LIBCMT:throw_bad_alloc.obj
 0004:0000011c       __guard_fids__             1006411c     LIBCMT:throw_bad_alloc.obj
 0004:00000120       __guard_fids__             10064120     LIBCMT:throw_bad_alloc.obj
 0004:00000124       __guard_fids____std_type_info_name 10064124     libvcruntime:std_type_info.obj
 0004:0000012c       __guard_fids_??B<lambda_e0128dce7362637f77e3b418282c6919>@@QBEP6APAXI@ZXZ 1006412c     libvcruntime:std_type_info.obj
 0004:00000130       __guard_fids_??B<lambda_c4560dd375471d1680776ed19953e709>@@QBEP6AXQAX@ZXZ 10064130     libvcruntime:std_type_info.obj
 0004:00000134       __guard_fids__             10064134     libvcruntime:telemetry.obj
 0004:00000138       __guard_fids_?TraceLoggingRegister@__vcrt_trace_logging_provider@@YAJPBU_TlgProvider_t@1@PBU_GUID@@P6GX1KE_K2PAU_EVENT_FILTER_DESCRIPTOR@@PAX@Z4@Z 10064138     libvcruntime:telemetry.obj
 0004:0000013c       __guard_fids__             1006413c     libvcruntime:undname.obj
 0004:00000148       __guard_fids__             10064148     libvcruntime:undname.obj
 0004:00000154       __guard_fids__             10064154     libvcruntime:undname.obj
 0004:00000160       __guard_fids__             10064160     libvcruntime:undname.obj
 0004:0000016c       __guard_fids__             1006416c     libvcruntime:undname.obj
 0004:00000178       __guard_fids__             10064178     libvcruntime:undname.obj
 0004:00000184       __guard_fids____vcrt_initialize_ptd 10064184     libvcruntime:per_thread_data.obj
 0005:000000a0       $R000000                   100650a0     PhysX3Cooking.res
 0005:000003d8       $R000338                   100653d8     PhysX3Cooking.res
